D/batterystats( 1137): PowerFireWall getUidWakeLock uid: 10013 wltime: 0
D/batterystats( 1137): PowerFireWall getUidWakeLock uid: 10014 wltime: 0
D/batterystats( 1137): PowerFireWall getUidWakeLock uid: 10015 wltime: 0
D/batterystats( 1137): PowerFireWall getUidWakeLock uid: 10018 wltime: 0
D/batterystats( 1137): PowerFireWall getUidWakeLock uid: 10019 wltime: 0
D/batterystats( 1137): PowerFireWall getUidWakeLock uid: 10022 wltime: 0
D/batterystats( 1137): PowerFireWall getUidWakeLock uid: 10023 wltime: 0
D/batterystats( 1137): PowerFireWall getUidWakeLock uid: 10026 wltime: 0
D/batterystats( 1137): PowerFireWall getUidWakeLock uid: 10032 wltime: 0
D/batterystats( 1137): PowerFireWall getUidWakeLock uid: 10033 wltime: 0
D/batterystats( 1137): PowerFireWall getUidWakeLock uid: 10037 wltime: 0
D/batterystats( 1137): PowerFireWall getUidWakeLock uid: 10038 wltime: 0
D/batterystats( 1137): PowerFireWall getUidWakeLock uid: 10039 wltime: 0
D/batterystats( 1137): PowerFireWall getUidWakeLock uid: 10040 wltime: 0
D/batterystats( 1137): PowerFireWall getUidWakeLock uid: 10041 wltime: 0
D/batterystats( 1137): PowerFireWall getUidWakeLock uid: 10043 wltime: 0
D/batterystats( 1137): PowerFireWall getUidWakeLock uid: 10046 wltime: 0
D/batterystats( 1137): PowerFireWall getUidWakeLock uid: 10047 wltime: 0
D/batterystats( 1137): PowerFireWall getUidWakeLock uid: 10048 wltime: 0
D/batterystats( 1137): PowerFireWall getUidWakeLock uid: 10049 wltime: 0
D/batterystats( 1137): PowerFireWall getUidWakeLock uid: 10052 wltime: 0
D/batterystats( 1137): PowerFireWall getUidWakeLock uid: 10053 wltime: 0
D/batterystats( 1137): PowerFireWall getUidWakeLock uid: 10055 wltime: 0
D/batterystats( 1137): PowerFireWall getUidWakeLock uid: 10060 wltime: 0
D/batterystats( 1137): PowerFireWall getUidWakeLock uid: 10063 wltime: 0
D/batterystats( 1137): PowerFireWall getUidWakeLock uid: 10064 wltime: 0
D/batterystats( 1137): PowerFireWall getUidWakeLock uid: 10065 wltime: 0
D/batterystats( 1137): PowerFireWall getUidWakeLock uid: 10067 wltime: 0
D/batterystats( 1137): PowerFireWall getUidWakeLock uid: 10074 wltime: 0
D/batterystats( 1137): PowerFireWall getUidWakeLock uid: 10075 wltime: 0
D/batterystats( 1137): PowerFireWall getUidWakeLock uid: 10076 wltime: 0
D/batterystats( 1137): PowerFireWall getUidWakeLock uid: 10078 wltime: 0
D/batterystats( 1137): PowerFireWall getUidWakeLock uid: 10080 wltime: 0
D/batterystats( 1137): PowerFireWall getUidWakeLock uid: 10081 wltime: 0
D/batterystats( 1137): PowerFireWall getUidWakeLock uid: 10085 wltime: 0
D/batterystats( 1137): PowerFireWall getUidWakeLock uid: 10086 wltime: 0
D/batterystats( 1137): PowerFireWall getUidWakeLock uid: 10090 wltime: 0
D/batterystats( 1137): PowerFireWall getUidWakeLock uid: 10097 wltime: 0
D/batterystats( 1137): PowerFireWall getUidWakeLock uid: 10102 wltime: 0
D/batterystats( 1137): PowerFireWall getUidWakeLock uid: 10103 wltime: 0
D/batterystats( 1137): PowerFireWall getUidWakeLock uid: 10104 wltime: 0
D/batterystats( 1137): PowerFireWall getUidWakeLock uid: 10105 wltime: 0
D/batterystats( 1137): PowerFireWall getUidWakeLock uid: 10107 wltime: 0
D/batterystats( 1137): PowerFireWall getUidWakeLock uid: 10108 wltime: 0
D/batterystats( 1137): PowerFireWall getUidWakeLock uid: 10110 wltime: 0
D/batterystats( 1137): PowerFireWall getUidWakeLock uid: 10111 wltime: 0
D/batterystats( 1137): PowerFireWall getUidWakeLock uid: 10112 wltime: 0
D/batterystats( 1137): PowerFireWall getUidWakeLock uid: 10113 wltime: 0
D/batterystats( 1137): PowerFireWall getUidWakeLock uid: 10114 wltime: 0
D/batterystats( 1137): PowerFireWall getUidWakeLock uid: 10116 wltime: 11
D/batterystats( 1137): PowerFireWall getUidWakeLock uid: 10116 wltime >= 10 mins
D/batterystats( 1137): PowerFireWall getUidWakeLock uid: 10117 wltime: 0
D/batterystats( 1137): PowerFireWall getUidWakeLock uid: 10125 wltime: 0
D/batterystats( 1137): PowerFireWall getUidWakeLock uid: 10127 wltime: 0
D/batterystats( 1137): PowerFireWall getUidWakeLock uid: 10128 wltime: 0
D/batterystats( 1137): PowerFireWall getUidWakeLock uid: 10129 wltime: 0
D/batterystats( 1137): PowerFireWall getUidWakeLock uid: 10130 wltime: 0
D/batterystats( 1137): PowerFireWall getUidWakeLock uid: 50080 wltime: 0
D/batterystats( 1137): PowerFireWall getUidWakeLock uid: 50081 wltime: 0
D/batterystats( 1137): PowerFireWall getUidWakeLock uid: 50085 wltime: 0
D/batterystats( 1137): PowerFireWall getUidWakeLock uid: 50116 wltime: 0
W/ActivityManager( 1137): getTasks: caller 10112 does not hold REAL_GET_TASKS; limiting output
W/ActivityManager( 1137): getTasks: caller 10112 does not hold REAL_GET_TASKS; limiting output
W/ActivityManager( 1137): getTasks: caller 10112 does not hold REAL_GET_TASKS; limiting output
D/UTAnalytics:CleanTask( 7563): pid:7563 clean TimeoutEvent,
W/PhoneInterfaceManager( 2166): shouldBlockLocation running ...
I/HwSystemManager( 1838): HoldService:callUid: 10111 notificationType: false
I/HwSystemManager( 1838): HoldService:pkgName[0]: com.sina.weibo identity: 4299262265462
D/StubController( 2166): holdAndGetPermissionType permissionType:8 uid:10111 pid:7563
D/StubController( 2166): addRequestCount, mRequestCount =1 mPhoneIDRequestCount: 0 mLocationRequestCount: 1 permissionType is: 8
D/StubController( 2166): holdForGetPermissionSelection  mRequestCount:1
D/HwActivityManagerService( 1137): handleANRFilterFIFO,uid = 10111cmd = 0
I/HwSystemManager( 1838): HoldService:checkBeforeShowDialog: uid:10111 pid:7563, permissionType:8
I/HwSystemManager( 1838): OverseaCfgHelper:permissionStatus is 0
I/HwSystemManager( 1838): ShareLib:pkgNameList:1
I/HwSystemManager( 1838): ShareLib:getApplication pkgName:com.sina.weibo
I/HwSystemManager( 1838): ShareLib:getAppInfo the final pkgName:com.sina.weibo
I/HwSystemManager( 1838): ShareLib:getAppInfo time consume:13
I/HwSystemManager( 1838): ShareLib:getAppInfoByUidAndPid time consume:16
I/HwSystemManager( 1838): HoldService:preHoldShow start!
I/HwSystemManager( 1838): HoldService:The prePermissionType is: 2
I/HwSystemManager( 1838): PermissionDbVisitor:insertHistoryRecord:HistoryRecord[packageName:com.sina.weibo,permissionType:8,action:10,dateStartTime:1479744000000,timeStamp:1479805354753]
I/HwSystemManager( 1838): HoldService:showNotificationWhenBlocked uid:10111 pid:7563 pkgName:com.sina.weibo permissionType:8
I/HwSystemManager( 1838): HoldService:showToastWhenBlocked permissionTypeList:false
I/HwSystemManager( 1838): HoldService:permissionTypeList contains permissiontype
D/StubController( 2166): beforeShowDialogCheckResult:2
D/StubController( 2166): minusRequestCount, mRequestCount =0 mPhoneIDRequestCount: 0 mLocationRequestCount: 0 permissionType is: 8
D/HwActivityManagerService( 1137): handleANRFilterFIFO,uid = 10111cmd = 1
I/PhoneInterfaceManager( 2166): shouldBlockLocation  ret:true
D/PhoneInterfaceManager( 2166): getCellLocation is blocked by permission manager uid:10111 pid:7563
W/PhoneInterfaceManager( 2166): shouldBlockLocation running ...
I/HwSystemManager( 1838): HoldService:callUid: 10111 notificationType: false
I/HwSystemManager( 1838): HoldService:pkgName[0]: com.sina.weibo identity: 4299262265462
D/StubController( 2166): holdAndGetPermissionType permissionType:8 uid:10111 pid:7563
D/StubController( 2166): addRequestCount, mRequestCount =1 mPhoneIDRequestCount: 0 mLocationRequestCount: 1 permissionType is: 8
D/StubController( 2166): holdForGetPermissionSelection  mRequestCount:1
D/HwActivityManagerService( 1137): handleANRFilterFIFO,uid = 10111cmd = 0
I/HwSystemManager( 1838): HoldService:checkBeforeShowDialog: uid:10111 pid:7563, permissionType:8
I/HwSystemManager( 1838): OverseaCfgHelper:permissionStatus is 0
I/HwSystemManager( 1838): ShareLib:pkgNameList:1
I/HwSystemManager( 1838): ShareLib:getApplication pkgName:com.sina.weibo
I/HwSystemManager( 1838): ShareLib:getAppInfo the final pkgName:com.sina.weibo
I/HwSystemManager( 1838): ShareLib:getAppInfo time consume:1
I/HwSystemManager( 1838): ShareLib:getAppInfoByUidAndPid time consume:5
I/HwSystemManager( 1838): HoldService:preHoldShow start!
I/HwSystemManager( 1838): HoldService:The prePermissionType is: 2
I/HwSystemManager( 1838): PermissionDbVisitor:insertHistoryRecord:HistoryRecord[packageName:com.sina.weibo,permissionType:8,action:10,dateStartTime:1479744000000,timeStamp:1479805354796]
I/HwSystemManager( 1838): HoldService:showNotificationWhenBlocked uid:10111 pid:7563 pkgName:com.sina.weibo permissionType:8
I/HwSystemManager( 1838): HoldService:showToastWhenBlocked permissionTypeList:false
I/HwSystemManager( 1838): HoldService:permissionTypeList contains permissiontype
D/StubController( 2166): beforeShowDialogCheckResult:2
D/StubController( 2166): minusRequestCount, mRequestCount =0 mPhoneIDRequestCount: 0 mLocationRequestCount: 0 permissionType is: 8
D/HwActivityManagerService( 1137): handleANRFilterFIFO,uid = 10111cmd = 1
I/PhoneInterfaceManager( 2166): shouldBlockLocation  ret:true
D/PhoneInterfaceManager( 2166): getCellLocation is blocked by permission manager uid:10111 pid:7563
V/AudioManager( 7563): getMode...
V/AudioManager( 7563): getRingerMode...
V/AudioManager( 7563): isMusicActive...
V/AudioManager( 7563): isSpeakerphoneOn...
W/System.err( 2166): java.lang.SecurityException: No permission to write APN settings
W/System.err( 2166): 	at com.android.providers.telephony.TpProviderHw.checkPermission(TpProviderHw.java:1250)
W/System.err( 2166): 	at com.android.providers.telephony.TpProviderHw.query(TpProviderHw.java:585)
W/System.err( 2166): 	at com.android.providers.telephony.TpProviderHw.query(TpProviderHw.java:374)
W/System.err( 2166): 	at com.android.providers.telephony.TelephonyProvider.query(TelephonyProvider.java:69)
W/System.err( 2166): 	at android.content.ContentProvider.query(ContentProvider.java:966)
W/System.err( 2166): 	at android.content.ContentProvider$Transport.query(ContentProvider.java:211)
W/System.err( 2166): 	at android.content.ContentProviderNative.onTransact(ContentProviderNative.java:112)
W/System.err( 2166): 	at android.os.Binder.execTransact(Binder.java:452)
E/DatabaseUtils( 2166): Writing exception to parcel
E/DatabaseUtils( 2166): java.lang.SecurityException: No permission to write APN settings
E/DatabaseUtils( 2166): 	at com.android.providers.telephony.TpProviderHw.checkPermission(TpProviderHw.java:1250)
E/DatabaseUtils( 2166): 	at com.android.providers.telephony.TpProviderHw.query(TpProviderHw.java:585)
E/DatabaseUtils( 2166): 	at com.android.providers.telephony.TpProviderHw.query(TpProviderHw.java:374)
E/DatabaseUtils( 2166): 	at com.android.providers.telephony.TelephonyProvider.query(TelephonyProvider.java:69)
E/DatabaseUtils( 2166): 	at android.content.ContentProvider.query(ContentProvider.java:966)
E/DatabaseUtils( 2166): 	at android.content.ContentProvider$Transport.query(ContentProvider.java:211)
E/DatabaseUtils( 2166): 	at android.content.ContentProviderNative.onTransact(ContentProviderNative.java:112)
E/DatabaseUtils( 2166): 	at android.os.Binder.execTransact(Binder.java:452)
W/System.err( 2166): java.lang.SecurityException: No permission to write APN settings
W/System.err( 2166): 	at com.android.providers.telephony.TpProviderHw.checkPermission(TpProviderHw.java:1250)
W/System.err( 2166): 	at com.android.providers.telephony.TpProviderHw.query(TpProviderHw.java:585)
W/System.err( 2166): 	at com.android.providers.telephony.TpProviderHw.query(TpProviderHw.java:374)
W/System.err( 2166): 	at com.android.providers.telephony.TelephonyProvider.query(TelephonyProvider.java:69)
W/System.err( 2166): 	at android.content.ContentProvider.query(ContentProvider.java:966)
W/System.err( 2166): 	at android.content.ContentProvider$Transport.query(ContentProvider.java:211)
W/System.err( 2166): 	at android.content.ContentProviderNative.onTransact(ContentProviderNative.java:112)
W/System.err( 2166): 	at android.os.Binder.execTransact(Binder.java:452)
E/DatabaseUtils( 2166): Writing exception to parcel
E/DatabaseUtils( 2166): java.lang.SecurityException: No permission to write APN settings
E/DatabaseUtils( 2166): 	at com.android.providers.telephony.TpProviderHw.checkPermission(TpProviderHw.java:1250)
E/DatabaseUtils( 2166): 	at com.android.providers.telephony.TpProviderHw.query(TpProviderHw.java:585)
E/DatabaseUtils( 2166): 	at com.android.providers.telephony.TpProviderHw.query(TpProviderHw.java:374)
E/DatabaseUtils( 2166): 	at com.android.providers.telephony.TelephonyProvider.query(TelephonyProvider.java:69)
E/DatabaseUtils( 2166): 	at android.content.ContentProvider.query(ContentProvider.java:966)
E/DatabaseUtils( 2166): 	at android.content.ContentProvider$Transport.query(ContentProvider.java:211)
E/DatabaseUtils( 2166): 	at android.content.ContentProviderNative.onTransact(ContentProviderNative.java:112)
E/DatabaseUtils( 2166): 	at android.os.Binder.execTransact(Binder.java:452)
W/ActivityManager( 1137): getTasks: caller 10111 does not hold REAL_GET_TASKS; limiting output
D/UTAnalytics:LogStoreMgr( 7563): pid:7563 [store],
D/UTAnalytics:UTSqliteLogStore( 7563): pid:7563 sql:SELECT * FROM log ORDER BY time ASC  LIMIT 350,
D/UTAnalytics:LogStoreMgr( 7563): pid:7563 [get],[],
W/ActivityManager( 1137): getRunningAppProcesses: caller 10111 does not hold REAL_GET_TASKS; limiting output
D/UTAnalytics:UploadEngine( 7563): pid:7563 UTDC.bBackground:true,AppInfoUtil.isForeground(UTDC.getContext()) ,false,
D/UTAnalytics:UploadTask( 7563): pid:7563 mPeriod:300000,
W/ActivityManager( 1137): getRunningAppProcesses: caller 10111 does not hold REAL_GET_TASKS; limiting output
W/ActivityManager( 1137): getTasks: caller 10112 does not hold REAL_GET_TASKS; limiting output
V/AudioManager( 1137): isMusicActive...
V/AudioManager( 1137): isWiredHeadsetOn...
W/ActivityManager( 1137): getTasks: caller 10112 does not hold REAL_GET_TASKS; limiting output
W/ActivityManager( 1137): getTasks: caller 10112 does not hold REAL_GET_TASKS; limiting output
W/ActivityManager( 1137): getTasks: caller 10112 does not hold REAL_GET_TASKS; limiting output
I/MobileQQCloseServiceReceiver(31668): receive broadcast close all service
W/ActivityManager( 1137): getTasks: caller 10112 does not hold REAL_GET_TASKS; limiting output
V/AudioManager( 1137): isMusicActive...
V/AudioManager( 1137): isWiredHeadsetOn...
W/ActivityManager( 1137): getTasks: caller 10112 does not hold REAL_GET_TASKS; limiting output
W/ActivityManager( 1137): getTasks: caller 10112 does not hold REAL_GET_TASKS; limiting output
W/ActivityManager( 1137): getTasks: caller 10112 does not hold REAL_GET_TASKS; limiting output
D/PowerManagerService( 1137): acquireWakeLockInternal: lock=135367113, flags=0x1, packageName=com.android.phone, ws=null, uid=1001, pid=2166
D/PowerManagerService( 1137): updateWakeLockSummaryLocked: mWakefulness=Asleep, mWakeLockSummary=0x1
D/PowerManagerService( 1137): updateUserActivitySummaryLocked: mWakefulness=Asleep, mUserActivitySummary=0x0, nextTimeout=0 (35242113 ms ago)
D/PowerManagerService( 1137): updateDisplayPowerStateLocked: mDisplayReady=true, policy=0, mWakefulness=0, mWakeLockSummary=0x1, mUserActivitySummary=0x0, mBootCompleted=true, mScreenBrightnessBoostInProgress=false, useProximitySensor=false, mRequestWaitForNegativeProximity=false, mBrightnessWaitModeEnabled=false
D/PowerManagerService( 1137): Acquiring suspend blocker "PowerManagerService.WakeLocks".
D/PowerManagerService( 1137): releaseWakeLockInternal: lock=135367113, flags=0x0, packageName=com.android.phone", ws=null, uid=1001, pid=2166
D/PowerManagerService( 1137): updateWakeLockSummaryLocked: mWakefulness=Asleep, mWakeLockSummary=0x0
D/PowerManagerService( 1137): updateUserActivitySummaryLocked: mWakefulness=Asleep, mUserActivitySummary=0x0, nextTimeout=0 (35242126 ms ago)
D/PowerManagerService( 1137): updateDisplayPowerStateLocked: mDisplayReady=true, policy=0, mWakefulness=0, mWakeLockSummary=0x0, mUserActivitySummary=0x0, mBootCompleted=true, mScreenBrightnessBoostInProgress=false, useProximitySensor=false, mRequestWaitForNegativeProximity=false, mBrightnessWaitModeEnabled=false
D/PowerManagerService( 1137): Releasing suspend blocker "PowerManagerService.WakeLocks".
D/PowerManagerService( 1137): acquireWakeLockInternal: lock=568924366, flags=0x1, packageName=com.android.phone, ws=null, uid=1001, pid=2166
D/PowerManagerService( 1137): updateWakeLockSummaryLocked: mWakefulness=Asleep, mWakeLockSummary=0x1
D/PowerManagerService( 1137): updateUserActivitySummaryLocked: mWakefulness=Asleep, mUserActivitySummary=0x0, nextTimeout=0 (35242128 ms ago)
D/PowerManagerService( 1137): updateDisplayPowerStateLocked: mDisplayReady=true, policy=0, mWakefulness=0, mWakeLockSummary=0x1, mUserActivitySummary=0x0, mBootCompleted=true, mScreenBrightnessBoostInProgress=false, useProximitySensor=false, mRequestWaitForNegativeProximity=false, mBrightnessWaitModeEnabled=false
D/PowerManagerService( 1137): Acquiring suspend blocker "PowerManagerService.WakeLocks".
D/PowerManagerService( 1137): releaseWakeLockInternal: lock=568924366, flags=0x0, packageName=com.android.phone", ws=null, uid=1001, pid=2166
D/PowerManagerService( 1137): updateWakeLockSummaryLocked: mWakefulness=Asleep, mWakeLockSummary=0x0
D/PowerManagerService( 1137): updateUserActivitySummaryLocked: mWakefulness=Asleep, mUserActivitySummary=0x0, nextTimeout=0 (35242134 ms ago)
D/PowerManagerService( 1137): updateDisplayPowerStateLocked: mDisplayReady=true, policy=0, mWakefulness=0, mWakeLockSummary=0x0, mUserActivitySummary=0x0, mBootCompleted=true, mScreenBrightnessBoostInProgress=false, useProximitySensor=false, mRequestWaitForNegativeProximity=false, mBrightnessWaitModeEnabled=false
D/PowerManagerService( 1137): Releasing suspend blocker "PowerManagerService.WakeLocks".
W/ActivityManager( 1137): getRunningAppProcesses: caller 10129 does not hold REAL_GET_TASKS; limiting output
I/System.out(31549): [CDS]EAGAIN in Recvfrom
I/System.out(31549): [CDS]read byte is 0
I/System.out(31549): [CDS]rx timeout:10000
I/System.out(31549): [CDS]rx timeout:30000
W/ActivityManager( 1137): getTasks: caller 10112 does not hold REAL_GET_TASKS; limiting output
V/AudioManager( 1137): isMusicActive...
V/AudioManager( 1137): isWiredHeadsetOn...
W/ActivityManager( 1137): getTasks: caller 10112 does not hold REAL_GET_TASKS; limiting output
W/ActivityManager( 1137): getTasks: caller 10112 does not hold REAL_GET_TASKS; limiting output
W/ActivityManager( 1137): getTasks: caller 10112 does not hold REAL_GET_TASKS; limiting output
D/VM_BMS  (  460): wake_lock acquired
D/VM_BMS  (  460): New BMS data - Size=56
D/VM_BMS  (  460): Start process_bms_data
D/VM_BMS  (  460): For batt_temp=203 fcc_mah=2803
D/VM_BMS  (  460): For ocv=3684471 batt_temp=203 soc=9
D/VM_BMS  (  460): fifo_count=2 acc_count=0
D/VM_BMS  (  460): INIT: ocv=3684471 last_ocv=3684471 batt_temp=203 soc=9
D/VM_BMS  (  460): For soc=9 batt_temp=203 slope=3000
D/VM_BMS  (  460): For soc=9 batt_temp=203 rbatt_sf=149
D/VM_BMS  (  460): rbatt_mohm_default=145, rbatt_mohm=216, sf=149 batt_temp=203
D/VM_BMS  (  460): For ocv=3684631 batt_temp=203 soc=9
D/VM_BMS  (  460): FIFO=0 fifo_avg=3.814746 rbatt=0.216000 slope=0.300000 ibatt=-0.602753 ocv=3.684631 soc=9 fcc_ah=2.803000 sample_count=128 sample_interval=70 seq_num=9612
D/VM_BMS  (  460): For soc=9 batt_temp=203 slope=3000
D/VM_BMS  (  460): For soc=9 batt_temp=203 rbatt_sf=149
D/VM_BMS  (  460): rbatt_mohm_default=145, rbatt_mohm=216, sf=149 batt_temp=203
D/VM_BMS  (  460): For ocv=3684788 batt_temp=203 soc=9
D/VM_BMS  (  460): FIFO=1 fifo_avg=3.812097 rbatt=0.216000 slope=0.300000 ibatt=-0.589757 ocv=3.684788 soc=9 fcc_ah=2.803000 sample_count=128 sample_interval=70 seq_num=9612
I/VM_BMS  (  460): power_supply_update: ocv_uv=3684788 ibatt=-589756 soc=9 seq_num=9612
D/VM_BMS  (  460): End process_bms_data
D/VM_BMS  (  460): wake_lock released
V/UsbDeviceManager( 1137): power_state is false usb_state is false
D/HwLocationPowerTracker( 1137): ACTION_BATTERY_CHANGED pluggedType: 2
D/WifiController( 1137): handleMessage: E msg.what=155652
D/WifiController( 1137): processMsg: ApStaDisabledState
D/WifiController( 1137): processMsg: DefaultState
D/WifiController( 1137): DefaultState{ when=0 what=155652 arg1=2 target=com.android.internal.util.StateMachine$SmHandler }
D/WifiController( 1137): handleMessage: X
D/PowerManagerService( 1137): updateIsPoweredLocked: wasPowered=true, mIsPowered=true, oldPlugType=2, mPlugType=2, mBatteryLevel=7
V/UsbDeviceManager( 1137): mBatteryChangedReceiver plugType is 2
D/WifiService( 1137): onReceive, action:android.intent.action.BATTERY_CHANGED
D/WifiService( 1137): ACTION_BATTERY_CHANGED pluggedType: 2
D/WifiController( 1137): battery changed pluggedType: 2
D/WifiController( 1137): wifiSleepPolicy:1
D/WifiController( 1137): wifiSleepPolicy:1
D/KeyguardUpdateMonitor( 2120): received broadcast android.intent.action.BATTERY_CHANGED
D/KeyguardUpdateMonitor( 2120): handleBatteryUpdate
D/HwPowerMonitor.Utils( 2189): ScrOff setChargingState mIsCharging = true
I/HwPowerMonitor.PowerExceptionObservable( 2189): unhandled onEvent actionID: 3002
I/HwSystemManager( 1838): BgPowerManagerService:BgPowerManagerSerivce plugged =2 currentThreshold = 0 mRawLevel = 7mLastRawLevel7
I/HwSystemManager( 1838): BgPowerManagerService: mTimes = 123168 firstTime = 104568809 firstmBatteryCapacity =211
D/NotificationService( 1137): cancelNotificationWithTag pid 9578,uid = 1001,tag = null,pkg =com.huawei.android.ds
D/NotificationService( 1137): cancelNotificationWithTag pid 1743,uid = 10023,tag = low_battery,pkg =com.android.systemui
W/ActivityManager( 1137): getRunningAppProcesses: caller 10080 does not hold REAL_GET_TASKS; limiting output
W/ActivityManager( 1137): getTasks: caller 10112 does not hold REAL_GET_TASKS; limiting output
V/AudioManager( 1137): isMusicActive...
V/AudioManager( 1137): isWiredHeadsetOn...
W/ActivityManager( 1137): getTasks: caller 10112 does not hold REAL_GET_TASKS; limiting output
W/ActivityManager( 1137): getTasks: caller 10112 does not hold REAL_GET_TASKS; limiting output
W/ActivityManager( 1137): getTasks: caller 10112 does not hold REAL_GET_TASKS; limiting output
W/ActivityManager( 1137): getTasks: caller 10112 does not hold REAL_GET_TASKS; limiting output
V/AudioManager( 1137): isMusicActive...
V/AudioManager( 1137): isWiredHeadsetOn...
W/ActivityManager( 1137): getTasks: caller 10112 does not hold REAL_GET_TASKS; limiting output
W/ActivityManager( 1137): getTasks: caller 10112 does not hold REAL_GET_TASKS; limiting output
W/ActivityManager( 1137): getTasks: caller 10112 does not hold REAL_GET_TASKS; limiting output
V/AlarmManager( 1137): Alarm triggering (type 0 or 2): [Alarm{3592b1a1 type 2 when 104657600 android}, Alarm{51adfc6 type 0 when 1479805380188 com.tencent.mobileqq}]
V/AlarmManager( 1137): sending alarm Alarm{35c3cb87 type 3 when 104600777 android},repeatInterval = 0,action=android.content.jobscheduler.JOB_DELAY_EXPIRED
D/PowerManagerService( 1137): acquireWakeLockInternal: lock=457413441, flags=0x1, packageName=android, ws=WorkSource{1000}, uid=1000, pid=1137
D/PowerManagerService( 1137): updateWakeLockSummaryLocked: mWakefulness=Asleep, mWakeLockSummary=0x1
D/PowerManagerService( 1137): updateUserActivitySummaryLocked: mWakefulness=Asleep, mUserActivitySummary=0x0, nextTimeout=0 (35257120 ms ago)
D/PowerManagerService( 1137): updateDisplayPowerStateLocked: mDisplayReady=true, policy=0, mWakefulness=0, mWakeLockSummary=0x1, mUserActivitySummary=0x0, mBootCompleted=true, mScreenBrightnessBoostInProgress=false, useProximitySensor=false, mRequestWaitForNegativeProximity=false, mBrightnessWaitModeEnabled=false
D/PowerManagerService( 1137): Acquiring suspend blocker "PowerManagerService.WakeLocks".
V/AlarmManager( 1137): sending alarm Alarm{3dcafab4 type 3 when 104630777 android},repeatInterval = 0,action=android.content.jobscheduler.JOB_DEADLINE_EXPIRED
V/AlarmManager( 1137): sending alarm Alarm{307c6dd type 3 when 104639812 android},repeatInterval = 0,action=android.intent.action.TIME_TICK
V/AlarmManager( 1137): sending alarm Alarm{3592b1a1 type 2 when 104657600 android},repeatInterval = 0,action=com.android.server.task.controllers.BatteryController.ACTION_CHARGING_STABLE
V/AlarmManager( 1137): sending alarm Alarm{51adfc6 type 0 when 1479805380188 com.tencent.mobileqq},repeatInterval = 0,action=com.tencent.mobileqq:MSF_85203212
V/AlarmManager( 1137): sending alarm Alarm{14d53252 type 3 when 104700000 com.tencent.mm},repeatInterval = 300000,action=com.tencent.mm.TrafficStatsReceiver
V/AlarmManager( 1137): sending alarm Alarm{11879923 type 1 when 1479805380188 com.sina.weibo},repeatInterval = 300000,action=com.sina.popupac.INTENT_BC_ACTION_POPUP
D/ActivityManager( 1137): PowerFireWall scroff wakelock runnable
D/batterystats( 1137): PowerFireWall getUidWakeLock uid: 10000 wltime: 0
D/batterystats( 1137): PowerFireWall getUidWakeLock uid: 10001 wltime: 0
D/batterystats( 1137): PowerFireWall getUidWakeLock uid: 10002 wltime: 0
D/batterystats( 1137): PowerFireWall getUidWakeLock uid: 10003 wltime: 0
D/batterystats( 1137): PowerFireWall getUidWakeLock uid: 10005 wltime: 0
D/batterystats( 1137): PowerFireWall getUidWakeLock uid: 10006 wltime: 1
D/batterystats( 1137): PowerFireWall getUidWakeLock uid: 10007 wltime: 0
D/batterystats( 1137): PowerFireWall getUidWakeLock uid: 10009 wltime: 0
D/batterystats( 1137): PowerFireWall getUidWakeLock uid: 10010 wltime: 0
D/batterystats( 1137): PowerFireWall getUidWakeLock uid: 10011 wltime: 0
D/batterystats( 1137): PowerFireWall getUidWakeLock uid: 10012 wltime: 0
D/batterystats( 1137): PowerFireWall getUidWakeLock uid: 10013 wltime: 0
D/batterystats( 1137): PowerFireWall getUidWakeLock uid: 10014 wltime: 0
D/batterystats( 1137): PowerFireWall getUidWakeLock uid: 10015 wltime: 0
D/batterystats( 1137): PowerFireWall getUidWakeLock uid: 10018 wltime: 0
D/batterystats( 1137): PowerFireWall getUidWakeLock uid: 10019 wltime: 0
D/batterystats( 1137): PowerFireWall getUidWakeLock uid: 10022 wltime: 0
I/HwLauncher( 2233): Model  onReceive intent=Intent { act=android.intent.action.TIME_TICK flg=0x50000014 (has extras) }
I/HwLauncher( 2233): Model  onReceive user=UserHandle{0}
D/batterystats( 1137): PowerFireWall getUidWakeLock uid: 10023 wltime: 0
D/batterystats( 1137): PowerFireWall getUidWakeLock uid: 10026 wltime: 0
D/batterystats( 1137): PowerFireWall getUidWakeLock uid: 10032 wltime: 0
D/batterystats( 1137): PowerFireWall getUidWakeLock uid: 10033 wltime: 0
D/batterystats( 1137): PowerFireWall getUidWakeLock uid: 10037 wltime: 0
D/batterystats( 1137): PowerFireWall getUidWakeLock uid: 10038 wltime: 0
D/batterystats( 1137): PowerFireWall getUidWakeLock uid: 10039 wltime: 0
D/batterystats( 1137): PowerFireWall getUidWakeLock uid: 10040 wltime: 0
D/batterystats( 1137): PowerFireWall getUidWakeLock uid: 10041 wltime: 0
D/batterystats( 1137): PowerFireWall getUidWakeLock uid: 10043 wltime: 0
D/batterystats( 1137): PowerFireWall getUidWakeLock uid: 10046 wltime: 0
D/batterystats( 1137): PowerFireWall getUidWakeLock uid: 10047 wltime: 0
D/batterystats( 1137): PowerFireWall getUidWakeLock uid: 10048 wltime: 0
D/batterystats( 1137): PowerFireWall getUidWakeLock uid: 10049 wltime: 0
D/batterystats( 1137): PowerFireWall getUidWakeLock uid: 10052 wltime: 0
D/batterystats( 1137): PowerFireWall getUidWakeLock uid: 10053 wltime: 0
D/batterystats( 1137): PowerFireWall getUidWakeLock uid: 10055 wltime: 0
D/batterystats( 1137): PowerFireWall getUidWakeLock uid: 10060 wltime: 0
D/batterystats( 1137): PowerFireWall getUidWakeLock uid: 10063 wltime: 0
D/batterystats( 1137): PowerFireWall getUidWakeLock uid: 10064 wltime: 0
D/batterystats( 1137): PowerFireWall getUidWakeLock uid: 10065 wltime: 0
D/batterystats( 1137): PowerFireWall getUidWakeLock uid: 10067 wltime: 0
D/batterystats( 1137): PowerFireWall getUidWakeLock uid: 10074 wltime: 0
D/batterystats( 1137): PowerFireWall getUidWakeLock uid: 10075 wltime: 0
D/batterystats( 1137): PowerFireWall getUidWakeLock uid: 10076 wltime: 0
D/batterystats( 1137): PowerFireWall getUidWakeLock uid: 10078 wltime: 0
D/batterystats( 1137): PowerFireWall getUidWakeLock uid: 10080 wltime: 0
D/batterystats( 1137): PowerFireWall getUidWakeLock uid: 10081 wltime: 0
D/batterystats( 1137): PowerFireWall getUidWakeLock uid: 10085 wltime: 0
D/batterystats( 1137): PowerFireWall getUidWakeLock uid: 10086 wltime: 0
D/batterystats( 1137): PowerFireWall getUidWakeLock uid: 10090 wltime: 0
D/batterystats( 1137): PowerFireWall getUidWakeLock uid: 10097 wltime: 0
D/batterystats( 1137): PowerFireWall getUidWakeLock uid: 10102 wltime: 0
D/batterystats( 1137): PowerFireWall getUidWakeLock uid: 10103 wltime: 0
D/batterystats( 1137): PowerFireWall getUidWakeLock uid: 10104 wltime: 0
D/batterystats( 1137): PowerFireWall getUidWakeLock uid: 10105 wltime: 0
D/batterystats( 1137): PowerFireWall getUidWakeLock uid: 10107 wltime: 0
D/batterystats( 1137): PowerFireWall getUidWakeLock uid: 10108 wltime: 0
D/batterystats( 1137): PowerFireWall getUidWakeLock uid: 10110 wltime: 0
D/batterystats( 1137): PowerFireWall getUidWakeLock uid: 10111 wltime: 0
D/batterystats( 1137): PowerFireWall getUidWakeLock uid: 10112 wltime: 0
D/batterystats( 1137): PowerFireWall getUidWakeLock uid: 10113 wltime: 0
D/batterystats( 1137): PowerFireWall getUidWakeLock uid: 10114 wltime: 0
D/batterystats( 1137): PowerFireWall getUidWakeLock uid: 10116 wltime: 11
D/batterystats( 1137): PowerFireWall getUidWakeLock uid: 10116 wltime >= 10 mins
D/batterystats( 1137): PowerFireWall getUidWakeLock uid: 10117 wltime: 0
D/batterystats( 1137): PowerFireWall getUidWakeLock uid: 10125 wltime: 0
D/batterystats( 1137): PowerFireWall getUidWakeLock uid: 10127 wltime: 0
D/batterystats( 1137): PowerFireWall getUidWakeLock uid: 10128 wltime: 0
D/batterystats( 1137): PowerFireWall getUidWakeLock uid: 10129 wltime: 0
D/batterystats( 1137): PowerFireWall getUidWakeLock uid: 10130 wltime: 0
D/batterystats( 1137): PowerFireWall getUidWakeLock uid: 50080 wltime: 0
D/batterystats( 1137): PowerFireWall getUidWakeLock uid: 50081 wltime: 0
D/batterystats( 1137): PowerFireWall getUidWakeLock uid: 50085 wltime: 0
D/batterystats( 1137): PowerFireWall getUidWakeLock uid: 50116 wltime: 0
V/AlarmManager( 1137): Received TIME_TICK alarm; rescheduling
I/TimeManager( 1743): receiver action = android.intent.action.TIME_TICK
D/TimeManager( 1743): screen is off, not send .
I/TimeManager( 1743): hand message 1
I/TimeManager( 1743): notify time change. size = 2
D/TimeLayout( 1743): updateTime(TextView)
D/TimeLayout( 1743): updateTime()
I/TimeLayout( 1743): time = 17:03
D/TimeLayout( 1743): mDateView is null
D/TimeLayout( 1743): mWeekView is null
D/TimeLayout( 1743): updateTime(TextView)
D/TimeLayout( 1743): is24 = true
D/TimeLayout( 1743): updateAmpm()
I/TimeLayout( 1743): updateDate date = 2016/11/22
I/TimeLayout( 1743): weekDay = 
D/KeyguardUpdateMonitor( 2120): mTimeChangeBroadcastReceiver received broadcast android.intent.action.TIME_TICK
D/KeyguardUpdateMonitor( 2120): handleTimeUpdate
D/MSF.C.MonitorNetFlowStore(31549): main insertSocketDataFlow writeSize=0 readSize=2
W/ResourceType( 2120): No known package when getting value for resource number 0xffffffff
W/ResourceType( 2120): No known package when getting value for resource number 0xffffffff
W/ResourceType( 2120): No known package when getting value for resource number 0xffffffff
D/MSF.C.MonitorNetFlowStore(31549): MonitorWriteDataThread Enter
D/MSF.C.NetConnTag(31549): pa ok: 61575
D/MSF.C.NetConnTag(31549): netSend ssoSeq:61575 uin:*6057 cmd:346110978 61659
W/ResourceType( 2120): No known package when getting value for resource number 0xffffffff
W/SocketListener(  362): sending broadcast to Pid = 1137, Uid = 1000 
I/SocketClient(  362): Vold: send info to framework success !!
D/NetdConnector( 1137): RCV <- {613 IfaceClass active 0 104700053945826}
D/PowerManagerService( 1137): acquireWakeLockInternal: lock=640722047, flags=0x1, packageName=android, ws=WorkSource{10086}, uid=1000, pid=1137
D/PowerManagerService( 1137): updateWakeLockSummaryLocked: mWakefulness=Asleep, mWakeLockSummary=0x1
D/PowerManagerService( 1137): updateUserActivitySummaryLocked: mWakefulness=Asleep, mUserActivitySummary=0x0, nextTimeout=0 (35257181 ms ago)
D/PowerManagerService( 1137): updateDisplayPowerStateLocked: mDisplayReady=true, policy=0, mWakefulness=0, mWakeLockSummary=0x1, mUserActivitySummary=0x0, mBootCompleted=true, mScreenBrightnessBoostInProgress=false, useProximitySensor=false, mRequestWaitForNegativeProximity=false, mBrightnessWaitModeEnabled=false
D/PowerManagerService( 1137): releaseWakeLockInternal: lock=640722047, flags=0x0, packageName=android", ws=WorkSource{10086}, uid=1000, pid=1137
D/PowerManagerService( 1137): updateWakeLockSummaryLocked: mWakefulness=Asleep, mWakeLockSummary=0x1
D/PowerManagerService( 1137): updateUserActivitySummaryLocked: mWakefulness=Asleep, mUserActivitySummary=0x0, nextTimeout=0 (35257191 ms ago)
D/PowerManagerService( 1137): updateDisplayPowerStateLocked: mDisplayReady=true, policy=0, mWakefulness=0, mWakeLockSummary=0x1, mUserActivitySummary=0x0, mBootCompleted=true, mScreenBrightnessBoostInProgress=false, useProximitySensor=false, mRequestWaitForNegativeProximity=false, mBrightnessWaitModeEnabled=false
V/SMCSAMSHelper( 1137): SMCSAMSHelper.addSTPEvent: cost 0 ms end.
V/SMCSAMSHelper( 1137): SMCSAMSHelper.smartTrimAddProcessRelation: cost 0 ms end.
D/MSF.C.MonitorNetFlowStore(31549): write data lenth : 0 | read data lenth : 178, has been stored.
D/MSF.C.MonitorNetFlowStore(31549): MonitorWriteDataThread End takeTimes=41
D/PowerManagerService( 1137): updateWakeLockWorkSourceInternal: lock=457413441 [*alarm*], ws=WorkSource{10116}
D/PowerManagerNotifier( 1137): onWakeLockChanging: flags=1, tag="*alarm*", packageName=android, ownerUid=1000, ownerPid=1137, workSource=WorkSource{10116}
D/PowerManagerService( 1137): updateWakeLockWorkSourceInternal: lock=457413441 [*alarm*], ws=WorkSource{10111}
D/PowerManagerNotifier( 1137): onWakeLockChanging: flags=1, tag="*alarm*", packageName=android, ownerUid=1000, ownerPid=1137, workSource=WorkSource{10111}
W/ActivityManager( 1137): getTasks: caller 10111 does not hold REAL_GET_TASKS; limiting output
D/PowerManagerService( 1137): releaseWakeLockInternal: lock=457413441, flags=0x0, packageName=android", ws=WorkSource{10111}, uid=1000, pid=1137
D/PowerManagerService( 1137): updateWakeLockSummaryLocked: mWakefulness=Asleep, mWakeLockSummary=0x0
D/PowerManagerService( 1137): updateUserActivitySummaryLocked: mWakefulness=Asleep, mUserActivitySummary=0x0, nextTimeout=0 (35257318 ms ago)
D/PowerManagerService( 1137): updateDisplayPowerStateLocked: mDisplayReady=true, policy=0, mWakefulness=0, mWakeLockSummary=0x0, mUserActivitySummary=0x0, mBootCompleted=true, mScreenBrightnessBoostInProgress=false, useProximitySensor=false, mRequestWaitForNegativeProximity=false, mBrightnessWaitModeEnabled=false
D/PowerManagerService( 1137): Releasing suspend blocker "PowerManagerService.WakeLocks".
I/System.out(31549): [CDS]rx timeout:10000
D/MSF.C.NetConnTag(31549): netRecv ssoSeq:61575 uin:*6057 cmd:346110978 61687
I/System.out(31549): [CDS]rx timeout:30000
V/AlarmManager( 1137): set(PendingIntent{1721f495: PendingIntentRecord{3d0c386a com.tencent.mobileqq broadcastIntent}}) : type=0 triggerAtTime=1479805650430 win=0 tElapsed=104970242 maxElapsed=104970242 interval=0 standalone=true
V/AudioManager( 1137): isMusicActive...
V/AudioManager( 1137): isWiredHeadsetOn...
W/ActivityManager( 1137): getTasks: caller 10112 does not hold REAL_GET_TASKS; limiting output
W/ActivityManager( 1137): getTasks: caller 10112 does not hold REAL_GET_TASKS; limiting output
W/ActivityManager( 1137): getTasks: caller 10112 does not hold REAL_GET_TASKS; limiting output
W/ActivityManager( 1137): getTasks: caller 10112 does not hold REAL_GET_TASKS; limiting output
D/PowerManagerService( 1137): acquireWakeLockInternal: lock=135367113, flags=0x1, packageName=com.android.phone, ws=null, uid=1001, pid=2166
D/PowerManagerService( 1137): updateWakeLockSummaryLocked: mWakefulness=Asleep, mWakeLockSummary=0x1
D/PowerManagerService( 1137): updateUserActivitySummaryLocked: mWakefulness=Asleep, mUserActivitySummary=0x0, nextTimeout=0 (35262133 ms ago)
D/PowerManagerService( 1137): updateDisplayPowerStateLocked: mDisplayReady=true, policy=0, mWakefulness=0, mWakeLockSummary=0x1, mUserActivitySummary=0x0, mBootCompleted=true, mScreenBrightnessBoostInProgress=false, useProximitySensor=false, mRequestWaitForNegativeProximity=false, mBrightnessWaitModeEnabled=false
D/PowerManagerService( 1137): Acquiring suspend blocker "PowerManagerService.WakeLocks".
D/PowerManagerService( 1137): releaseWakeLockInternal: lock=135367113, flags=0x0, packageName=com.android.phone", ws=null, uid=1001, pid=2166
D/PowerManagerService( 1137): updateWakeLockSummaryLocked: mWakefulness=Asleep, mWakeLockSummary=0x0
D/PowerManagerService( 1137): updateUserActivitySummaryLocked: mWakefulness=Asleep, mUserActivitySummary=0x0, nextTimeout=0 (35262145 ms ago)
D/PowerManagerService( 1137): updateDisplayPowerStateLocked: mDisplayReady=true, policy=0, mWakefulness=0, mWakeLockSummary=0x0, mUserActivitySummary=0x0, mBootCompleted=true, mScreenBrightnessBoostInProgress=false, useProximitySensor=false, mRequestWaitForNegativeProximity=false, mBrightnessWaitModeEnabled=false
D/PowerManagerService( 1137): Releasing suspend blocker "PowerManagerService.WakeLocks".
D/PowerManagerService( 1137): acquireWakeLockInternal: lock=568924366, flags=0x1, packageName=com.android.phone, ws=null, uid=1001, pid=2166
D/PowerManagerService( 1137): updateWakeLockSummaryLocked: mWakefulness=Asleep, mWakeLockSummary=0x1
D/PowerManagerService( 1137): updateUserActivitySummaryLocked: mWakefulness=Asleep, mUserActivitySummary=0x0, nextTimeout=0 (35262147 ms ago)
D/PowerManagerService( 1137): updateDisplayPowerStateLocked: mDisplayReady=true, policy=0, mWakefulness=0, mWakeLockSummary=0x1, mUserActivitySummary=0x0, mBootCompleted=true, mScreenBrightnessBoostInProgress=false, useProximitySensor=false, mRequestWaitForNegativeProximity=false, mBrightnessWaitModeEnabled=false
D/PowerManagerService( 1137): Acquiring suspend blocker "PowerManagerService.WakeLocks".
D/PowerManagerService( 1137): releaseWakeLockInternal: lock=568924366, flags=0x0, packageName=com.android.phone", ws=null, uid=1001, pid=2166
D/PowerManagerService( 1137): updateWakeLockSummaryLocked: mWakefulness=Asleep, mWakeLockSummary=0x0
D/PowerManagerService( 1137): updateUserActivitySummaryLocked: mWakefulness=Asleep, mUserActivitySummary=0x0, nextTimeout=0 (35262151 ms ago)
D/PowerManagerService( 1137): updateDisplayPowerStateLocked: mDisplayReady=true, policy=0, mWakefulness=0, mWakeLockSummary=0x0, mUserActivitySummary=0x0, mBootCompleted=true, mScreenBrightnessBoostInProgress=false, useProximitySensor=false, mRequestWaitForNegativeProximity=false, mBrightnessWaitModeEnabled=false
D/PowerManagerService( 1137): Releasing suspend blocker "PowerManagerService.WakeLocks".
W/SocketListener(  362): sending broadcast to Pid = 1137, Uid = 1000 
I/SocketClient(  362): Vold: send info to framework success !!
D/NetdConnector( 1137): RCV <- {613 IfaceClass idle 0 104705242752699}
W/ActivityManager( 1137): getRunningAppProcesses: caller 10113 does not hold REAL_GET_TASKS; limiting output
V/AudioManager( 1137): isMusicActive...
V/AudioManager( 1137): isWiredHeadsetOn...
W/ActivityManager( 1137): getTasks: caller 10112 does not hold REAL_GET_TASKS; limiting output
W/ActivityManager( 1137): getTasks: caller 10112 does not hold REAL_GET_TASKS; limiting output
W/ActivityManager( 1137): getTasks: caller 10112 does not hold REAL_GET_TASKS; limiting output
W/ActivityManager( 1137): getTasks: caller 10112 does not hold REAL_GET_TASKS; limiting output
D/VM_BMS  (  460): wake_lock acquired
D/VM_BMS  (  460): New BMS data - Size=56
D/VM_BMS  (  460): Start process_bms_data
D/VM_BMS  (  460): For batt_temp=203 fcc_mah=2803
D/VM_BMS  (  460): For ocv=3684788 batt_temp=203 soc=9
D/VM_BMS  (  460): fifo_count=2 acc_count=0
D/VM_BMS  (  460): INIT: ocv=3684788 last_ocv=3684788 batt_temp=203 soc=9
D/VM_BMS  (  460): For soc=9 batt_temp=203 slope=3000
D/VM_BMS  (  460): For soc=9 batt_temp=203 rbatt_sf=149
D/VM_BMS  (  460): rbatt_mohm_default=145, rbatt_mohm=216, sf=149 batt_temp=203
D/VM_BMS  (  460): For ocv=3684948 batt_temp=203 soc=9
D/VM_BMS  (  460): FIFO=0 fifo_avg=3.814755 rbatt=0.216000 slope=0.300000 ibatt=-0.601328 ocv=3.684948 soc=9 fcc_ah=2.803000 sample_count=128 sample_interval=70 seq_num=9613
D/VM_BMS  (  460): For soc=9 batt_temp=203 slope=3000
D/VM_BMS  (  460): For soc=9 batt_temp=203 rbatt_sf=149
D/VM_BMS  (  460): rbatt_mohm_default=145, rbatt_mohm=216, sf=149 batt_temp=203
D/VM_BMS  (  460): For ocv=3685096 batt_temp=203 soc=10
D/VM_BMS  (  460): FIFO=1 fifo_avg=3.805335 rbatt=0.216000 slope=0.300000 ibatt=-0.557004 ocv=3.685096 soc=10 fcc_ah=2.803000 sample_count=128 sample_interval=70 seq_num=9613
I/VM_BMS  (  460): power_supply_update: ocv_uv=3685096 ibatt=-557004 soc=10 seq_num=9613
D/VM_BMS  (  460): End process_bms_data
D/VM_BMS  (  460): wake_lock released
V/UsbDeviceManager( 1137): power_state is false usb_state is false
D/PowerManagerService( 1137): updateIsPoweredLocked: wasPowered=true, mIsPowered=true, oldPlugType=2, mPlugType=2, mBatteryLevel=7
V/UsbDeviceManager( 1137): mBatteryChangedReceiver plugType is 2
D/HwLocationPowerTracker( 1137): ACTION_BATTERY_CHANGED pluggedType: 2
D/WifiController( 1137): handleMessage: E msg.what=155652
D/WifiController( 1137): processMsg: ApStaDisabledState
D/WifiController( 1137): processMsg: DefaultState
D/WifiController( 1137): DefaultState{ when=-1ms what=155652 arg1=2 target=com.android.internal.util.StateMachine$SmHandler }
D/WifiController( 1137): handleMessage: X
D/KeyguardUpdateMonitor( 2120): received broadcast android.intent.action.BATTERY_CHANGED
D/KeyguardUpdateMonitor( 2120): handleBatteryUpdate
D/HwPowerMonitor.Utils( 2189): ScrOff setChargingState mIsCharging = true
I/HwPowerMonitor.PowerExceptionObservable( 2189): unhandled onEvent actionID: 3002
I/HwSystemManager( 1838): BgPowerManagerService:BgPowerManagerSerivce plugged =2 currentThreshold = 0 mRawLevel = 7mLastRawLevel7
I/HwSystemManager( 1838): BgPowerManagerService: mTimes = 141901 firstTime = 104568809 firstmBatteryCapacity =211
D/WifiService( 1137): onReceive, action:android.intent.action.BATTERY_CHANGED
D/WifiService( 1137): ACTION_BATTERY_CHANGED pluggedType: 2
D/NotificationService( 1137): cancelNotificationWithTag pid 1743,uid = 10023,tag = low_battery,pkg =com.android.systemui
D/WifiController( 1137): battery changed pluggedType: 2
D/WifiController( 1137): wifiSleepPolicy:1
D/WifiController( 1137): wifiSleepPolicy:1
D/NotificationService( 1137): cancelNotificationWithTag pid 9578,uid = 1001,tag = null,pkg =com.huawei.android.ds
V/AudioManager( 1137): isMusicActive...
V/AudioManager( 1137): isWiredHeadsetOn...
W/ActivityManager( 1137): getTasks: caller 10112 does not hold REAL_GET_TASKS; limiting output
E/QMI_FW  (  513): xport_send: Sendto failed for port 6144
W/ActivityManager( 1137): getTasks: caller 10112 does not hold REAL_GET_TASKS; limiting output
W/ActivityManager( 1137): getTasks: caller 10112 does not hold REAL_GET_TASKS; limiting output
W/ActivityManager( 1137): getTasks: caller 10112 does not hold REAL_GET_TASKS; limiting output
V/UsbDeviceManager( 1137): power_state is false usb_state is false
D/WifiController( 1137): handleMessage: E msg.what=155652
D/WifiController( 1137): processMsg: ApStaDisabledState
D/WifiController( 1137): processMsg: DefaultState
D/WifiController( 1137): DefaultState{ when=0 what=155652 arg1=2 target=com.android.internal.util.StateMachine$SmHandler }
D/WifiController( 1137): handleMessage: X
D/HwLocationPowerTracker( 1137): ACTION_BATTERY_CHANGED pluggedType: 2
D/PowerManagerService( 1137): updateIsPoweredLocked: wasPowered=true, mIsPowered=true, oldPlugType=2, mPlugType=2, mBatteryLevel=7
V/UsbDeviceManager( 1137): mBatteryChangedReceiver plugType is 2
D/WifiService( 1137): onReceive, action:android.intent.action.BATTERY_CHANGED
D/WifiService( 1137): ACTION_BATTERY_CHANGED pluggedType: 2
D/WifiController( 1137): battery changed pluggedType: 2
D/WifiController( 1137): wifiSleepPolicy:1
D/WifiController( 1137): wifiSleepPolicy:1
D/KeyguardUpdateMonitor( 2120): received broadcast android.intent.action.BATTERY_CHANGED
D/KeyguardUpdateMonitor( 2120): handleBatteryUpdate
D/NotificationService( 1137): cancelNotificationWithTag pid 1743,uid = 10023,tag = low_battery,pkg =com.android.systemui
D/HwPowerMonitor.Utils( 2189): ScrOff setChargingState mIsCharging = true
I/HwPowerMonitor.PowerExceptionObservable( 2189): unhandled onEvent actionID: 3002
I/HwSystemManager( 1838): BgPowerManagerService:BgPowerManagerSerivce plugged =2 currentThreshold = 0 mRawLevel = 7mLastRawLevel7
I/HwSystemManager( 1838): BgPowerManagerService: mTimes = 146948 firstTime = 104568809 firstmBatteryCapacity =211
D/NotificationService( 1137): cancelNotificationWithTag pid 9578,uid = 1001,tag = null,pkg =com.huawei.android.ds
W/ActivityManager( 1137): getRunningAppProcesses: caller 10129 does not hold REAL_GET_TASKS; limiting output
V/AudioManager( 1137): isMusicActive...
V/AudioManager( 1137): isWiredHeadsetOn...
W/ActivityManager( 1137): getTasks: caller 10112 does not hold REAL_GET_TASKS; limiting output
D/UTAnalytics:CommitTask( 7563): pid:7563 check&commit event:65501,
D/UTAnalytics:CommitTask( 7563): pid:7563 next:65501,
D/UTAnalytics:CommitTask( 7563): pid:7563 check&commit event:65503,
D/UTAnalytics:CommitTask( 7563): pid:7563 next:65503,
D/UTAnalytics:CommitTask( 7563): pid:7563 check&commit event:65502,
D/UTAnalytics:CommitTask( 7563): pid:7563 next:65502,
V/UsbDeviceManager( 1137): power_state is false usb_state is false
D/WifiController( 1137): handleMessage: E msg.what=155652
D/WifiController( 1137): processMsg: ApStaDisabledState
D/WifiController( 1137): processMsg: DefaultState
D/WifiController( 1137): DefaultState{ when=0 what=155652 arg1=2 target=com.android.internal.util.StateMachine$SmHandler }
D/WifiController( 1137): handleMessage: X
D/HwLocationPowerTracker( 1137): ACTION_BATTERY_CHANGED pluggedType: 2
D/PowerManagerService( 1137): updateIsPoweredLocked: wasPowered=true, mIsPowered=true, oldPlugType=2, mPlugType=2, mBatteryLevel=8
V/UsbDeviceManager( 1137): mBatteryChangedReceiver plugType is 2
D/WifiService( 1137): onReceive, action:android.intent.action.BATTERY_CHANGED
D/WifiService( 1137): ACTION_BATTERY_CHANGED pluggedType: 2
D/WifiController( 1137): battery changed pluggedType: 2
D/WifiController( 1137): wifiSleepPolicy:1
D/WifiController( 1137): wifiSleepPolicy:1
D/KeyguardUpdateMonitor( 2120): received broadcast android.intent.action.BATTERY_CHANGED
D/KeyguardUpdateMonitor( 2120): handleBatteryUpdate
D/NotificationService( 1137): cancelNotificationWithTag pid 1743,uid = 10023,tag = low_battery,pkg =com.android.systemui
I/HwSystemManager( 1838): BgPowerManagerService:BgPowerManagerSerivce plugged =2 currentThreshold = 0 mRawLevel = 8mLastRawLevel7
I/HwSystemManager( 1838): BgPowerManagerService: mTimes = 148947 firstTime = 104568809 firstmBatteryCapacity =211
D/HwPowerMonitor.Utils( 2189): ScrOff setChargingState mIsCharging = true
I/HwPowerMonitor.PowerExceptionObservable( 2189): unhandled onEvent actionID: 3002
I/MagazineUtils( 2120): is magazine unlock on, now is only security mode
D/NotificationService( 1137): cancelNotificationWithTag pid 9578,uid = 1001,tag = null,pkg =com.huawei.android.ds
W/ActivityManager( 1137): getTasks: caller 10112 does not hold REAL_GET_TASKS; limiting output
W/ActivityManager( 1137): getTasks: caller 10112 does not hold REAL_GET_TASKS; limiting output
W/ActivityManager( 1137): getTasks: caller 10112 does not hold REAL_GET_TASKS; limiting output
I/UsageStatsService( 1137): User[0] Flushing usage stats to disk
D/ActivityManager( 1137): PowerFireWall scroff wakelock runnable
D/batterystats( 1137): PowerFireWall getUidWakeLock uid: 10000 wltime: 0
D/batterystats( 1137): PowerFireWall getUidWakeLock uid: 10001 wltime: 0
D/batterystats( 1137): PowerFireWall getUidWakeLock uid: 10002 wltime: 0
D/batterystats( 1137): PowerFireWall getUidWakeLock uid: 10003 wltime: 0
D/batterystats( 1137): PowerFireWall getUidWakeLock uid: 10005 wltime: 0
D/batterystats( 1137): PowerFireWall getUidWakeLock uid: 10006 wltime: 1
D/batterystats( 1137): PowerFireWall getUidWakeLock uid: 10007 wltime: 0
D/batterystats( 1137): PowerFireWall getUidWakeLock uid: 10009 wltime: 0
D/batterystats( 1137): PowerFireWall getUidWakeLock uid: 10010 wltime: 0
D/batterystats( 1137): PowerFireWall getUidWakeLock uid: 10011 wltime: 0
D/batterystats( 1137): PowerFireWall getUidWakeLock uid: 10012 wltime: 0
D/batterystats( 1137): PowerFireWall getUidWakeLock uid: 10013 wltime: 0
D/batterystats( 1137): PowerFireWall getUidWakeLock uid: 10014 wltime: 0
D/batterystats( 1137): PowerFireWall getUidWakeLock uid: 10015 wltime: 0
D/batterystats( 1137): PowerFireWall getUidWakeLock uid: 10018 wltime: 0
D/batterystats( 1137): PowerFireWall getUidWakeLock uid: 10019 wltime: 0
D/batterystats( 1137): PowerFireWall getUidWakeLock uid: 10022 wltime: 0
D/batterystats( 1137): PowerFireWall getUidWakeLock uid: 10023 wltime: 0
D/batterystats( 1137): PowerFireWall getUidWakeLock uid: 10026 wltime: 0
D/batterystats( 1137): PowerFireWall getUidWakeLock uid: 10032 wltime: 0
D/batterystats( 1137): PowerFireWall getUidWakeLock uid: 10033 wltime: 0
D/batterystats( 1137): PowerFireWall getUidWakeLock uid: 10037 wltime: 0
D/batterystats( 1137): PowerFireWall getUidWakeLock uid: 10038 wltime: 0
D/batterystats( 1137): PowerFireWall getUidWakeLock uid: 10039 wltime: 0
D/batterystats( 1137): PowerFireWall getUidWakeLock uid: 10040 wltime: 0
D/batterystats( 1137): PowerFireWall getUidWakeLock uid: 10041 wltime: 0
D/batterystats( 1137): PowerFireWall getUidWakeLock uid: 10043 wltime: 0
D/batterystats( 1137): PowerFireWall getUidWakeLock uid: 10046 wltime: 0
D/batterystats( 1137): PowerFireWall getUidWakeLock uid: 10047 wltime: 0
