D/DisplayPowerState( 1137): setColorFadeLevel: level=0.8974722
D/DisplayPowerState( 1137): Screen ready
D/RecentTasksLoader( 1743): wait time out for activity start, wait time:0ms
D/RecentTasksLoader( 1743): show RecentTasks list size = 0
D/HwSmallMusicView( 2120): onVisibilityChanged,visibility=4,musicVisible=8
D/KeyguardUpdateMonitor( 2120): dispatchSetBackground
D/StatusBar.MSimNetworkController( 1743): mLowSignalFrequency[0] = 0
D/KeyguardViewManager( 2120): onSetBackground
D/KeyguardViewManager( 2120): showWallpaper unlock wallpaper = android.graphics.drawable.BitmapDrawable@1599de31
I/KeyguardViewManager( 2120):     wallpaper = android.graphics.drawable.BitmapDrawable@1599de31, mIsWallpaperClamp = false
I/KeyguardViewManager( 2120): updateShowWallpaper = false
D/KeyguardUpdateMonitor( 2120): dispatchSetBlurBackground
I/KeyguardUpdateMonitor( 2120): keyguard blur, dispatch set blur background : bitmap = null
I/HwPowerMonitor.PowerExceptionObservable( 2189): unhandled onEvent actionID: 3004
W/ResourceType( 2120): No known package when getting value for resource number 0xffffffff
W/ResourceType( 2120): No known package when getting value for resource number 0xffffffff
V/KeyguardStatusView( 2120): Disable transport text marquee
D/StatusBar.MSimNetworkController( 1743): refreshdata connected={ data } level=3 mMSimcombinedSignalIconId=0x7f020323/com.android.systemui:drawable/stat_sys_signal_3_fully mMSimcombinedActivityIconId=0x7f020367 mAirplaneMode=false mMSimDataActivity=0 mMSimPhoneSignalIconId=0x7f020323 mMSimDataDirectionIconId=0x7f0202a6 mMSimDataSignalIconId=0x7f020323 mMSimDataTypeIconId=0x7f020282 mNoSimIconVisible false mWifiIconId=0x0 mBluetoothTetherIconId=0x1080694
W/ResourceType( 2120): No known package when getting value for resource number 0xffffffff
D/SettingsProvider( 1137): AppName: system
D/SettingsProvider( 1137): method:PUT_global||request:single_hand_mode||newValue:
I/StatusBar.MSimNetworkController( 1743): sub:0 phoneType:2 networktype:13 targetClass:3 isRoam:false masterLevel:3 slaveLevel:3
I/StatusBar.MSimNetworkController( 1743): subscription===0
D/StatusBar.MSimNetworkController( 1743): updateBusyIcon mOtherSubscription=0 subscription=0 !mBeforeIsNoSingal=false mCallSubscription=-1 mIsWaitingBusy=false mSMSOtherSubscription=0 mSendingSMS=false
D/StatusBar.MSimNetworkController( 1743): updateDataNetType subscription =0 mMSimDataNetType =13
D/StatusBar.MSimNetworkController( 1743): Frequently refreshed,will be inglored! subscription: 0
D/StatusBar.MSimNetworkController( 1743): onDataActivity received on subscription :0 direction=0
I/StatusBar.MSimNetworkController( 1743): dataSub===0 mSubscription===0 mMSimDataActivity[mSubscription]===0 mLastSignalType[mSubscription]===1
D/StatusBar.MSimNetworkController( 1743): updateDataIcon subscription =0 dataSub =0
D/StatusBar.MSimNetworkController( 1743): updateDataIcon when SimState =UNKNOWN
D/StatusBar.MSimNetworkController( 1743): updateDataIcon when mMSimDataConnected =true
D/StatusBar.MSimNetworkController( 1743): updateDataNetType subscription =0 mMSimDataNetType =13
W/ResourceType( 2120): No known package when getting value for resource number 0xffffffff
D/StatusBar.MSimNetworkController( 1743): refreshdata connected={ data } level=3 mMSimcombinedSignalIconId=0x7f020323/com.android.systemui:drawable/stat_sys_signal_3_fully mMSimcombinedActivityIconId=0x7f020367 mAirplaneMode=false mMSimDataActivity=0 mMSimPhoneSignalIconId=0x7f020323 mMSimDataDirectionIconId=0x7f0202a6 mMSimDataSignalIconId=0x7f020323 mMSimDataTypeIconId=0x7f020282 mNoSimIconVisible false mWifiIconId=0x0 mBluetoothTetherIconId=0x1080694
V/KeyguardHostView( 2120): showPrimarySecurityScreen(turningOff=false)
D/StatusBar.MSimNetworkController( 1743): refreshdata connected={ } level=0 mMSimcombinedSignalIconId=0x7f020385/com.android.systemui:drawable/stat_sys_signal_null mMSimcombinedActivityIconId=0x7f0203c4 mAirplaneMode=false mMSimDataActivity=0 mMSimPhoneSignalIconId=0x7f020385 mMSimDataDirectionIconId=0x0 mMSimDataSignalIconId=0x7f020385 mMSimDataTypeIconId=0x0 mNoSimIconVisible false mWifiIconId=0x0 mBluetoothTetherIconId=0x1080694
D/KeyguardHostView( 2120): showSecurityScreen(PIN),mCurrentSecuritySelection=Invalid
V/KeyguardHostView( 2120): inflating id = 2130903114
I/HwSystemManager( 1838): MemCPUMonitor:MemCPUMonitor : STOP_MONITOR_MESSAGE.
D/HwCust  ( 2120): Create obj success use class com.android.keyguard.HwCustKeyguardAbsKeyInputViewImpl
D/DisplayPowerState( 1137): setColorFadeLevel: level=0.8563193
D/DisplayPowerState( 1137): Screen ready
D/StatusBar.MSimNetworkController( 1743): Frequently refreshed,will be inglored! subscription: 0
D/StatusBar.MSimNetworkController( 1743): onDataActivity received on subscription :1 direction=0
I/StatusBar.MSimNetworkController( 1743): dataSub===0 mSubscription===1 mMSimDataActivity[mSubscription]===0 mLastSignalType[mSubscription]===0
D/StatusBar.MSimNetworkController( 1743): updateDataIcon subscription =1 dataSub =0
D/StatusBar.MSimNetworkController( 1743): updateDataIcon when SimState =UNKNOWN
D/StatusBar.MSimNetworkController( 1743): updateDataIcon when mMSimDataConnected =false
D/StatusBar.MSimNetworkController( 1743): Frequently refreshed,will be inglored! subscription: 1
D/StatusBar.MSimNetworkController( 1743): onDataActivity received on subscription :0 direction=0
I/StatusBar.MSimNetworkController( 1743): dataSub===0 mSubscription===0 mMSimDataActivity[mSubscription]===0 mLastSignalType[mSubscription]===1
D/StatusBar.MSimNetworkController( 1743): updateDataIcon subscription =0 dataSub =0
D/StatusBar.MSimNetworkController( 1743): updateDataIcon when SimState =UNKNOWN
D/StatusBar.MSimNetworkController( 1743): updateDataIcon when mMSimDataConnected =true
D/StatusBar.MSimNetworkController( 1743): updateDataNetType subscription =0 mMSimDataNetType =13
D/StatusBar.MSimNetworkController( 1743): refreshdata connected={ data } level=3 mMSimcombinedSignalIconId=0x7f020323/com.android.systemui:drawable/stat_sys_signal_3_fully mMSimcombinedActivityIconId=0x7f020367 mAirplaneMode=false mMSimDataActivity=0 mMSimPhoneSignalIconId=0x7f020323 mMSimDataDirectionIconId=0x7f0202a6 mMSimDataSignalIconId=0x7f020323 mMSimDataTypeIconId=0x7f020282 mNoSimIconVisible false mWifiIconId=0x0 mBluetoothTetherIconId=0x1080694
D/StatusBar.MSimNetworkController( 1743): refreshdata connected={ } level=0 mMSimcombinedSignalIconId=0x7f020385/com.android.systemui:drawable/stat_sys_signal_null mMSimcombinedActivityIconId=0x7f0203c4 mAirplaneMode=false mMSimDataActivity=0 mMSimPhoneSignalIconId=0x7f020385 mMSimDataDirectionIconId=0x0 mMSimDataSignalIconId=0x7f020385 mMSimDataTypeIconId=0x0 mNoSimIconVisible false mWifiIconId=0x0 mBluetoothTetherIconId=0x1080694
I/HwTrustAgent(12490): mScreenStateReceiver action = android.intent.action.SCREEN_OFF
D/BluetoothCommunication(12490): readRssi, enable = false
I/RssiThreshold(12490): cleanRssiThresholdMap isAll = true,device = null
D/HwCust  ( 2120): Create obj success use class android.widget.HwCustEditorImpl
D/StatusBar.MSimNetworkController( 1743): refreshdata connected={ data } level=3 mMSimcombinedSignalIconId=0x7f020323/com.android.systemui:drawable/stat_sys_signal_3_fully mMSimcombinedActivityIconId=0x7f020367 mAirplaneMode=false mMSimDataActivity=0 mMSimPhoneSignalIconId=0x7f020323 mMSimDataDirectionIconId=0x7f0202a6 mMSimDataSignalIconId=0x7f020323 mMSimDataTypeIconId=0x7f020282 mNoSimIconVisible false mWifiIconId=0x0 mBluetoothTetherIconId=0x1080694
D/StatusBar.MSimNetworkController( 1743): refreshdata connected={ } level=0 mMSimcombinedSignalIconId=0x7f020385/com.android.systemui:drawable/stat_sys_signal_null mMSimcombinedActivityIconId=0x7f0203c4 mAirplaneMode=false mMSimDataActivity=0 mMSimPhoneSignalIconId=0x7f020385 mMSimDataDirectionIconId=0x0 mMSimDataSignalIconId=0x7f020385 mMSimDataTypeIconId=0x0 mNoSimIconVisible false mWifiIconId=0x0 mBluetoothTetherIconId=0x1080694
D/StatusBar.MSimNetworkController( 1743): Frequently refreshed,will be inglored! subscription: 0
D/StatusBar.MSimNetworkController( 1743): onDataActivity received on subscription :1 direction=0
I/StatusBar.MSimNetworkController( 1743): dataSub===0 mSubscription===1 mMSimDataActivity[mSubscription]===0 mLastSignalType[mSubscription]===0
D/StatusBar.MSimNetworkController( 1743): updateDataIcon subscription =1 dataSub =0
D/StatusBar.MSimNetworkController( 1743): updateDataIcon when SimState =UNKNOWN
D/StatusBar.MSimNetworkController( 1743): updateDataIcon when mMSimDataConnected =false
D/StatusBar.MSimNetworkController( 1743): Frequently refreshed,will be inglored! subscription: 1
D/StatusBar.MSimNetworkController( 1743): onDataActivity received on subscription :0 direction=0
I/StatusBar.MSimNetworkController( 1743): dataSub===0 mSubscription===0 mMSimDataActivity[mSubscription]===0 mLastSignalType[mSubscription]===1
D/StatusBar.MSimNetworkController( 1743): updateDataIcon subscription =0 dataSub =0
D/StatusBar.MSimNetworkController( 1743): updateDataIcon when SimState =UNKNOWN
D/StatusBar.MSimNetworkController( 1743): updateDataIcon when mMSimDataConnected =true
D/StatusBar.MSimNetworkController( 1743): updateDataNetType subscription =0 mMSimDataNetType =13
D/StatusBar.MSimNetworkController( 1743): Frequently refreshed,will be inglored! subscription: 0
D/StatusBar.MSimNetworkController( 1743): onDataActivity received on subscription :1 direction=0
I/StatusBar.MSimNetworkController( 1743): dataSub===0 mSubscription===1 mMSimDataActivity[mSubscription]===0 mLastSignalType[mSubscription]===0
D/StatusBar.MSimNetworkController( 1743): updateDataIcon subscription =1 dataSub =0
D/StatusBar.MSimNetworkController( 1743): updateDataIcon when SimState =UNKNOWN
D/StatusBar.MSimNetworkController( 1743): updateDataIcon when mMSimDataConnected =false
D/StatusBar.MSimNetworkController( 1743): Frequently refreshed,will be inglored! subscription: 1
D/StatusBar.MSimNetworkController( 1743): onDataActivity received on subscription :0 direction=0
I/StatusBar.MSimNetworkController( 1743): dataSub===0 mSubscription===0 mMSimDataActivity[mSubscription]===0 mLastSignalType[mSubscription]===1
D/StatusBar.MSimNetworkController( 1743): updateDataIcon subscription =0 dataSub =0
D/StatusBar.MSimNetworkController( 1743): updateDataIcon when SimState =UNKNOWN
D/StatusBar.MSimNetworkController( 1743): updateDataIcon when mMSimDataConnected =true
D/StatusBar.MSimNetworkController( 1743): updateDataNetType subscription =0 mMSimDataNetType =13
V/AlarmManager( 1137): set(PendingIntent{c019c78: PendingIntentRecord{172c5f51 android broadcastIntent}}) : type=2 triggerAtTime=104600337 win=-1 tElapsed=104600337 maxElapsed=104622837 interval=0 standalone=false
D/StatusBar.MSimNetworkController( 1743): refreshdata connected={ data } level=3 mMSimcombinedSignalIconId=0x7f020323/com.android.systemui:drawable/stat_sys_signal_3_fully mMSimcombinedActivityIconId=0x7f020367 mAirplaneMode=false mMSimDataActivity=0 mMSimPhoneSignalIconId=0x7f020323 mMSimDataDirectionIconId=0x7f0202a6 mMSimDataSignalIconId=0x7f020323 mMSimDataTypeIconId=0x7f020282 mNoSimIconVisible false mWifiIconId=0x0 mBluetoothTetherIconId=0x1080694
D/StatusBar.MSimNetworkController( 1743): refreshdata connected={ } level=0 mMSimcombinedSignalIconId=0x7f020385/com.android.systemui:drawable/stat_sys_signal_null mMSimcombinedActivityIconId=0x7f0203c4 mAirplaneMode=false mMSimDataActivity=0 mMSimPhoneSignalIconId=0x7f020385 mMSimDataDirectionIconId=0x0 mMSimDataSignalIconId=0x7f020385 mMSimDataTypeIconId=0x0 mNoSimIconVisible false mWifiIconId=0x0 mBluetoothTetherIconId=0x1080694
D/DisplayPowerState( 1137): setColorFadeLevel: level=0.8064536
D/DisplayPowerState( 1137): Screen ready
D/StatusBar.MSimNetworkController( 1743): Frequently refreshed,will be inglored! subscription: 0
D/StatusBar.MSimNetworkController( 1743): onDataActivity received on subscription :1 direction=0
I/StatusBar.MSimNetworkController( 1743): dataSub===0 mSubscription===1 mMSimDataActivity[mSubscription]===0 mLastSignalType[mSubscription]===0
D/StatusBar.MSimNetworkController( 1743): updateDataIcon subscription =1 dataSub =0
D/StatusBar.MSimNetworkController( 1743): updateDataIcon when SimState =UNKNOWN
D/StatusBar.MSimNetworkController( 1743): updateDataIcon when mMSimDataConnected =false
D/StatusBar.MSimNetworkController( 1743): Frequently refreshed,will be inglored! subscription: 1
W/ActivityManager( 1137): getTasks: caller 10114 does not hold REAL_GET_TASKS; limiting output
D/DisplayPowerState( 1137): setColorFadeLevel: level=0.7511328
D/DisplayPowerState( 1137): Screen ready
I/HwActivityManagerService( 1137): OverscanTimeout run
D/SettingsProvider( 1137): AppName: system
D/SettingsProvider( 1137): method:PUT_global||request:single_hand_mode||newValue:
W/ActivityManager( 1137): getTasks: caller 10111 does not hold REAL_GET_TASKS; limiting output
D/DisplayPowerState( 1137): setColorFadeLevel: level=0.69496393
D/DisplayPowerState( 1137): Screen ready
D/DisplayPowerState( 1137): setColorFadeLevel: level=0.63193655
D/DisplayPowerState( 1137): Screen ready
D/AppsCleanUp( 2143): timer clean is disable.
D/EmergencyButton( 2120): simState : READY,phoneState :0
D/AlarmAdapter( 2143): setUniteEnable: true
I/SmartHeartBeat( 1137): setUniteEnable, state: true
W/Settings( 2120): Setting airplane_mode_on has moved from android.provider.Settings.System to android.provider.Settings.Global, returning read-only value.
D/EmergencyButton( 2120): hasCdmaSimCard = true
D/EmergencyButton( 2120): enabled :true
D/Telecom ( 1137): TelecomService: isInCall callState is 0
D/DisplayPowerState( 1137): setColorFadeLevel: level=0.5665607
D/DisplayPowerState( 1137): Screen ready
D/TmoMonitor(14277): Cache monitor msg as screen_off
I/LightSensor( 1137): read Events lux: 21.0
D/StatusBar.MSimNetworkController( 1743): refreshdata connected={ data } level=3 mMSimcombinedSignalIconId=0x7f020323/com.android.systemui:drawable/stat_sys_signal_3_fully mMSimcombinedActivityIconId=0x7f020367 mAirplaneMode=false mMSimDataActivity=0 mMSimPhoneSignalIconId=0x7f020323 mMSimDataDirectionIconId=0x7f0202a6 mMSimDataSignalIconId=0x7f020323 mMSimDataTypeIconId=0x7f020282 mNoSimIconVisible false mWifiIconId=0x0 mBluetoothTetherIconId=0x1080694
D/StatusBar.MSimNetworkController( 1743): onDataActivity received on subscription :0 direction=0
I/StatusBar.MSimNetworkController( 1743): dataSub===0 mSubscription===0 mMSimDataActivity[mSubscription]===0 mLastSignalType[mSubscription]===1
D/StatusBar.MSimNetworkController( 1743): updateDataIcon subscription =0 dataSub =0
D/StatusBar.MSimNetworkController( 1743): updateDataIcon when SimState =UNKNOWN
D/StatusBar.MSimNetworkController( 1743): updateDataIcon when mMSimDataConnected =true
D/StatusBar.MSimNetworkController( 1743): updateDataNetType subscription =0 mMSimDataNetType =13
D/StatusBar.MSimNetworkController( 1743): refreshdata connected={ } level=0 mMSimcombinedSignalIconId=0x7f020385/com.android.systemui:drawable/stat_sys_signal_null mMSimcombinedActivityIconId=0x7f0203c4 mAirplaneMode=false mMSimDataActivity=0 mMSimPhoneSignalIconId=0x7f020385 mMSimDataDirectionIconId=0x0 mMSimDataSignalIconId=0x7f020385 mMSimDataTypeIconId=0x0 mNoSimIconVisible false mWifiIconId=0x0 mBluetoothTetherIconId=0x1080694
D/StatusBar.MSimNetworkController( 1743): refreshdata connected={ } level=0 mMSimcombinedSignalIconId=0x7f020385/com.android.systemui:drawable/stat_sys_signal_null mMSimcombinedActivityIconId=0x7f0203c4 mAirplaneMode=false mMSimDataActivity=0 mMSimPhoneSignalIconId=0x7f020385 mMSimDataDirectionIconId=0x0 mMSimDataSignalIconId=0x7f020385 mMSimDataTypeIconId=0x0 mNoSimIconVisible false mWifiIconId=0x0 mBluetoothTetherIconId=0x1080694
D/StatusBar.MSimNetworkController( 1743): Frequently refreshed,will be inglored! subscription: 0
D/StatusBar.MSimNetworkController( 1743): onDataActivity received on subscription :1 direction=0
I/StatusBar.MSimNetworkController( 1743): dataSub===0 mSubscription===1 mMSimDataActivity[mSubscription]===0 mLastSignalType[mSubscription]===0
D/StatusBar.MSimNetworkController( 1743): updateDataIcon subscription =1 dataSub =0
D/StatusBar.MSimNetworkController( 1743): updateDataIcon when SimState =UNKNOWN
D/StatusBar.MSimNetworkController( 1743): updateDataIcon when mMSimDataConnected =false
D/StatusBar.MSimNetworkController( 1743): Frequently refreshed,will be inglored! subscription: 1
D/StatusBar.MSimNetworkController( 1743): onDataActivity received on subscription :1 direction=0
I/StatusBar.MSimNetworkController( 1743): dataSub===0 mSubscription===1 mMSimDataActivity[mSubscription]===0 mLastSignalType[mSubscription]===0
D/StatusBar.MSimNetworkController( 1743): updateDataIcon subscription =1 dataSub =0
D/StatusBar.MSimNetworkController( 1743): updateDataIcon when SimState =UNKNOWN
D/StatusBar.MSimNetworkController( 1743): updateDataIcon when mMSimDataConnected =false
D/StatusBar.MSimNetworkController( 1743): Frequently refreshed,will be inglored! subscription: 1
D/StatusBar.MSimNetworkController( 1743): onDataActivity received on subscription :0 direction=0
I/StatusBar.MSimNetworkController( 1743): dataSub===0 mSubscription===0 mMSimDataActivity[mSubscription]===0 mLastSignalType[mSubscription]===1
D/StatusBar.MSimNetworkController( 1743): updateDataIcon subscription =0 dataSub =0
D/StatusBar.MSimNetworkController( 1743): updateDataIcon when SimState =UNKNOWN
D/StatusBar.MSimNetworkController( 1743): updateDataIcon when mMSimDataConnected =true
D/StatusBar.MSimNetworkController( 1743): updateDataNetType subscription =0 mMSimDataNetType =13
D/DisplayPowerState( 1137): setColorFadeLevel: level=0.50392705
D/DisplayPowerState( 1137): Screen ready
V/KeyguardUpdateMonitor( 2120): *** register callback for com.android.keyguard.KeyguardHostView$1@35a6229
V/KeyguardUpdateMonitor( 2120): *** unregister callback for null
D/StatusBar.MSimNetworkController( 1743): refreshdata connected={ data } level=3 mMSimcombinedSignalIconId=0x7f020323/com.android.systemui:drawable/stat_sys_signal_3_fully mMSimcombinedActivityIconId=0x7f020367 mAirplaneMode=false mMSimDataActivity=0 mMSimPhoneSignalIconId=0x7f020323 mMSimDataDirectionIconId=0x7f0202a6 mMSimDataSignalIconId=0x7f020323 mMSimDataTypeIconId=0x7f020282 mNoSimIconVisible false mWifiIconId=0x0 mBluetoothTetherIconId=0x1080694
D/StandbyModeManager(31549): onReceive action: android.intent.action.SCREEN_OFF
W/ActivityManager( 1137): getTasks: caller 10129 does not hold REAL_GET_TASKS; limiting output
D/StatusBar.MSimNetworkController( 1743): Frequently refreshed,will be inglored! subscription: 0
D/StatusBar.MSimNetworkController( 1743): onDataActivity received on subscription :0 direction=0
I/StatusBar.MSimNetworkController( 1743): dataSub===0 mSubscription===0 mMSimDataActivity[mSubscription]===0 mLastSignalType[mSubscription]===1
D/StatusBar.MSimNetworkController( 1743): updateDataIcon subscription =0 dataSub =0
D/StatusBar.MSimNetworkController( 1743): updateDataIcon when SimState =UNKNOWN
D/StatusBar.MSimNetworkController( 1743): updateDataIcon when mMSimDataConnected =true
D/StatusBar.MSimNetworkController( 1743): updateDataNetType subscription =0 mMSimDataNetType =13
V/SMCSAMSHelper( 1137): SMCSAMSHelper.addSTPEvent: cost 0 ms end.
V/SMCSAMSHelper( 1137): SMCSAMSHelper.smartTrimAddProcessRelation: cost 0 ms end.
V/KeyguardUpdateMonitor( 2120): *** register callback for com.android.keyguard.KeyguardWidgetFrame$1@c1a79ae
V/KeyguardUpdateMonitor( 2120): *** unregister callback for null
D/StatusBar.MSimNetworkController( 1743): refreshdata connected={ data } level=3 mMSimcombinedSignalIconId=0x7f020323/com.android.systemui:drawable/stat_sys_signal_3_fully mMSimcombinedActivityIconId=0x7f020367 mAirplaneMode=false mMSimDataActivity=0 mMSimPhoneSignalIconId=0x7f020323 mMSimDataDirectionIconId=0x7f0202a6 mMSimDataSignalIconId=0x7f020323 mMSimDataTypeIconId=0x7f020282 mNoSimIconVisible false mWifiIconId=0x0 mBluetoothTetherIconId=0x1080694
D/StatusBar.MSimNetworkController( 1743): refreshdata connected={ } level=0 mMSimcombinedSignalIconId=0x7f020385/com.android.systemui:drawable/stat_sys_signal_null mMSimcombinedActivityIconId=0x7f0203c4 mAirplaneMode=false mMSimDataActivity=0 mMSimPhoneSignalIconId=0x7f020385 mMSimDataDirectionIconId=0x0 mMSimDataSignalIconId=0x7f020385 mMSimDataTypeIconId=0x0 mNoSimIconVisible false mWifiIconId=0x0 mBluetoothTetherIconId=0x1080694
V/KeyguardUpdateMonitor( 2120): *** register callback for com.android.keyguard.KeyguardStatusView$1@2ed034f
V/KeyguardUpdateMonitor( 2120): *** unregister callback for null
D/StandbyModeManager(31549): stop try start standby by lockScreenMsg ON when screenoff
W/ResourceType( 2120): No known package when getting value for resource number 0xffffffff
W/ResourceType( 2120): No known package when getting value for resource number 0xffffffff
W/ActivityManager( 1137): getTasks: caller 10129 does not hold REAL_GET_TASKS; limiting output
D/DisplayPowerState( 1137): setColorFadeLevel: level=0.43733346
D/DisplayPowerState( 1137): Screen ready
D/StatusBar.MSimNetworkController( 1743): Frequently refreshed,will be inglored! subscription: 0
D/StatusBar.MSimNetworkController( 1743): onDataActivity received on subscription :1 direction=0
I/StatusBar.MSimNetworkController( 1743): dataSub===0 mSubscription===1 mMSimDataActivity[mSubscription]===0 mLastSignalType[mSubscription]===0
D/StatusBar.MSimNetworkController( 1743): updateDataIcon subscription =1 dataSub =0
D/StatusBar.MSimNetworkController( 1743): updateDataIcon when SimState =UNKNOWN
D/StatusBar.MSimNetworkController( 1743): updateDataIcon when mMSimDataConnected =false
D/StatusBar.MSimNetworkController( 1743): Frequently refreshed,will be inglored! subscription: 1
D/StatusBar.MSimNetworkController( 1743): onDataActivity received on subscription :0 direction=0
I/StatusBar.MSimNetworkController( 1743): dataSub===0 mSubscription===0 mMSimDataActivity[mSubscription]===0 mLastSignalType[mSubscription]===1
D/StatusBar.MSimNetworkController( 1743): updateDataIcon subscription =0 dataSub =0
D/StatusBar.MSimNetworkController( 1743): updateDataIcon when SimState =UNKNOWN
D/StatusBar.MSimNetworkController( 1743): updateDataIcon when mMSimDataConnected =true
D/StatusBar.MSimNetworkController( 1743): updateDataNetType subscription =0 mMSimDataNetType =13
D/MSF.C.LogManager(31549): onReceive broadcastreceiver.action = android.intent.action.SCREEN_OFF
D/StatusBar.MSimNetworkController( 1743): refreshdata connected={ data } level=3 mMSimcombinedSignalIconId=0x7f020323/com.android.systemui:drawable/stat_sys_signal_3_fully mMSimcombinedActivityIconId=0x7f020367 mAirplaneMode=false mMSimDataActivity=0 mMSimPhoneSignalIconId=0x7f020323 mMSimDataDirectionIconId=0x7f0202a6 mMSimDataSignalIconId=0x7f020323 mMSimDataTypeIconId=0x7f020282 mNoSimIconVisible false mWifiIconId=0x0 mBluetoothTetherIconId=0x1080694
D/DisplayPowerState( 1137): setColorFadeLevel: level=0.37565517
D/DisplayPowerState( 1137): Screen ready
D/StatusBar.MSimNetworkController( 1743): Frequently refreshed,will be inglored! subscription: 0
D/StatusBar.MSimNetworkController( 1743): onDataActivity received on subscription :1 direction=0
I/StatusBar.MSimNetworkController( 1743): dataSub===0 mSubscription===1 mMSimDataActivity[mSubscription]===0 mLastSignalType[mSubscription]===0
D/StatusBar.MSimNetworkController( 1743): updateDataIcon subscription =1 dataSub =0
D/StatusBar.MSimNetworkController( 1743): updateDataIcon when SimState =UNKNOWN
D/StatusBar.MSimNetworkController( 1743): updateDataIcon when mMSimDataConnected =false
D/KeyguardStatusViewEx( 2120): KeyguardStatusViewEx onAttachedToWindow 
D/StatusBar.MSimNetworkController( 1743): refreshdata connected={ } level=0 mMSimcombinedSignalIconId=0x7f020385/com.android.systemui:drawable/stat_sys_signal_null mMSimcombinedActivityIconId=0x7f0203c4 mAirplaneMode=false mMSimDataActivity=0 mMSimPhoneSignalIconId=0x7f020385 mMSimDataDirectionIconId=0x0 mMSimDataSignalIconId=0x7f020385 mMSimDataTypeIconId=0x0 mNoSimIconVisible false mWifiIconId=0x0 mBluetoothTetherIconId=0x1080694
I/HwMusicManager( 2120): registerMusicObserver context=com.android.keyguard.KeyguardService@2a3bc2c1
I/HwMusic ( 2120): beginObserver mMediaController=null
D/HwMusic ( 2120): updatePlayPauseState is not support music package mCurrentPlayPackage=null
W/HwMusic ( 2120): findCurrentMediaPlayPackage sessions size is 0
D/HwMusic ( 2120): updatePlayPauseState is not support music package mCurrentPlayPackage=null
D/StatusBar.MSimNetworkController( 1743): Frequently refreshed,will be inglored! subscription: 1
I/PG Utils( 2120): acquire_provider pkg:[com.android.providers.media] pid:[] send to pg
D/DisplayPowerState( 1137): setColorFadeLevel: level=0.31229228
D/DisplayPowerState( 1137): Screen ready
V/KeyguardUpdateMonitor( 2120): *** register callback for com.android.keyguard.KeyguardMessageArea$2@249882ba
V/KeyguardUpdateMonitor( 2120): *** unregister callback for null
W/ActivityManager( 1137): getTasks: caller 10129 does not hold REAL_GET_TASKS; limiting output
D/DisplayPowerState( 1137): setColorFadeLevel: level=0.2522707
D/DisplayPowerState( 1137): Screen ready
V/KeyguardUpdateMonitor( 2120): *** register callback for com.android.keyguard.EmergencyButton$1@22a0856b
V/KeyguardUpdateMonitor( 2120): *** unregister callback for null
D/EmergencyButton( 2120): simState : READY,phoneState :0
W/Settings( 2120): Setting airplane_mode_on has moved from android.provider.Settings.System to android.provider.Settings.Global, returning read-only value.
D/EmergencyButton( 2120): hasCdmaSimCard = true
D/EmergencyButton( 2120): enabled :true
D/Telecom ( 1137): TelecomService: isInCall callState is 0
D/HwMusic ( 2120): getMusicCount = 44
W/ActivityManager( 1137): getTasks: caller 10129 does not hold REAL_GET_TASKS; limiting output
D/DisplayPowerState( 1137): setColorFadeLevel: level=0.19979
D/DisplayPowerState( 1137): Screen ready
D/QzoneOnlineTimeCollectRptService(21667): closeTrace isForeground:false
D/EmergencyButton( 2120): simState : READY,phoneState :0
W/Settings( 2120): Setting airplane_mode_on has moved from android.provider.Settings.System to android.provider.Settings.Global, returning read-only value.
D/DisplayPowerState( 1137): setColorFadeLevel: level=0.14923435
D/EmergencyButton( 2120): hasCdmaSimCard = true
D/EmergencyButton( 2120): enabled :true
D/Telecom ( 1137): TelecomService: isInCall callState is 0
D/DisplayPowerState( 1137): Screen ready
D/HwCust  ( 2120): Create obj success use class com.android.keyguard.HwCustEmergencyButtonImpl
D/InfoCenterView( 2120): registerInfoModeCallback com.android.huawei.music.HwMusicView$2@2c198c8,size=0
V/KeyguardUpdateMonitor( 2120): *** register callback for com.android.keyguard.KeyguardStatusView$1@1bab2d61
V/KeyguardUpdateMonitor( 2120): *** unregister callback for null
W/ResourceType( 2120): No known package when getting value for resource number 0xffffffff
W/ResourceType( 2120): No known package when getting value for resource number 0xffffffff
D/KeyguardStatusViewEx( 2120): KeyguardStatusViewEx onAttachedToWindow 
D/DisplayPowerState( 1137): setColorFadeLevel: level=0.10492253
D/DisplayPowerState( 1137): Screen ready
V/KeyguardUpdateMonitor( 2120): *** register callback for com.android.keyguard.EmergencyButton$1@1fc00d47
V/KeyguardUpdateMonitor( 2120): *** unregister callback for null
E/b.b(L:-1)( 1338): stop ContentObserver exception:Receiver not registered: com.datac.newspm.broadcast.TimeTickBroadcast@1599de31
D/EmergencyButton( 2120): simState : READY,phoneState :0
W/Settings( 2120): Setting airplane_mode_on has moved from android.provider.Settings.System to android.provider.Settings.Global, returning read-only value.
D/EmergencyButton( 2120): hasCdmaSimCard = true
D/EmergencyButton( 2120): enabled :true
D/DisplayPowerState( 1137): setColorFadeLevel: level=0.06962907
D/DisplayPowerState( 1137): Screen ready
D/PowerManagerService( 1137): Releasing suspend blocker "PowerManagerService.Broadcasts".
D/Telecom ( 1137): TelecomService: isInCall callState is 0
D/EmergencyButton( 2120): simState : READY,phoneState :0
W/Settings( 2120): Setting airplane_mode_on has moved from android.provider.Settings.System to android.provider.Settings.Global, returning read-only value.
D/EmergencyButton( 2120): hasCdmaSimCard = true
D/EmergencyButton( 2120): enabled :true
D/DisplayPowerState( 1137): setColorFadeLevel: level=0.039577305
D/Telecom ( 1137): TelecomService: isInCall callState is 0
D/HwCust  ( 2120): Create obj success use class com.android.keyguard.HwCustEmergencyButtonImpl
I/CameraLayout( 2120): onAttachedToWindow 
I/UnderLayer( 2120): UnderLayer view
D/CameraLayout( 2120): onAttachedToWindow unlockStyle=potter,isSecure=true,doubleOnfalse
D/HwNotification( 2120): HwNotificationView onAttatchedToWindow count=0
D/DisplayPowerState( 1137): Screen ready
I/HwNotification( 2120): mNotificationListener registerNotification
V/KeyguardUpdateMonitor( 2120): *** register callback for com.android.huawei.hwlockscreen.chargeanim.ChargeEffectsLayerView$1@14bb7974
V/KeyguardUpdateMonitor( 2120): *** unregister callback for null
V/KeyguardUpdateMonitor( 2120): *** register callback for com.android.huawei.hwlockscreen.chargeanim.ChargeAnimView$2@168c3e9d
V/KeyguardUpdateMonitor( 2120): *** unregister callback for null
I/ThreadPoolExecutor.runWorker(L:1112)( 1338): tracker save:com.huawei.android.launcher.Launcher
I/ThreadPoolExecutor.runWorker(L:1112)( 1338): sessiontracker stop
I/MagazineUtils( 2120): is magazine unlock on, now is only security mode
I/MMS     ( 1338): WANT CLIENT data 
I/MMS     ( 1338): client_mix_time = 158072 clientconfigtime:432000
I/MMS     ( 1338): try to get client info but not ClientInfo's time
I/c.run(L:-1)( 1338): upload_config_duation=10799 duration=1372
D/DisplayPowerState( 1137): setColorFadeLevel: level=0.018772364
D/DisplayPowerState( 1137): Screen ready
V/KeyguardUpdateMonitor( 2120): *** register callback for com.android.huawei.hwlockscreen.infocenter.MonteGrayView$1@1f38af12
V/KeyguardUpdateMonitor( 2120): *** unregister callback for null
I/MonteGrayView( 2120): keyguard blur, on set blur background : bitmap = null, visibility = 0, mDrawableBlur = null
D/KeyguardViewManager( 2120): Rotation sensor for lock screen Off!
V/KeyguardViewManager( 2120): show:setSystemUiVisibility(200000)
D/HwSmallMusicView( 2120): onVisibilityChanged,visibility=0,musicVisible=8
D/HwMusicView( 2120): onVisibilityChanged ,visibility=0,getVisibility()=8
D/MusicUtils( 2120): sendLyricsBroadcast show=false,x=0,y=0
W/ContextImpl( 2120): Calling a method in the system process without a qualified user: android.app.ContextImpl.sendBroadcast:1464 android.content.ContextWrapper.sendBroadcast:377 com.android.huawei.music.MusicUtils.sendLyricsBroadcast:402 com.android.huawei.music.HwMusicView.onVisibilityChanged:400 android.view.View.dispatchVisibilityChanged:8765 
D/KeyguardHostView( 2120): show()
V/KeyguardHostView( 2120): showPrimarySecurityScreen(turningOff=false)
D/KeyguardHostView( 2120): showSecurityScreen(PIN),mCurrentSecuritySelection=PIN
D/DisplayPowerState( 1137): setColorFadeLevel: level=0.0049881935
D/DisplayPowerState( 1137): Screen ready
D/KeyguardViewMediator( 2120): adjustStatusBarLocked: mShowing=true mOccluded=false isSecure=true --> flags=0x3290000
D/PhoneStatusBar( 1743): disable: < EXPAND* icons alerts TICKER* system_info back HOME* RECENT* clock SEARCH* >
D/KeyguardViewMediator( 2120): dumpShowTime [ScreenOff_show] = 509
D/KeyguardViewMediator( 2120): handleMessage dt = 462
D/PhoneStatusBar/NavigationBarView( 1743): setDisabledFlags home button, disableHome:true,disableSearch:true
V/KeyguardStatusView( 2120): Disable transport text marquee
V/KeyguardStatusView( 2120): Disable transport text marquee
I/KeyguardHostView( 2120): KeyguardUpdatMonitor onTrustManagedChanged managed=true
I/KeyguardHostView( 2120): KeyguardUpdatMonitor onTrustChanged enabled=false,initiatedByUser=false
I/HwLauncher( 2233): Launcher dismissDialog
I/HwLauncher( 2233): Launcher dismissDialog
I/HwLauncher( 2233): Launcher dismissDialog
D/PowerManagerService( 1137): userActivityNoUpdateLocked: eventTime=35127734, event=0, flags=0x0, uid=1000
D/PowerManagerNotifier( 1137): onUserActivity: event=0, uid=1000
D/PowerManagerService( 1137): releaseWakeLockInternal: lock=503932638, flags=0x0, packageName=com.android.keyguard", ws=null, uid=1000, pid=2120
D/PowerManagerService( 1137): updateWakeLockSummaryLocked: mWakefulness=Asleep, mWakeLockSummary=0x1
D/PowerManagerService( 1137): updateUserActivitySummaryLocked: mWakefulness=Asleep, mUserActivitySummary=0x0, nextTimeout=0 (35127736 ms ago)
D/PowerManagerService( 1137): updateDisplayPowerStateLocked: mDisplayReady=false, policy=0, mWakefulness=0, mWakeLockSummary=0x1, mUserActivitySummary=0x0, mBootCompleted=true, mScreenBrightnessBoostInProgress=false, useProximitySensor=false, mRequestWaitForNegativeProximity=false, mBrightnessWaitModeEnabled=false
V/KeyguardDisplayManager( 2120): show
D/DisplayPowerState( 1137): setColorFadeLevel: level=1.5377998E-5
D/KeyguardViewMediator( 2120): setOccluded false
D/KeyguardUpdateMonitor( 2120): sendKeyguardVisibilityChanged(true)
D/DisplayPowerState( 1137): Screen ready
D/KeyguardViewMediator( 2120): setOccluded false
D/KeyguardUpdateMonitor( 2120): sendKeyguardVisibilityChanged(true)
D/DisplayPowerState( 1137): setColorFadeLevel: level=0.0
D/DisplayPowerState( 1137): Requesting new screen state: state=ON, backlight=0
D/DisplayPowerState( 1137): Screen not ready
D/DisplayPowerState( 1137): setScreenState: state=1
W/HwScreenOnProximityLock( 1137): releaseLock: return because sensor listener is held = false
E/ServiceManager(  332): add_service('easywakeup',6b) uid=1000 - ALREADY REGISTERED, OVERRIDE
I/ServiceManager(  332): service 'easywakeup' died
W/System.err( 1137): java.io.FileNotFoundException: /sys/devices/platform/huawei_touch/easy_wakeup_gesture: open failed: ENOENT (No such file or directory)
W/System.err( 1137): 	at libcore.io.IoBridge.open(IoBridge.java:494)
W/System.err( 1137): 	at java.io.FileInputStream.<init>(FileInputStream.java:76)
W/System.err( 1137): 	at java.io.FileInputStream.<init>(FileInputStream.java:103)
W/System.err( 1137): 	at com.android.internal.policy.impl.EasyWakeUpManager.isEasyWakeupEnabledByKernel(EasyWakeUpManager.java:923)
W/System.err( 1137): 	at com.android.internal.policy.impl.EasyWakeUpManager.turnOnSensorListener(EasyWakeUpManager.java:955)
W/System.err( 1137): 	at com.android.internal.policy.impl.HwPhoneWindowManager.screenTurnedOff(HwPhoneWindowManager.java:2185)
W/System.err( 1137): 	at com.android.server.display.DisplayPowerController.setScreenState(DisplayPowerController.java:1041)
W/System.err( 1137): 	at com.android.server.display.DisplayPowerController.animateScreenStateChange(DisplayPowerController.java:1199)
W/System.err( 1137): 	at com.android.server.display.DisplayPowerController.updatePowerState(DisplayPowerController.java:758)
W/System.err( 1137): 	at com.android.server.display.DisplayPowerController.access$2000(DisplayPowerController.java:93)
W/System.err( 1137): 	at com.android.server.display.DisplayPowerController$DisplayControllerHandler.handleMessage(DisplayPowerController.java:1611)
W/System.err( 1137): 	at android.os.Handler.dispatchMessage(Handler.java:102)
W/System.err( 1137): 	at android.os.Looper.loop(Looper.java:135)
W/System.err( 1137): 	at android.os.HandlerThread.run(HandlerThread.java:61)
W/System.err( 1137): 	at com.android.server.ServiceThread.run(ServiceThread.java:46)
W/System.err( 1137): Caused by: android.system.ErrnoException: open failed: ENOENT (No such file or directory)
W/System.err( 1137): 	at libcore.io.Posix.open(Native Method)
W/System.err( 1137): 	at libcore.io.BlockGuardOs.open(BlockGuardOs.java:186)
W/System.err( 1137): 	at libcore.io.IoBridge.open(IoBridge.java:480)
W/System.err( 1137): 	... 14 more
E/EasyWakeUpManager( 1137): isEasyWakeupEnabledByKernel false
E/Sensors ( 1137): activate, 153: handle=4, enabled=0
E/Sensors ( 1137): activate, 739: handle=4, enable=0
W/LightSensor( 1137): LightSensor, enable, 453: en=0
W/LightSensor( 1137): LightSensor, enable, 454: flags=0
W/LightSensor( 1137): LightSensor, enable, 455: mEnabled=1
I/LightSensor( 1137): LightSensor disable, event occur num: 35
D/DisplayPowerState( 1137): Updating screen state: state=ON, backlight=0
D/PhoneStatusBar( 1743): disable: < EXPAND icons alerts TICKER system_info BACK* HOME RECENT CLOCK* SEARCH >
D/KeyguardViewMediator( 2120): setOccluded false
D/KeyguardUpdateMonitor( 2120): sendKeyguardVisibilityChanged(true)
D/LightsService( 1137): set color temp success
D/PhoneStatusBar/NavigationBarView( 1743): setDisabledFlags home button, disableHome:true,disableSearch:true
D/PhoneStatusBar( 1743): sbMode=-1, nbMode=0
D/PhoneStatusBar( 1743): mStatusBarMode=2, mNavigationBarMode=2
D/SurfaceFlinger(  340): Set power mode=0, type=0 flinger=0x559a162520
D/qdhwcomposer(  340): hwc_setPowerMode: Setting mode 0 on display: 0
E/qdutils (  340): int qdutils::getHDMINode(): Failed to open fb node 2
E/qdutils (  340): int qdutils::getHDMINode(): Failed to find HDMI node
I/PhoneStatusBar( 1743): shouldTranslucent:true
I/PhoneStatusBar( 1743): hw_status_bar_operators = true, setSystemUIVisibily(SHOW_OPERATOR = true)
I/WindowManager( 1137): update systemui visibility:[40e00708], mLastSystemUiFlags:[c0000700], win:[Window{13c5a29e u0 Keyguard}]
D/DisplayPowerController( 1137): Animating brightness: target=0, rate=0
D/DisplayPowerState( 1137): Requesting new screen state: state=OFF, backlight=0
D/DisplayPowerState( 1137): Screen not ready
D/DisplayPowerController( 1137): Animating brightness: target=0, rate=0
D/DisplayPowerState( 1137): Updating screen state: state=OFF, backlight=0
D/PowerManagerService( 1137): updateUserActivitySummaryLocked: mWakefulness=Asleep, mUserActivitySummary=0x0, nextTimeout=0 (35127777 ms ago)
D/PowerManagerService( 1137): updateDisplayPowerStateLocked: mDisplayReady=false, policy=0, mWakefulness=0, mWakeLockSummary=0x1, mUserActivitySummary=0x0, mBootCompleted=true, mScreenBrightnessBoostInProgress=false, useProximitySensor=false, mRequestWaitForNegativeProximity=false, mBrightnessWaitModeEnabled=false
D/KeyguardViewMediator( 2120): setOccluded false
D/KeyguardUpdateMonitor( 2120): sendKeyguardVisibilityChanged(true)
E/Parcel  (  408): Reading a NULL string not supported here.
E/Parcel  (  408): Reading a NULL string not supported here.
I/DisplayManagerService( 1137): Display device changed: DisplayDeviceInfo{"": uniqueId="local:0", 1080 x 1920, 60.0 fps, supportedRefreshRates [60.0], density 480, 403.411 x 403.041 dpi, appVsyncOff 0, presDeadline 17666667, touch INTERNAL, rotation 0, type BUILT_IN, state OFF, FLAG_DEFAULT_DISPLAY, FLAG_ROTATES_WITH_CONTENT, FLAG_SECURE, FLAG_SUPPORTS_PROTECTED_BUFFERS}
D/DisplayManagerService( 1137): Delivering display event: displayId=0, event=2
V/ActivityManager( 1137): Display changed displayId=0
D/PowerManagerService( 1137): acquireWakeLockInternal: lock=135367113, flags=0x1, packageName=com.android.phone, ws=null, uid=1001, pid=2166
D/PowerManagerService( 1137): updateWakeLockSummaryLocked: mWakefulness=Asleep, mWakeLockSummary=0x1
D/PowerManagerService( 1137): updateUserActivitySummaryLocked: mWakefulness=Asleep, mUserActivitySummary=0x0, nextTimeout=0 (35127796 ms ago)
D/PowerManagerService( 1137): updateDisplayPowerStateLocked: mDisplayReady=false, policy=0, mWakefulness=0, mWakeLockSummary=0x1, mUserActivitySummary=0x0, mBootCompleted=true, mScreenBrightnessBoostInProgress=false, useProximitySensor=false, mRequestWaitForNegativeProximity=false, mBrightnessWaitModeEnabled=false
V/BitmapFactoryEx( 1743): nativeDecodeFileDescriptorEx
I/KeyguardFingerprint.Validation( 2120): onWaitingForInput
I/KeyguardHostView( 2120): KeyguardUpdatMonitor onTrustManagedChanged managed=true
I/KeyguardHostView( 2120): KeyguardUpdatMonitor onTrustChanged enabled=true,initiatedByUser=false
D/PowerManagerService( 1137): acquireWakeLockInternal: lock=568924366, flags=0x1, packageName=com.android.phone, ws=null, uid=1001, pid=2166
D/PowerManagerService( 1137): updateWakeLockSummaryLocked: mWakefulness=Asleep, mWakeLockSummary=0x1
D/PowerManagerService( 1137): updateUserActivitySummaryLocked: mWakefulness=Asleep, mUserActivitySummary=0x0, nextTimeout=0 (35127800 ms ago)
D/PowerManagerService( 1137): updateDisplayPowerStateLocked: mDisplayReady=false, policy=0, mWakefulness=0, mWakeLockSummary=0x1, mUserActivitySummary=0x0, mBootCompleted=true, mScreenBrightnessBoostInProgress=false, useProximitySensor=false, mRequestWaitForNegativeProximity=false, mBrightnessWaitModeEnabled=false
D/PowerManagerService( 1137): releaseWakeLockInternal: lock=135367113, flags=0x0, packageName=com.android.phone", ws=null, uid=1001, pid=2166
D/PowerManagerService( 1137): updateWakeLockSummaryLocked: mWakefulness=Asleep, mWakeLockSummary=0x1
D/PowerManagerService( 1137): updateUserActivitySummaryLocked: mWakefulness=Asleep, mUserActivitySummary=0x0, nextTimeout=0 (35127801 ms ago)
D/PowerManagerService( 1137): updateDisplayPowerStateLocked: mDisplayReady=false, policy=0, mWakefulness=0, mWakeLockSummary=0x1, mUserActivitySummary=0x0, mBootCompleted=true, mScreenBrightnessBoostInProgress=false, useProximitySensor=false, mRequestWaitForNegativeProximity=false, mBrightnessWaitModeEnabled=false
D/PowerManagerService( 1137): releaseWakeLockInternal: lock=568924366, flags=0x0, packageName=com.android.phone", ws=null, uid=1001, pid=2166
D/PowerManagerService( 1137): updateWakeLockSummaryLocked: mWakefulness=Asleep, mWakeLockSummary=0x1
D/PowerManagerService( 1137): updateUserActivitySummaryLocked: mWakefulness=Asleep, mUserActivitySummary=0x0, nextTimeout=0 (35127806 ms ago)
D/PowerManagerService( 1137): updateDisplayPowerStateLocked: mDisplayReady=false, policy=0, mWakefulness=0, mWakeLockSummary=0x1, mUserActivitySummary=0x0, mBootCompleted=true, mScreenBrightnessBoostInProgress=false, useProximitySensor=false, mRequestWaitForNegativeProximity=false, mBrightnessWaitModeEnabled=false
D/KeyguardViewMediator( 2120): setOccluded false
D/KeyguardUpdateMonitor( 2120): sendKeyguardVisibilityChanged(true)
I/WallpaperUtils( 2120): theme wallpaper=android.graphics.drawable.BitmapDrawable@1599de31
I/WallpaperUtils( 2120): view size=1080x1920
I/WallpaperUtils( 2120): isWallpaperClamp=false
V/BitmapFactoryEx( 1743): nativeDecodeFileDescriptorEx
I/MSM-irqbalance(  459): Decided to move IRQ166 from CPU3 [P:0] to CPU6 [P:1] (banned)
I/MSM-irqbalance(  459): Decided to move IRQ155 from CPU3 [P:0] to CPU4 [P:1] (banned)
I/MSM-irqbalance(  459): Decided to move IRQ131 from CPU3 [P:0] to CPU7 [P:1] (banned)
I/MSM-irqbalance(  459): Decided to move IRQ132 from CPU3 [P:0] to CPU5 [P:1] (banned)
I/MSM-irqbalance(  459): Decided to move IRQ130 from CPU3 [P:0] to CPU6 [P:1] (banned)
I/MSM-irqbalance(  459): Decided to move IRQ61 from CPU3 [P:0] to CPU4 [P:1] (banned)
I/MSM-irqbalance(  459): Decided to move IRQ215 from CPU3 [P:0] to CPU7 [P:1] (banned)
I/qdhwcomposer(  340): handle_blank_event: dpy:0 panel power state: 0
E/qdutils (  340): int qdutils::getHDMINode(): Failed to open fb node 2
E/qdutils (  340): int qdutils::getHDMINode(): Failed to find HDMI node
D/qdhwcomposer(  340): hwc_setPowerMode: Done setting mode 0 on display 0
D/SurfaceControl( 1137): Excessive delay in setPowerMode(): 406ms
I/MSM-irqbalance(  459): Decided to move IRQ157 from CPU3 [P:0] to CPU5 [P:1] (banned)
I/QTI PowerHAL( 1137): Got set_interactive hint
I/MSM-irqbalance(  459): Decided to move IRQ240 from CPU3 [P:0] to CPU6 [P:1] (banned)
I/MSM-irqbalance(  459): Decided to move IRQ222 from CPU3 [P:0] to CPU4 [P:1] (banned)
D/PowerManagerService( 1137): Setting HAL interactive mode to false
D/KeyguardViewMediator( 2120): setOccluded false
D/KeyguardUpdateMonitor( 2120): sendKeyguardVisibilityChanged(true)
I/MSM-irqbalance(  459): Decided to move IRQ57 from CPU3 [P:0] to CPU7 [P:1] (banned)
I/MSM-irqbalance(  459): Decided to move IRQ170 from CPU3 [P:0] to CPU5 [P:1] (banned)
I/MSM-irqbalance(  459): Decided to move IRQ253 from CPU3 [P:0] to CPU6 [P:1] (banned)
D/KeyguardUpdateMonitor( 2120): handleKeyguardVisibilityChanged(1)
D/PowerManagerService( 1137): Setting HAL auto-suspend mode to true
V/KeyguardStatusView( 2120): refresh statusview showing:true
W/ResourceType( 2120): No known package when getting value for resource number 0xffffffff
W/ResourceType( 2120): No known package when getting value for resource number 0xffffffff
W/View    ( 1743): requestLayout() improperly called by com.android.systemui.statusbar.phone.IconMerger{3397566 V.E..... ......I. 0,0-54,75 #7f0e0088 app:id/notificationIcons} during layout: running second layout pass
W/ResourceType( 2120): No known package when getting value for resource number 0xffffffff
W/ResourceType( 2120): No known package when getting value for resource number 0xffffffff
D/KeyguardUpdateMonitor( 2120): handleKeyguardVisibilityChanged(1)
D/KeyguardUpdateMonitor( 2120): handleKeyguardVisibilityChanged(1)
D/KeyguardHostView( 2120): Window is focused
I/KeyguardFingerprint.Validation( 2120): hasWindowFocus:true
I/KeyguardFingerprint.Validation( 2120): mNeedTurnOnScreen:false
I/KeyguardFingerprint.Validation( 2120): start
I/KeyguardFingerprint.Validation( 2120): Fingerprint has started, return
V/KeyguardStatusView( 2120): refresh statusview showing:true
D/DisplayPowerState( 1137): Screen ready
D/DisplayPowerController( 1137): Animating brightness: target=0, rate=0
D/DisplayPowerController( 1137): Display ready!
D/DisplayPowerController( 1137): Finished business...
D/PowerManagerService( 1137): updateDisplayPowerStateLocked: mDisplayReady=true, policy=0, mWakefulness=0, mWakeLockSummary=0x1, mUserActivitySummary=0x0, mBootCompleted=true, mScreenBrightnessBoostInProgress=false, useProximitySensor=false, mRequestWaitForNegativeProximity=false, mBrightnessWaitModeEnabled=false
D/PowerManagerNotifier( 1137): onWakefulnessChangeFinished: wakefulness=0
D/PowerManagerService( 1137): Releasing suspend blocker "PowerManagerService.Display".
D/KeyguardViewMediator( 2120): setOccluded false
D/KeyguardUpdateMonitor( 2120): sendKeyguardVisibilityChanged(true)
D/HwMusicView( 2120): onWindowFocusChanged hasWindowFocus=true,mLyricPosY=1440,mViewVisibility=0
D/MusicUtils( 2120): sendLyricsBroadcast show=false,x=0,y=0
D/KeyguardViewMediator( 2120): setOccluded false
D/KeyguardUpdateMonitor( 2120): sendKeyguardVisibilityChanged(true)
W/ContextImpl( 2120): Calling a method in the system process without a qualified user: android.app.ContextImpl.sendBroadcast:1464 android.content.ContextWrapper.sendBroadcast:377 com.android.huawei.music.MusicUtils.sendLyricsBroadcast:402 com.android.huawei.music.HwMusicView.onWindowFocusChanged:151 android.view.View.dispatchWindowFocusChanged:8714 
D/KeyguardUpdateMonitor( 2120): handleKeyguardVisibilityChanged(1)
D/KeyguardViewMediator( 2120): setOccluded false
D/KeyguardUpdateMonitor( 2120): sendKeyguardVisibilityChanged(true)
D/KeyguardUpdateMonitor( 2120): handleKeyguardVisibilityChanged(1)
D/StatusBar.MSimNetworkController( 1743): The latest refersh is 3464 ms ago!
D/StatusBar.MSimNetworkController( 1743): refreshviews update icon subscription===0 mMSimPhoneSignalIconId[subscription]===2130838307 mMSimPhoneSignalTypeIconId[subscription]===2130838182 mMSimMobileActivityIconId[subscription]===2130838375 mMSimDataTypeIconId[subscription]===2130838146
D/HwCustMSimSignalClusterViewImpl( 1743): applyVSim, sub = -1
D/HwCustMSimSignalClusterViewImpl( 1743): applyVSim, sub = 0
D/KeyguardViewMediator( 2120): handleKeyguardDoneDrawing
D/KeyguardViewMediator( 2120): handleMessage dt = 1
D/KeyguardUpdateMonitor( 2120): handleKeyguardVisibilityChanged(1)
D/KeyguardUpdateMonitor( 2120): handleKeyguardVisibilityChanged(1)
D/KeyguardUpdateMonitor( 2120): handleKeyguardVisibilityChanged(1)
D/KeyguardUpdateMonitor( 2120): handleKeyguardVisibilityChanged(1)
D/KeyguardViewMediator( 2120): handleMessage dt = 0
D/HwCustMSimSignalClusterViewImpl( 1743): applyVSim, sub = 0
D/HwCustMSimSignalClusterViewImpl( 1743): applyVSim, sub = -1
D/HwCustMSimSignalClusterViewImpl( 1743): applyVSim, sub = -1
D/HwCustMSimSignalClusterViewImpl( 1743): applyVSim, sub = 0
W/View    ( 1743): requestLayout() improperly called by com.android.systemui.statusbar.phone.IconMerger{3397566 V.E..... ........ 0,0-54,75 #7f0e0088 app:id/notificationIcons} during second layout pass: posting in next frame
D/HwCustMSimSignalClusterViewImpl( 1743): applyVSim, sub = 0
D/HwCustMSimSignalClusterViewImpl( 1743): applyVSim, sub = -1
D/StatusBar.MSimNetworkController( 1743): changing data overlay icon id to 2130838375
D/StatusBar.MSimNetworkController( 1743): The latest refersh is 21 ms ago!
D/StatusBar.MSimNetworkController( 1743): refreshviews update icon subscription===1 mMSimPhoneSignalIconId[subscription]===2130838405 mMSimPhoneSignalTypeIconId[subscription]===0 mMSimMobileActivityIconId[subscription]===0 mMSimDataTypeIconId[subscription]===0
D/HwCustMSimSignalClusterViewImpl( 1743): applyVSim, sub = -1
D/HwCustMSimSignalClusterViewImpl( 1743): applyVSim, sub = 1
D/HwCustMSimSignalClusterViewImpl( 1743): applyVSim, sub = 1
D/HwCustMSimSignalClusterViewImpl( 1743): applyVSim, sub = -1
D/HwCustMSimSignalClusterViewImpl( 1743): applyVSim, sub = -1
D/HwCustMSimSignalClusterViewImpl( 1743): applyVSim, sub = 1
D/HwCustMSimSignalClusterViewImpl( 1743): applyVSim, sub = 1
D/HwCustMSimSignalClusterViewImpl( 1743): applyVSim, sub = -1
D/StatusBar.MSimNetworkController( 1743): changing data overlay icon id to 2130838468
D/StatusBar.MSimNetworkController( 1743): The latest refersh is 3468 ms ago!
D/StatusBar.MSimNetworkController( 1743): refreshviews update icon subscription===0 mMSimPhoneSignalIconId[subscription]===2130838307 mMSimPhoneSignalTypeIconId[subscription]===2130838182 mMSimMobileActivityIconId[subscription]===2130838375 mMSimDataTypeIconId[subscription]===2130838146
D/StatusBar.MSimNetworkController( 1743): changing data overlay icon id to 2130838375
