D/PowerManagerService( 1137): acquireWakeLockInternal: lock=154822788, flags=0x1, packageName=android, ws=WorkSource{10086}, uid=1000, pid=1137
D/PowerManagerService( 1137): updateWakeLockSummaryLocked: mWakefulness=Asleep, mWakeLockSummary=0x1
D/PowerManagerService( 1137): updateUserActivitySummaryLocked: mWakefulness=Asleep, mUserActivitySummary=0x0, nextTimeout=0 (35157886 ms ago)
D/PowerManagerService( 1137): updateDisplayPowerStateLocked: mDisplayReady=true, policy=0, mWakefulness=0, mWakeLockSummary=0x1, mUserActivitySummary=0x0, mBootCompleted=true, mScreenBrightnessBoostInProgress=false, useProximitySensor=false, mRequestWaitForNegativeProximity=false, mBrightnessWaitModeEnabled=false
D/PowerManagerService( 1137): Acquiring suspend blocker "PowerManagerService.WakeLocks".
D/PowerManagerService( 1137): releaseWakeLockInternal: lock=154822788, flags=0x0, packageName=android", ws=WorkSource{10086}, uid=1000, pid=1137
D/PowerManagerService( 1137): updateWakeLockSummaryLocked: mWakefulness=Asleep, mWakeLockSummary=0x0
D/PowerManagerService( 1137): updateUserActivitySummaryLocked: mWakefulness=Asleep, mUserActivitySummary=0x0, nextTimeout=0 (35157893 ms ago)
D/PowerManagerService( 1137): updateDisplayPowerStateLocked: mDisplayReady=true, policy=0, mWakefulness=0, mWakeLockSummary=0x0, mUserActivitySummary=0x0, mBootCompleted=true, mScreenBrightnessBoostInProgress=false, useProximitySensor=false, mRequestWaitForNegativeProximity=false, mBrightnessWaitModeEnabled=false
D/PowerManagerService( 1137): Releasing suspend blocker "PowerManagerService.WakeLocks".
I/System  ( 5439): core_booster, getBoosterConfig = false
I/System.out( 5439): [CDS]rx timeout:0
I/System.out( 5439): [socket][0] connection api.mobile.meituan.com/103.37.152.41:80;LocalPort=54320(30000)
I/System.out( 5439): [CDS]connect[api.mobile.meituan.com/103.37.152.41:80] tm:30
D/HwCust  ( 5439): Create obj success use class android.app.HwCustApplicationPackageManagerImpl
I/SocketClient(  362): Vold: send info to framework success !!
I/SocketClient(  362): Vold: send info to framework success !!
I/SocketClient(  362): Vold: send info to framework success !!
I/SocketClient(  362): Vold: send info to framework success !!
I/SocketClient(  362): Vold: send info to framework success !!
I/SocketClient(  362): Vold: send info to framework success !!
I/SocketClient(  362): Vold: send info to framework success !!
I/SocketClient(  362): Vold: send info to framework success !!
V/NotificationService( 1137): enqueueNotificationInternal: pkg=com.dianping.v1 id=2147483647 notification=Notification(pri=0 contentView=com.dianping.v1/0x10900f9 vibrate=null sound=null defaults=0x0 flags=0x40 color=0x00000000 vis=PRIVATE),tag = null
D/HwCust  ( 5439): Create obj success use class android.app.HwCustApplicationPackageManagerImpl
V/NotificationService( 1137): notifications are disabled by AppOps for com.dianping.v1
E/NotificationService( 1137): Suppressing notification from package com.dianping.v1 by user request.
V/AlarmManager( 1137): set(PendingIntent{183788f0: PendingIntentRecord{1f4afbea com.dianping.v1 startService}}) : type=2 triggerAtTime=108200806 win=-1 tElapsed=108200806 maxElapsed=110900806 interval=3600000 standalone=false
V/NotificationService( 1137): enqueueNotificationInternal: pkg=com.dianping.v1 id=2147483647 notification=Notification(pri=0 contentView=com.dianping.v1/0x10900f9 vibrate=null sound=null defaults=0x0 flags=0x40 color=0x00000000 vis=PRIVATE),tag = null
V/NotificationService( 1137): notifications are disabled by AppOps for com.dianping.v1
E/NotificationService( 1137): Suppressing notification from package com.dianping.v1 by user request.
I/System  ( 5439): core_booster, getBoosterConfig = false
I/System.out( 5439): [CDS]connect[/103.37.152.51:80]
D/NotificationService( 1137): cancelNotificationWithTag pid 1137,uid = 1000,tag = null,pkg =com.dianping.v1
D/BluetoothManagerService( 1137): checkIfCallerIsForegroundUser: valid=true callingUser=0 parentUser=-10000 foregroundUser=0
I/System.out( 5439): [socket][/10.65.116.95:54320] connected
I/SocketClient(  362): Vold: send info to framework success !!
I/System.out( 5439): [CDS]port[55218]
W/ActivityManager( 1137): getRunningAppProcesses: caller 10086 does not hold REAL_GET_TASKS; limiting output
I/System.out( 5439): [CDS]rx timeout:30000
D/BluetoothManagerService( 1137): Message: 20
D/BluetoothManagerService( 1137): Added callback: android.bluetooth.IBluetoothManagerCallback$Stub$Proxy@2059b825:true pid = 5439
I/System.out( 5439): [CDS]rx timeout:0
V/AlarmManager( 1137): set(PendingIntent{2decddfa: PendingIntentRecord{b1a241 com.dianping.v1 startService}}) : type=0 triggerAtTime=1479805521156 win=0 tElapsed=104840968 maxElapsed=104840968 interval=0 standalone=true
I/MSM-irqbalance(  459): Decided to move IRQ131 from CPU2 [P:0] to CPU6 [P:1] (banned)
I/MSM-irqbalance(  459): Decided to move IRQ166 from CPU2 [P:0] to CPU4 [P:1] (banned)
I/MSM-irqbalance(  459): Decided to move IRQ240 from CPU2 [P:0] to CPU7 [P:1] (banned)
I/MSM-irqbalance(  459): Decided to move IRQ215 from CPU2 [P:0] to CPU5 [P:1] (banned)
W/ActivityManager( 1137): getTasks: caller 10112 does not hold REAL_GET_TASKS; limiting output
W/ActivityManager( 1137): getRunningAppProcesses: caller 10080 does not hold REAL_GET_TASKS; limiting output
V/AudioManager( 1137): isMusicActive...
V/AudioManager( 1137): isWiredHeadsetOn...
W/ActivityManager( 1137): getTasks: caller 10112 does not hold REAL_GET_TASKS; limiting output
W/ActivityManager( 1137): getTasks: caller 10112 does not hold REAL_GET_TASKS; limiting output
W/ActivityManager( 1137): getTasks: caller 10112 does not hold REAL_GET_TASKS; limiting output
D/PowerManagerService( 1137): acquireWakeLockInternal: lock=135367113, flags=0x1, packageName=com.android.phone, ws=null, uid=1001, pid=2166
D/PowerManagerService( 1137): updateWakeLockSummaryLocked: mWakefulness=Asleep, mWakeLockSummary=0x1
D/PowerManagerService( 1137): updateUserActivitySummaryLocked: mWakefulness=Asleep, mUserActivitySummary=0x0, nextTimeout=0 (35161733 ms ago)
D/PowerManagerService( 1137): updateDisplayPowerStateLocked: mDisplayReady=true, policy=0, mWakefulness=0, mWakeLockSummary=0x1, mUserActivitySummary=0x0, mBootCompleted=true, mScreenBrightnessBoostInProgress=false, useProximitySensor=false, mRequestWaitForNegativeProximity=false, mBrightnessWaitModeEnabled=false
D/PowerManagerService( 1137): Acquiring suspend blocker "PowerManagerService.WakeLocks".
D/PowerManagerService( 1137): releaseWakeLockInternal: lock=135367113, flags=0x0, packageName=com.android.phone", ws=null, uid=1001, pid=2166
D/PowerManagerService( 1137): updateWakeLockSummaryLocked: mWakefulness=Asleep, mWakeLockSummary=0x0
D/PowerManagerService( 1137): updateUserActivitySummaryLocked: mWakefulness=Asleep, mUserActivitySummary=0x0, nextTimeout=0 (35161741 ms ago)
D/PowerManagerService( 1137): updateDisplayPowerStateLocked: mDisplayReady=true, policy=0, mWakefulness=0, mWakeLockSummary=0x0, mUserActivitySummary=0x0, mBootCompleted=true, mScreenBrightnessBoostInProgress=false, useProximitySensor=false, mRequestWaitForNegativeProximity=false, mBrightnessWaitModeEnabled=false
D/PowerManagerService( 1137): Releasing suspend blocker "PowerManagerService.WakeLocks".
D/PowerManagerService( 1137): acquireWakeLockInternal: lock=568924366, flags=0x1, packageName=com.android.phone, ws=null, uid=1001, pid=2166
D/PowerManagerService( 1137): updateWakeLockSummaryLocked: mWakefulness=Asleep, mWakeLockSummary=0x1
D/PowerManagerService( 1137): updateUserActivitySummaryLocked: mWakefulness=Asleep, mUserActivitySummary=0x0, nextTimeout=0 (35161743 ms ago)
D/PowerManagerService( 1137): updateDisplayPowerStateLocked: mDisplayReady=true, policy=0, mWakefulness=0, mWakeLockSummary=0x1, mUserActivitySummary=0x0, mBootCompleted=true, mScreenBrightnessBoostInProgress=false, useProximitySensor=false, mRequestWaitForNegativeProximity=false, mBrightnessWaitModeEnabled=false
D/PowerManagerService( 1137): Acquiring suspend blocker "PowerManagerService.WakeLocks".
D/PowerManagerService( 1137): releaseWakeLockInternal: lock=568924366, flags=0x0, packageName=com.android.phone", ws=null, uid=1001, pid=2166
D/PowerManagerService( 1137): updateWakeLockSummaryLocked: mWakefulness=Asleep, mWakeLockSummary=0x0
D/PowerManagerService( 1137): updateUserActivitySummaryLocked: mWakefulness=Asleep, mUserActivitySummary=0x0, nextTimeout=0 (35161748 ms ago)
D/PowerManagerService( 1137): updateDisplayPowerStateLocked: mDisplayReady=true, policy=0, mWakefulness=0, mWakeLockSummary=0x0, mUserActivitySummary=0x0, mBootCompleted=true, mScreenBrightnessBoostInProgress=false, useProximitySensor=false, mRequestWaitForNegativeProximity=false, mBrightnessWaitModeEnabled=false
D/PowerManagerService( 1137): Releasing suspend blocker "PowerManagerService.WakeLocks".
W/ActivityManager( 1137): getTasks: caller 10112 does not hold REAL_GET_TASKS; limiting output
D/ActivityManager( 1137): PowerFireWall scroff wakelock runnable
D/batterystats( 1137): PowerFireWall getUidWakeLock uid: 10000 wltime: 0
D/batterystats( 1137): PowerFireWall getUidWakeLock uid: 10001 wltime: 0
D/batterystats( 1137): PowerFireWall getUidWakeLock uid: 10002 wltime: 0
D/batterystats( 1137): PowerFireWall getUidWakeLock uid: 10003 wltime: 0
D/batterystats( 1137): PowerFireWall getUidWakeLock uid: 10005 wltime: 0
D/batterystats( 1137): PowerFireWall getUidWakeLock uid: 10006 wltime: 1
D/batterystats( 1137): PowerFireWall getUidWakeLock uid: 10007 wltime: 0
D/batterystats( 1137): PowerFireWall getUidWakeLock uid: 10009 wltime: 0
D/batterystats( 1137): PowerFireWall getUidWakeLock uid: 10010 wltime: 0
D/batterystats( 1137): PowerFireWall getUidWakeLock uid: 10011 wltime: 0
D/batterystats( 1137): PowerFireWall getUidWakeLock uid: 10012 wltime: 0
D/batterystats( 1137): PowerFireWall getUidWakeLock uid: 10013 wltime: 0
D/batterystats( 1137): PowerFireWall getUidWakeLock uid: 10014 wltime: 0
D/batterystats( 1137): PowerFireWall getUidWakeLock uid: 10015 wltime: 0
D/batterystats( 1137): PowerFireWall getUidWakeLock uid: 10018 wltime: 0
D/batterystats( 1137): PowerFireWall getUidWakeLock uid: 10019 wltime: 0
D/batterystats( 1137): PowerFireWall getUidWakeLock uid: 10022 wltime: 0
D/batterystats( 1137): PowerFireWall getUidWakeLock uid: 10023 wltime: 0
D/batterystats( 1137): PowerFireWall getUidWakeLock uid: 10026 wltime: 0
D/batterystats( 1137): PowerFireWall getUidWakeLock uid: 10032 wltime: 0
D/batterystats( 1137): PowerFireWall getUidWakeLock uid: 10033 wltime: 0
D/batterystats( 1137): PowerFireWall getUidWakeLock uid: 10037 wltime: 0
D/batterystats( 1137): PowerFireWall getUidWakeLock uid: 10038 wltime: 0
D/batterystats( 1137): PowerFireWall getUidWakeLock uid: 10039 wltime: 0
D/batterystats( 1137): PowerFireWall getUidWakeLock uid: 10040 wltime: 0
D/batterystats( 1137): PowerFireWall getUidWakeLock uid: 10041 wltime: 0
D/batterystats( 1137): PowerFireWall getUidWakeLock uid: 10043 wltime: 0
D/batterystats( 1137): PowerFireWall getUidWakeLock uid: 10046 wltime: 0
D/batterystats( 1137): PowerFireWall getUidWakeLock uid: 10047 wltime: 0
D/batterystats( 1137): PowerFireWall getUidWakeLock uid: 10048 wltime: 0
D/batterystats( 1137): PowerFireWall getUidWakeLock uid: 10049 wltime: 0
D/batterystats( 1137): PowerFireWall getUidWakeLock uid: 10052 wltime: 0
D/batterystats( 1137): PowerFireWall getUidWakeLock uid: 10053 wltime: 0
D/batterystats( 1137): PowerFireWall getUidWakeLock uid: 10055 wltime: 0
D/batterystats( 1137): PowerFireWall getUidWakeLock uid: 10060 wltime: 0
D/batterystats( 1137): PowerFireWall getUidWakeLock uid: 10063 wltime: 0
D/batterystats( 1137): PowerFireWall getUidWakeLock uid: 10064 wltime: 0
D/batterystats( 1137): PowerFireWall getUidWakeLock uid: 10065 wltime: 0
D/batterystats( 1137): PowerFireWall getUidWakeLock uid: 10067 wltime: 0
D/batterystats( 1137): PowerFireWall getUidWakeLock uid: 10074 wltime: 0
D/batterystats( 1137): PowerFireWall getUidWakeLock uid: 10075 wltime: 0
D/batterystats( 1137): PowerFireWall getUidWakeLock uid: 10076 wltime: 0
D/batterystats( 1137): PowerFireWall getUidWakeLock uid: 10078 wltime: 0
D/batterystats( 1137): PowerFireWall getUidWakeLock uid: 10080 wltime: 0
D/batterystats( 1137): PowerFireWall getUidWakeLock uid: 10081 wltime: 0
D/batterystats( 1137): PowerFireWall getUidWakeLock uid: 10085 wltime: 0
D/batterystats( 1137): PowerFireWall getUidWakeLock uid: 10086 wltime: 0
D/batterystats( 1137): PowerFireWall getUidWakeLock uid: 10090 wltime: 0
D/batterystats( 1137): PowerFireWall getUidWakeLock uid: 10097 wltime: 0
D/batterystats( 1137): PowerFireWall getUidWakeLock uid: 10102 wltime: 0
D/batterystats( 1137): PowerFireWall getUidWakeLock uid: 10103 wltime: 0
D/batterystats( 1137): PowerFireWall getUidWakeLock uid: 10104 wltime: 0
D/batterystats( 1137): PowerFireWall getUidWakeLock uid: 10105 wltime: 0
D/batterystats( 1137): PowerFireWall getUidWakeLock uid: 10107 wltime: 0
D/batterystats( 1137): PowerFireWall getUidWakeLock uid: 10108 wltime: 0
D/batterystats( 1137): PowerFireWall getUidWakeLock uid: 10110 wltime: 0
D/batterystats( 1137): PowerFireWall getUidWakeLock uid: 10111 wltime: 0
D/batterystats( 1137): PowerFireWall getUidWakeLock uid: 10112 wltime: 0
D/batterystats( 1137): PowerFireWall getUidWakeLock uid: 10113 wltime: 0
D/batterystats( 1137): PowerFireWall getUidWakeLock uid: 10114 wltime: 0
D/batterystats( 1137): PowerFireWall getUidWakeLock uid: 10116 wltime: 11
D/batterystats( 1137): PowerFireWall getUidWakeLock uid: 10116 wltime >= 10 mins
D/batterystats( 1137): PowerFireWall getUidWakeLock uid: 10117 wltime: 0
D/batterystats( 1137): PowerFireWall getUidWakeLock uid: 10125 wltime: 0
D/batterystats( 1137): PowerFireWall getUidWakeLock uid: 10127 wltime: 0
D/batterystats( 1137): PowerFireWall getUidWakeLock uid: 10128 wltime: 0
D/batterystats( 1137): PowerFireWall getUidWakeLock uid: 10129 wltime: 0
D/batterystats( 1137): PowerFireWall getUidWakeLock uid: 10130 wltime: 0
D/batterystats( 1137): PowerFireWall getUidWakeLock uid: 50080 wltime: 0
D/batterystats( 1137): PowerFireWall getUidWakeLock uid: 50081 wltime: 0
D/batterystats( 1137): PowerFireWall getUidWakeLock uid: 50085 wltime: 0
D/batterystats( 1137): PowerFireWall getUidWakeLock uid: 50116 wltime: 0
V/AudioManager( 1137): isMusicActive...
V/AudioManager( 1137): isWiredHeadsetOn...
W/ActivityManager( 1137): getTasks: caller 10112 does not hold REAL_GET_TASKS; limiting output
W/ActivityManager( 1137): getTasks: caller 10112 does not hold REAL_GET_TASKS; limiting output
W/ActivityManager( 1137): getTasks: caller 10112 does not hold REAL_GET_TASKS; limiting output
W/SocketListener(  362): sending broadcast to Pid = 1137, Uid = 1000 
I/SocketClient(  362): Vold: send info to framework success !!
D/NetdConnector( 1137): RCV <- {613 IfaceClass idle 0 104609322886381}
W/ActivityManager( 1137): getRunningAppProcesses: caller 10112 does not hold REAL_GET_TASKS; limiting output
W/ActivityManager( 1137): getTasks: caller 10112 does not hold REAL_GET_TASKS; limiting output
V/AudioManager( 1137): isMusicActive...
V/AudioManager( 1137): isWiredHeadsetOn...
W/ActivityManager( 1137): getTasks: caller 10112 does not hold REAL_GET_TASKS; limiting output
W/ActivityManager( 1137): getTasks: caller 10112 does not hold REAL_GET_TASKS; limiting output
W/ActivityManager( 1137): getTasks: caller 10112 does not hold REAL_GET_TASKS; limiting output
D/VM_BMS  (  460): wake_lock acquired
D/VM_BMS  (  460): New BMS data - Size=56
D/VM_BMS  (  460): Start process_bms_data
D/VM_BMS  (  460): For batt_temp=202 fcc_mah=2803
D/VM_BMS  (  460): For ocv=3683321 batt_temp=202 soc=9
D/VM_BMS  (  460): fifo_count=2 acc_count=0
D/VM_BMS  (  460): INIT: ocv=3683321 last_ocv=3683321 batt_temp=202 soc=9
D/VM_BMS  (  460): For soc=9 batt_temp=202 slope=3000
D/VM_BMS  (  460): For soc=9 batt_temp=202 rbatt_sf=150
D/VM_BMS  (  460): rbatt_mohm_default=145, rbatt_mohm=217, sf=150 batt_temp=202
D/VM_BMS  (  460): For ocv=3683454 batt_temp=202 soc=9
D/VM_BMS  (  460): FIFO=0 fifo_avg=3.791781 rbatt=0.217000 slope=0.300000 ibatt=-0.499509 ocv=3.683454 soc=9 fcc_ah=2.803000 sample_count=128 sample_interval=70 seq_num=9608
D/VM_BMS  (  460): For soc=9 batt_temp=202 slope=3000
D/VM_BMS  (  460): For soc=9 batt_temp=202 rbatt_sf=150
D/VM_BMS  (  460): rbatt_mohm_default=145, rbatt_mohm=217, sf=150 batt_temp=202
D/VM_BMS  (  460): For ocv=3683592 batt_temp=202 soc=9
D/VM_BMS  (  460): FIFO=1 fifo_avg=3.795900 rbatt=0.217000 slope=0.300000 ibatt=-0.517867 ocv=3.683592 soc=9 fcc_ah=2.803000 sample_count=128 sample_interval=70 seq_num=9608
I/VM_BMS  (  460): power_supply_update: ocv_uv=3683592 ibatt=-517866 soc=9 seq_num=9608
D/VM_BMS  (  460): End process_bms_data
D/VM_BMS  (  460): wake_lock released
W/ActivityManager( 1137): getTasks: caller 10112 does not hold REAL_GET_TASKS; limiting output
E/QMI_FW  (  513): xport_send: Sendto failed for port 6144
V/AudioManager( 1137): isMusicActive...
V/AudioManager( 1137): isWiredHeadsetOn...
W/ActivityManager( 1137): getRunningAppProcesses: caller 10112 does not hold REAL_GET_TASKS; limiting output
W/ActivityManager( 1137): getTasks: caller 10112 does not hold REAL_GET_TASKS; limiting output
W/ActivityManager( 1137): getTasks: caller 10112 does not hold REAL_GET_TASKS; limiting output
W/ActivityManager( 1137): getTasks: caller 10112 does not hold REAL_GET_TASKS; limiting output
W/ActivityManager( 1137): getTasks: caller 10112 does not hold REAL_GET_TASKS; limiting output
V/AudioManager( 1137): isMusicActive...
V/AudioManager( 1137): isWiredHeadsetOn...
W/ActivityManager( 1137): getTasks: caller 10116 does not hold REAL_GET_TASKS; limiting output
I/Process ( 5187): Sending signal. PID: 5187 SIG: 9
I/PgedBinderListener( 2143): kstate callback type:8 value1=5187 value2=KILLED
W/ActivityManager( 1137): getTasks: caller 10112 does not hold REAL_GET_TASKS; limiting output
W/ActivityManager( 1137): getTasks: caller 10112 does not hold REAL_GET_TASKS; limiting output
D/DisplayManagerService( 1137): Display listener for pid 5187 died.
D/WifiService( 1137): Client connection lost with reason: 4
I/ActivityManager( 1137): Process com.tencent.mm:tools (pid 5187) has died
I/HwSystemManager( 1838): BgPowerManagerService:onProcessDied uid = 10116
I/HwSystemManager( 1838): NotificationListEditor:RemoveNotifyList []
E/HsmCoreServiceImpl( 1137): onTransact in code is: 102
I/MediaProcessHandler( 1137): processOp opType: 1, uid: 10116, pid: 5187
W/MediaProcessHandler( 1137): remove target not exist, maybe the UI process: uid: 10116, pid: 5187
I/HwSystemManager( 1838): HoldService:uid:10116 pid:5187 died
I/HwSystemManager( 1838): HoldService:oldVersionKey:10116,5187
W/ActivityManager( 1137): getTasks: caller 10112 does not hold REAL_GET_TASKS; limiting output
D/PowerManagerService( 1137): acquireWakeLockInternal: lock=135367113, flags=0x1, packageName=com.android.phone, ws=null, uid=1001, pid=2166
D/PowerManagerService( 1137): updateWakeLockSummaryLocked: mWakefulness=Asleep, mWakeLockSummary=0x1
D/PowerManagerService( 1137): updateUserActivitySummaryLocked: mWakefulness=Asleep, mUserActivitySummary=0x0, nextTimeout=0 (35181833 ms ago)
D/PowerManagerService( 1137): updateDisplayPowerStateLocked: mDisplayReady=true, policy=0, mWakefulness=0, mWakeLockSummary=0x1, mUserActivitySummary=0x0, mBootCompleted=true, mScreenBrightnessBoostInProgress=false, useProximitySensor=false, mRequestWaitForNegativeProximity=false, mBrightnessWaitModeEnabled=false
D/PowerManagerService( 1137): Acquiring suspend blocker "PowerManagerService.WakeLocks".
D/PowerManagerService( 1137): releaseWakeLockInternal: lock=135367113, flags=0x0, packageName=com.android.phone", ws=null, uid=1001, pid=2166
D/PowerManagerService( 1137): updateWakeLockSummaryLocked: mWakefulness=Asleep, mWakeLockSummary=0x0
D/PowerManagerService( 1137): updateUserActivitySummaryLocked: mWakefulness=Asleep, mUserActivitySummary=0x0, nextTimeout=0 (35181845 ms ago)
D/PowerManagerService( 1137): updateDisplayPowerStateLocked: mDisplayReady=true, policy=0, mWakefulness=0, mWakeLockSummary=0x0, mUserActivitySummary=0x0, mBootCompleted=true, mScreenBrightnessBoostInProgress=false, useProximitySensor=false, mRequestWaitForNegativeProximity=false, mBrightnessWaitModeEnabled=false
D/PowerManagerService( 1137): Releasing suspend blocker "PowerManagerService.WakeLocks".
D/PowerManagerService( 1137): acquireWakeLockInternal: lock=568924366, flags=0x1, packageName=com.android.phone, ws=null, uid=1001, pid=2166
D/PowerManagerService( 1137): updateWakeLockSummaryLocked: mWakefulness=Asleep, mWakeLockSummary=0x1
D/PowerManagerService( 1137): updateUserActivitySummaryLocked: mWakefulness=Asleep, mUserActivitySummary=0x0, nextTimeout=0 (35181847 ms ago)
D/PowerManagerService( 1137): updateDisplayPowerStateLocked: mDisplayReady=true, policy=0, mWakefulness=0, mWakeLockSummary=0x1, mUserActivitySummary=0x0, mBootCompleted=true, mScreenBrightnessBoostInProgress=false, useProximitySensor=false, mRequestWaitForNegativeProximity=false, mBrightnessWaitModeEnabled=false
D/PowerManagerService( 1137): Acquiring suspend blocker "PowerManagerService.WakeLocks".
D/PowerManagerService( 1137): releaseWakeLockInternal: lock=568924366, flags=0x0, packageName=com.android.phone", ws=null, uid=1001, pid=2166
D/PowerManagerService( 1137): updateWakeLockSummaryLocked: mWakefulness=Asleep, mWakeLockSummary=0x0
D/PowerManagerService( 1137): updateUserActivitySummaryLocked: mWakefulness=Asleep, mUserActivitySummary=0x0, nextTimeout=0 (35181853 ms ago)
D/PowerManagerService( 1137): updateDisplayPowerStateLocked: mDisplayReady=true, policy=0, mWakefulness=0, mWakeLockSummary=0x0, mUserActivitySummary=0x0, mBootCompleted=true, mScreenBrightnessBoostInProgress=false, useProximitySensor=false, mRequestWaitForNegativeProximity=false, mBrightnessWaitModeEnabled=false
D/PowerManagerService( 1137): Releasing suspend blocker "PowerManagerService.WakeLocks".
W/ActivityManager( 1137): getRunningAppProcesses: caller 10129 does not hold REAL_GET_TASKS; limiting output
W/ActivityManager( 1137): getTasks: caller 10112 does not hold REAL_GET_TASKS; limiting output
I/System.out(31549): [CDS]EAGAIN in Recvfrom
I/System.out(31549): [CDS]read byte is 0
I/System.out(31549): [CDS]rx timeout:10000
I/System.out(31549): [CDS]rx timeout:30000
V/AudioManager( 1137): isMusicActive...
V/AudioManager( 1137): isWiredHeadsetOn...
W/ActivityManager( 1137): getTasks: caller 10112 does not hold REAL_GET_TASKS; limiting output
W/ActivityManager( 1137): getTasks: caller 10112 does not hold REAL_GET_TASKS; limiting output
W/ActivityManager( 1137): getTasks: caller 10112 does not hold REAL_GET_TASKS; limiting output
V/UsbDeviceManager( 1137): power_state is false usb_state is false
D/WifiController( 1137): handleMessage: E msg.what=155652
D/WifiController( 1137): processMsg: ApStaDisabledState
D/WifiController( 1137): processMsg: DefaultState
D/WifiController( 1137): DefaultState{ when=0 what=155652 arg1=2 target=com.android.internal.util.StateMachine$SmHandler }
D/WifiController( 1137): handleMessage: X
D/HwLocationPowerTracker( 1137): ACTION_BATTERY_CHANGED pluggedType: 2
D/PowerManagerService( 1137): updateIsPoweredLocked: wasPowered=true, mIsPowered=true, oldPlugType=2, mPlugType=2, mBatteryLevel=7
V/UsbDeviceManager( 1137): mBatteryChangedReceiver plugType is 2
D/WifiService( 1137): onReceive, action:android.intent.action.BATTERY_CHANGED
D/WifiService( 1137): ACTION_BATTERY_CHANGED pluggedType: 2
D/WifiController( 1137): battery changed pluggedType: 2
D/WifiController( 1137): wifiSleepPolicy:1
D/WifiController( 1137): wifiSleepPolicy:1
D/NotificationService( 1137): cancelNotificationWithTag pid 1743,uid = 10023,tag = low_battery,pkg =com.android.systemui
D/KeyguardUpdateMonitor( 2120): received broadcast android.intent.action.BATTERY_CHANGED
D/KeyguardUpdateMonitor( 2120): handleBatteryUpdate
D/HwPowerMonitor.Utils( 2189): ScrOff setChargingState mIsCharging = true
I/HwPowerMonitor.PowerExceptionObservable( 2189): unhandled onEvent actionID: 3002
I/HwSystemManager( 1838): BgPowerManagerService:BgPowerManagerSerivce plugged =2 currentThreshold = 0 mRawLevel = 7mLastRawLevel7
I/HwSystemManager( 1838): BgPowerManagerService: mTimes = 61571 firstTime = 104568809 firstmBatteryCapacity =211
D/NotificationService( 1137): cancelNotificationWithTag pid 9578,uid = 1001,tag = null,pkg =com.huawei.android.ds
W/ActivityManager( 1137): getTasks: caller 10112 does not hold REAL_GET_TASKS; limiting output
W/ActivityManager( 1137): getRunningAppProcesses: caller 10080 does not hold REAL_GET_TASKS; limiting output
W/SocketListener(  362): sending broadcast to Pid = 1137, Uid = 1000 
I/SocketClient(  362): Vold: send info to framework success !!
D/NetdConnector( 1137): RCV <- {613 IfaceClass active 0 104632278030174}
V/AudioManager( 1137): isMusicActive...
V/AudioManager( 1137): isWiredHeadsetOn...
W/ActivityManager( 1137): getTasks: caller 10112 does not hold REAL_GET_TASKS; limiting output
W/ActivityManager( 1137): getTasks: caller 10112 does not hold REAL_GET_TASKS; limiting output
W/ActivityManager( 1137): getTasks: caller 10112 does not hold REAL_GET_TASKS; limiting output
D/VM_BMS  (  460): wake_lock acquired
D/VM_BMS  (  460): New BMS data - Size=56
D/VM_BMS  (  460): Start process_bms_data
D/VM_BMS  (  460): For batt_temp=203 fcc_mah=2803
D/VM_BMS  (  460): For ocv=3683592 batt_temp=203 soc=9
D/VM_BMS  (  460): fifo_count=2 acc_count=0
D/VM_BMS  (  460): INIT: ocv=3683592 last_ocv=3683592 batt_temp=203 soc=9
D/VM_BMS  (  460): For soc=9 batt_temp=203 slope=3000
D/VM_BMS  (  460): For soc=9 batt_temp=203 rbatt_sf=149
D/VM_BMS  (  460): rbatt_mohm_default=145, rbatt_mohm=216, sf=149 batt_temp=203
D/VM_BMS  (  460): For ocv=3683742 batt_temp=203 soc=9
D/VM_BMS  (  460): FIFO=0 fifo_avg=3.805647 rbatt=0.216000 slope=0.300000 ibatt=-0.564720 ocv=3.683743 soc=9 fcc_ah=2.803000 sample_count=128 sample_interval=70 seq_num=9609
D/VM_BMS  (  460): For soc=9 batt_temp=203 slope=3000
D/VM_BMS  (  460): For soc=9 batt_temp=203 rbatt_sf=149
D/VM_BMS  (  460): rbatt_mohm_default=145, rbatt_mohm=216, sf=149 batt_temp=203
D/VM_BMS  (  460): For ocv=3683896 batt_temp=203 soc=9
D/VM_BMS  (  460): FIFO=1 fifo_avg=3.809181 rbatt=0.216000 slope=0.300000 ibatt=-0.580378 ocv=3.683897 soc=9 fcc_ah=2.803000 sample_count=128 sample_interval=70 seq_num=9609
I/VM_BMS  (  460): power_supply_update: ocv_uv=3683896 ibatt=-580377 soc=9 seq_num=9609
D/VM_BMS  (  460): End process_bms_data
D/VM_BMS  (  460): wake_lock released
W/ActivityManager( 1137): getTasks: caller 10112 does not hold REAL_GET_TASKS; limiting output
W/SocketListener(  362): sending broadcast to Pid = 1137, Uid = 1000 
I/SocketClient(  362): Vold: send info to framework success !!
D/NetdConnector( 1137): RCV <- {613 IfaceClass idle 0 104637282769495}
V/AudioManager( 1137): isMusicActive...
V/AudioManager( 1137): isWiredHeadsetOn...
W/ActivityManager( 1137): getTasks: caller 10112 does not hold REAL_GET_TASKS; limiting output
W/ActivityManager( 1137): getTasks: caller 10112 does not hold REAL_GET_TASKS; limiting output
W/ActivityManager( 1137): getTasks: caller 10112 does not hold REAL_GET_TASKS; limiting output
W/System.err( 2166): java.lang.SecurityException: No permission to write APN settings
W/System.err( 2166): 	at com.android.providers.telephony.TpProviderHw.checkPermission(TpProviderHw.java:1250)
W/System.err( 2166): 	at com.android.providers.telephony.TpProviderHw.query(TpProviderHw.java:579)
W/System.err( 2166): 	at com.android.providers.telephony.TpProviderHw.query(TpProviderHw.java:374)
W/System.err( 2166): 	at com.android.providers.telephony.TelephonyProvider.query(TelephonyProvider.java:69)
W/System.err( 2166): 	at android.content.ContentProvider.query(ContentProvider.java:966)
W/System.err( 2166): 	at android.content.ContentProvider$Transport.query(ContentProvider.java:211)
W/System.err( 2166): 	at android.content.ContentProviderNative.onTransact(ContentProviderNative.java:112)
W/System.err( 2166): 	at android.os.Binder.execTransact(Binder.java:452)
E/DatabaseUtils( 2166): Writing exception to parcel
E/DatabaseUtils( 2166): java.lang.SecurityException: No permission to write APN settings
E/DatabaseUtils( 2166): 	at com.android.providers.telephony.TpProviderHw.checkPermission(TpProviderHw.java:1250)
E/DatabaseUtils( 2166): 	at com.android.providers.telephony.TpProviderHw.query(TpProviderHw.java:579)
E/DatabaseUtils( 2166): 	at com.android.providers.telephony.TpProviderHw.query(TpProviderHw.java:374)
E/DatabaseUtils( 2166): 	at com.android.providers.telephony.TelephonyProvider.query(TelephonyProvider.java:69)
E/DatabaseUtils( 2166): 	at android.content.ContentProvider.query(ContentProvider.java:966)
E/DatabaseUtils( 2166): 	at android.content.ContentProvider$Transport.query(ContentProvider.java:211)
E/DatabaseUtils( 2166): 	at android.content.ContentProviderNative.onTransact(ContentProviderNative.java:112)
E/DatabaseUtils( 2166): 	at android.os.Binder.execTransact(Binder.java:452)
W/SocketListener(  362): sending broadcast to Pid = 1137, Uid = 1000 
I/SocketClient(  362): Vold: send info to framework success !!
D/NetdConnector( 1137): RCV <- {613 IfaceClass active 0 104638819889599}
I/System  ( 7563): core_booster, getBoosterConfig = false
I/System.out( 7563): [CDS]rx timeout:60000
I/System.out( 7563): [socket][125] connection api.weibo.cn/180.149.139.248:80;LocalPort=50383(30000)
I/System.out( 7563): [CDS]connect[api.weibo.cn/180.149.139.248:80] tm:30
I/SocketClient(  362): Vold: send info to framework success !!
I/SocketClient(  362): Vold: send info to framework success !!
I/SocketClient(  362): Vold: send info to framework success !!
I/SocketClient(  362): Vold: send info to framework success !!
I/SocketClient(  362): Vold: send info to framework success !!
I/SocketClient(  362): Vold: send info to framework success !!
I/SocketClient(  362): Vold: send info to framework success !!
I/SocketClient(  362): Vold: send info to framework success !!
I/SocketClient(  362): Vold: send info to framework success !!
I/SocketClient(  362): Vold: send info to framework success !!
I/SocketClient(  362): Vold: send info to framework success !!
I/SocketClient(  362): Vold: send info to framework success !!
I/SocketClient(  362): Vold: send info to framework success !!
I/System.out( 7563): [socket][/10.65.116.95:50383] connected
I/System.out( 7563): [CDS]close[50383]
I/System.out( 7563): close [socket][/0.0.0.0:50383]
I/System.out( 7563): close [socket][/0.0.0.0:50383]
W/System.err( 2166): java.lang.SecurityException: No permission to write APN settings
W/System.err( 2166): 	at com.android.providers.telephony.TpProviderHw.checkPermission(TpProviderHw.java:1250)
W/System.err( 2166): 	at com.android.providers.telephony.TpProviderHw.query(TpProviderHw.java:579)
W/System.err( 2166): 	at com.android.providers.telephony.TpProviderHw.query(TpProviderHw.java:374)
W/System.err( 2166): 	at com.android.providers.telephony.TelephonyProvider.query(TelephonyProvider.java:69)
W/System.err( 2166): 	at android.content.ContentProvider.query(ContentProvider.java:966)
W/System.err( 2166): 	at android.content.ContentProvider$Transport.query(ContentProvider.java:211)
W/System.err( 2166): 	at android.content.ContentProviderNative.onTransact(ContentProviderNative.java:112)
W/System.err( 2166): 	at android.os.Binder.execTransact(Binder.java:452)
E/DatabaseUtils( 2166): Writing exception to parcel
E/DatabaseUtils( 2166): java.lang.SecurityException: No permission to write APN settings
E/DatabaseUtils( 2166): 	at com.android.providers.telephony.TpProviderHw.checkPermission(TpProviderHw.java:1250)
E/DatabaseUtils( 2166): 	at com.android.providers.telephony.TpProviderHw.query(TpProviderHw.java:579)
E/DatabaseUtils( 2166): 	at com.android.providers.telephony.TpProviderHw.query(TpProviderHw.java:374)
E/DatabaseUtils( 2166): 	at com.android.providers.telephony.TelephonyProvider.query(TelephonyProvider.java:69)
E/DatabaseUtils( 2166): 	at android.content.ContentProvider.query(ContentProvider.java:966)
E/DatabaseUtils( 2166): 	at android.content.ContentProvider$Transport.query(ContentProvider.java:211)
E/DatabaseUtils( 2166): 	at android.content.ContentProviderNative.onTransact(ContentProviderNative.java:112)
E/DatabaseUtils( 2166): 	at android.os.Binder.execTransact(Binder.java:452)
W/ActivityManager( 1137): getTasks: caller 10112 does not hold REAL_GET_TASKS; limiting output
V/AudioManager( 1137): isMusicActive...
V/AudioManager( 1137): isWiredHeadsetOn...
W/ActivityManager( 1137): getTasks: caller 10112 does not hold REAL_GET_TASKS; limiting output
W/ActivityManager( 1137): getTasks: caller 10112 does not hold REAL_GET_TASKS; limiting output
W/ActivityManager( 1137): getTasks: caller 10112 does not hold REAL_GET_TASKS; limiting output
W/SocketListener(  362): sending broadcast to Pid = 1137, Uid = 1000 
I/SocketClient(  362): Vold: send info to framework success !!
D/NetdConnector( 1137): RCV <- {613 IfaceClass idle 0 104644022552149}
D/PowerManagerService( 1137): acquireWakeLockInternal: lock=135367113, flags=0x1, packageName=com.android.phone, ws=null, uid=1001, pid=2166
D/PowerManagerService( 1137): updateWakeLockSummaryLocked: mWakefulness=Asleep, mWakeLockSummary=0x1
D/PowerManagerService( 1137): updateUserActivitySummaryLocked: mWakefulness=Asleep, mUserActivitySummary=0x0, nextTimeout=0 (35201976 ms ago)
D/PowerManagerService( 1137): updateDisplayPowerStateLocked: mDisplayReady=true, policy=0, mWakefulness=0, mWakeLockSummary=0x1, mUserActivitySummary=0x0, mBootCompleted=true, mScreenBrightnessBoostInProgress=false, useProximitySensor=false, mRequestWaitForNegativeProximity=false, mBrightnessWaitModeEnabled=false
D/PowerManagerService( 1137): Acquiring suspend blocker "PowerManagerService.WakeLocks".
D/PowerManagerService( 1137): releaseWakeLockInternal: lock=135367113, flags=0x0, packageName=com.android.phone", ws=null, uid=1001, pid=2166
D/PowerManagerService( 1137): updateWakeLockSummaryLocked: mWakefulness=Asleep, mWakeLockSummary=0x0
D/PowerManagerService( 1137): updateUserActivitySummaryLocked: mWakefulness=Asleep, mUserActivitySummary=0x0, nextTimeout=0 (35201984 ms ago)
D/PowerManagerService( 1137): updateDisplayPowerStateLocked: mDisplayReady=true, policy=0, mWakefulness=0, mWakeLockSummary=0x0, mUserActivitySummary=0x0, mBootCompleted=true, mScreenBrightnessBoostInProgress=false, useProximitySensor=false, mRequestWaitForNegativeProximity=false, mBrightnessWaitModeEnabled=false
D/PowerManagerService( 1137): Releasing suspend blocker "PowerManagerService.WakeLocks".
D/PowerManagerService( 1137): acquireWakeLockInternal: lock=568924366, flags=0x1, packageName=com.android.phone, ws=null, uid=1001, pid=2166
D/PowerManagerService( 1137): updateWakeLockSummaryLocked: mWakefulness=Asleep, mWakeLockSummary=0x1
D/PowerManagerService( 1137): updateUserActivitySummaryLocked: mWakefulness=Asleep, mUserActivitySummary=0x0, nextTimeout=0 (35201986 ms ago)
D/PowerManagerService( 1137): updateDisplayPowerStateLocked: mDisplayReady=true, policy=0, mWakefulness=0, mWakeLockSummary=0x1, mUserActivitySummary=0x0, mBootCompleted=true, mScreenBrightnessBoostInProgress=false, useProximitySensor=false, mRequestWaitForNegativeProximity=false, mBrightnessWaitModeEnabled=false
D/PowerManagerService( 1137): Acquiring suspend blocker "PowerManagerService.WakeLocks".
D/PowerManagerService( 1137): releaseWakeLockInternal: lock=568924366, flags=0x0, packageName=com.android.phone", ws=null, uid=1001, pid=2166
D/PowerManagerService( 1137): updateWakeLockSummaryLocked: mWakefulness=Asleep, mWakeLockSummary=0x0
D/PowerManagerService( 1137): updateUserActivitySummaryLocked: mWakefulness=Asleep, mUserActivitySummary=0x0, nextTimeout=0 (35201990 ms ago)
D/PowerManagerService( 1137): updateDisplayPowerStateLocked: mDisplayReady=true, policy=0, mWakefulness=0, mWakeLockSummary=0x0, mUserActivitySummary=0x0, mBootCompleted=true, mScreenBrightnessBoostInProgress=false, useProximitySensor=false, mRequestWaitForNegativeProximity=false, mBrightnessWaitModeEnabled=false
D/PowerManagerService( 1137): Releasing suspend blocker "PowerManagerService.WakeLocks".
W/ActivityManager( 1137): getRunningAppProcesses: caller 10113 does not hold REAL_GET_TASKS; limiting output
W/ActivityManager( 1137): getTasks: caller 10112 does not hold REAL_GET_TASKS; limiting output
V/AudioManager( 1137): isMusicActive...
V/AudioManager( 1137): isWiredHeadsetOn...
W/ActivityManager( 1137): getTasks: caller 10112 does not hold REAL_GET_TASKS; limiting output
W/ActivityManager( 1137): getTasks: caller 10112 does not hold REAL_GET_TASKS; limiting output
W/ActivityManager( 1137): getTasks: caller 10112 does not hold REAL_GET_TASKS; limiting output
W/ActivityManager( 1137): getTasks: caller 10112 does not hold REAL_GET_TASKS; limiting output
V/AudioManager( 1137): isMusicActive...
V/AudioManager( 1137): isWiredHeadsetOn...
D/VM_BMS  (  460): wake_lock acquired
D/VM_BMS  (  460): New BMS data - Size=56
D/VM_BMS  (  460): Start process_bms_data
D/VM_BMS  (  460): For batt_temp=203 fcc_mah=2803
D/VM_BMS  (  460): For ocv=3683896 batt_temp=203 soc=9
D/VM_BMS  (  460): fifo_count=2 acc_count=0
D/VM_BMS  (  460): INIT: ocv=3683896 last_ocv=3683896 batt_temp=203 soc=9
D/VM_BMS  (  460): For soc=9 batt_temp=203 slope=3000
D/VM_BMS  (  460): For soc=9 batt_temp=203 rbatt_sf=149
D/VM_BMS  (  460): rbatt_mohm_default=145, rbatt_mohm=216, sf=149 batt_temp=203
D/VM_BMS  (  460): For ocv=3684039 batt_temp=203 soc=9
D/VM_BMS  (  460): FIFO=0 fifo_avg=3.800040 rbatt=0.216000 slope=0.300000 ibatt=-0.537372 ocv=3.684039 soc=9 fcc_ah=2.803000 sample_count=128 sample_interval=70 seq_num=9610
D/VM_BMS  (  460): For soc=9 batt_temp=203 slope=3000
D/VM_BMS  (  460): For soc=9 batt_temp=203 rbatt_sf=149
D/VM_BMS  (  460): rbatt_mohm_default=145, rbatt_mohm=216, sf=149 batt_temp=203
D/VM_BMS  (  460): For ocv=3684184 batt_temp=203 soc=9
D/VM_BMS  (  460): FIFO=1 fifo_avg=3.801807 rbatt=0.216000 slope=0.300000 ibatt=-0.544885 ocv=3.684184 soc=9 fcc_ah=2.803000 sample_count=128 sample_interval=70 seq_num=9610
I/VM_BMS  (  460): power_supply_update: ocv_uv=3684184 ibatt=-544885 soc=9 seq_num=9610
D/VM_BMS  (  460): End process_bms_data
D/VM_BMS  (  460): wake_lock released
E/QMI_FW  (  513): xport_send: Sendto failed for port 6144
W/SocketListener(  362): sending broadcast to Pid = 1137, Uid = 1000 
I/SocketClient(  362): Vold: send info to framework success !!
D/NetdConnector( 1137): RCV <- {613 IfaceClass active 0 104653126350219}
W/ActivityManager( 1137): getTasks: caller 10112 does not hold REAL_GET_TASKS; limiting output
W/ActivityManager( 1137): getTasks: caller 10112 does not hold REAL_GET_TASKS; limiting output
W/ActivityManager( 1137): getTasks: caller 10112 does not hold REAL_GET_TASKS; limiting output
I/System  ( 2376): core_booster, getBoosterConfig = false
I/System.out( 2376): [CDS]rx timeout:20000
I/System.out( 2376): [socket][175] connection wup.imtt.qq.com/61.151.186.125:8080;LocalPort=55411(20000)
I/System.out( 2376): [CDS]connect[wup.imtt.qq.com/61.151.186.125:8080] tm:20
I/SocketClient(  362): Vold: send info to framework success !!
I/SocketClient(  362): Vold: send info to framework success !!
I/SocketClient(  362): Vold: send info to framework success !!
I/SocketClient(  362): Vold: send info to framework success !!
I/SocketClient(  362): Vold: send info to framework success !!
I/SocketClient(  362): Vold: send info to framework success !!
I/SocketClient(  362): Vold: send info to framework success !!
I/SocketClient(  362): Vold: send info to framework success !!
I/SocketClient(  362): Vold: send info to framework success !!
I/SocketClient(  362): Vold: send info to framework success !!
I/SocketClient(  362): Vold: send info to framework success !!
I/SocketClient(  362): Vold: send info to framework success !!
I/SocketClient(  362): Vold: send info to framework success !!
I/SocketClient(  362): Vold: send info to framework success !!
I/SocketClient(  362): Vold: send info to framework success !!
I/SocketClient(  362): Vold: send info to framework success !!
I/SocketClient(  362): Vold: send info to framework success !!
I/SocketClient(  362): Vold: send info to framework success !!
I/System.out( 2376): [socket][/10.65.116.95:55411] connected
I/System.out( 2376): [CDS]close[55411]
I/System.out( 2376): close [socket][/0.0.0.0:55411]
W/ActivityManager( 1137): getRunningAppProcesses: caller 10129 does not hold REAL_GET_TASKS; limiting output
I/System.out(31549): [CDS]EAGAIN in Recvfrom
I/System.out(31549): [CDS]read byte is 0
I/System.out(31549): [CDS]rx timeout:10000
I/System.out(31549): [CDS]rx timeout:30000
W/ActivityManager( 1137): getTasks: caller 10112 does not hold REAL_GET_TASKS; limiting output
V/AudioManager( 1137): isMusicActive...
V/AudioManager( 1137): isWiredHeadsetOn...
W/ActivityManager( 1137): getTasks: caller 10112 does not hold REAL_GET_TASKS; limiting output
W/ActivityManager( 1137): getTasks: caller 10112 does not hold REAL_GET_TASKS; limiting output
W/ActivityManager( 1137): getTasks: caller 10112 does not hold REAL_GET_TASKS; limiting output
I/System.out( 7563): [CDS]close[47369]
I/System.out( 7563): close [socket][/0.0.0.0:47369]
V/UsbDeviceManager( 1137): power_state is false usb_state is false
D/HwLocationPowerTracker( 1137): ACTION_BATTERY_CHANGED pluggedType: 2
D/WifiController( 1137): handleMessage: E msg.what=155652
D/WifiController( 1137): processMsg: ApStaDisabledState
D/WifiController( 1137): processMsg: DefaultState
D/WifiController( 1137): DefaultState{ when=0 what=155652 arg1=2 target=com.android.internal.util.StateMachine$SmHandler }
D/WifiController( 1137): handleMessage: X
D/KeyguardUpdateMonitor( 2120): received broadcast android.intent.action.BATTERY_CHANGED
D/KeyguardUpdateMonitor( 2120): handleBatteryUpdate
D/PowerManagerService( 1137): updateIsPoweredLocked: wasPowered=true, mIsPowered=true, oldPlugType=2, mPlugType=2, mBatteryLevel=7
V/UsbDeviceManager( 1137): mBatteryChangedReceiver plugType is 2
D/WifiService( 1137): onReceive, action:android.intent.action.BATTERY_CHANGED
D/WifiService( 1137): ACTION_BATTERY_CHANGED pluggedType: 2
D/WifiController( 1137): battery changed pluggedType: 2
D/WifiController( 1137): wifiSleepPolicy:1
D/WifiController( 1137): wifiSleepPolicy:1
D/NotificationService( 1137): cancelNotificationWithTag pid 1743,uid = 10023,tag = low_battery,pkg =com.android.systemui
D/HwPowerMonitor.Utils( 2189): ScrOff setChargingState mIsCharging = true
I/HwPowerMonitor.PowerExceptionObservable( 2189): unhandled onEvent actionID: 3002
I/HwSystemManager( 1838): BgPowerManagerService:BgPowerManagerSerivce plugged =2 currentThreshold = 0 mRawLevel = 7mLastRawLevel7
I/HwSystemManager( 1838): BgPowerManagerService: mTimes = 92367 firstTime = 104568809 firstmBatteryCapacity =211
D/NotificationService( 1137): cancelNotificationWithTag pid 9578,uid = 1001,tag = null,pkg =com.huawei.android.ds
W/ActivityManager( 1137): getRunningAppProcesses: caller 10080 does not hold REAL_GET_TASKS; limiting output
W/ActivityManager( 1137): getTasks: caller 10112 does not hold REAL_GET_TASKS; limiting output
V/AudioManager( 1137): isMusicActive...
V/AudioManager( 1137): isWiredHeadsetOn...
W/SocketListener(  362): sending broadcast to Pid = 1137, Uid = 1000 
I/SocketClient(  362): Vold: send info to framework success !!
D/NetdConnector( 1137): RCV <- {613 IfaceClass idle 0 104662872755111}
W/ActivityManager( 1137): getTasks: caller 10112 does not hold REAL_GET_TASKS; limiting output
W/ActivityManager( 1137): getTasks: caller 10112 does not hold REAL_GET_TASKS; limiting output
W/ActivityManager( 1137): getTasks: caller 10112 does not hold REAL_GET_TASKS; limiting output
D/PowerManagerService( 1137): acquireWakeLockInternal: lock=135367113, flags=0x1, packageName=com.android.phone, ws=null, uid=1001, pid=2166
D/PowerManagerService( 1137): updateWakeLockSummaryLocked: mWakefulness=Asleep, mWakeLockSummary=0x1
D/PowerManagerService( 1137): updateUserActivitySummaryLocked: mWakefulness=Asleep, mUserActivitySummary=0x0, nextTimeout=0 (35222013 ms ago)
D/PowerManagerService( 1137): updateDisplayPowerStateLocked: mDisplayReady=true, policy=0, mWakefulness=0, mWakeLockSummary=0x1, mUserActivitySummary=0x0, mBootCompleted=true, mScreenBrightnessBoostInProgress=false, useProximitySensor=false, mRequestWaitForNegativeProximity=false, mBrightnessWaitModeEnabled=false
D/PowerManagerService( 1137): Acquiring suspend blocker "PowerManagerService.WakeLocks".
D/PowerManagerService( 1137): releaseWakeLockInternal: lock=135367113, flags=0x0, packageName=com.android.phone", ws=null, uid=1001, pid=2166
D/PowerManagerService( 1137): updateWakeLockSummaryLocked: mWakefulness=Asleep, mWakeLockSummary=0x0
D/PowerManagerService( 1137): updateUserActivitySummaryLocked: mWakefulness=Asleep, mUserActivitySummary=0x0, nextTimeout=0 (35222021 ms ago)
D/PowerManagerService( 1137): updateDisplayPowerStateLocked: mDisplayReady=true, policy=0, mWakefulness=0, mWakeLockSummary=0x0, mUserActivitySummary=0x0, mBootCompleted=true, mScreenBrightnessBoostInProgress=false, useProximitySensor=false, mRequestWaitForNegativeProximity=false, mBrightnessWaitModeEnabled=false
D/PowerManagerService( 1137): Releasing suspend blocker "PowerManagerService.WakeLocks".
D/PowerManagerService( 1137): acquireWakeLockInternal: lock=568924366, flags=0x1, packageName=com.android.phone, ws=null, uid=1001, pid=2166
D/PowerManagerService( 1137): updateWakeLockSummaryLocked: mWakefulness=Asleep, mWakeLockSummary=0x1
D/PowerManagerService( 1137): updateUserActivitySummaryLocked: mWakefulness=Asleep, mUserActivitySummary=0x0, nextTimeout=0 (35222023 ms ago)
D/PowerManagerService( 1137): updateDisplayPowerStateLocked: mDisplayReady=true, policy=0, mWakefulness=0, mWakeLockSummary=0x1, mUserActivitySummary=0x0, mBootCompleted=true, mScreenBrightnessBoostInProgress=false, useProximitySensor=false, mRequestWaitForNegativeProximity=false, mBrightnessWaitModeEnabled=false
D/PowerManagerService( 1137): Acquiring suspend blocker "PowerManagerService.WakeLocks".
D/PowerManagerService( 1137): releaseWakeLockInternal: lock=568924366, flags=0x0, packageName=com.android.phone", ws=null, uid=1001, pid=2166
D/PowerManagerService( 1137): updateWakeLockSummaryLocked: mWakefulness=Asleep, mWakeLockSummary=0x0
D/PowerManagerService( 1137): updateUserActivitySummaryLocked: mWakefulness=Asleep, mUserActivitySummary=0x0, nextTimeout=0 (35222028 ms ago)
D/PowerManagerService( 1137): updateDisplayPowerStateLocked: mDisplayReady=true, policy=0, mWakefulness=0, mWakeLockSummary=0x0, mUserActivitySummary=0x0, mBootCompleted=true, mScreenBrightnessBoostInProgress=false, useProximitySensor=false, mRequestWaitForNegativeProximity=false, mBrightnessWaitModeEnabled=false
D/PowerManagerService( 1137): Releasing suspend blocker "PowerManagerService.WakeLocks".
W/ActivityManager( 1137): getTasks: caller 10112 does not hold REAL_GET_TASKS; limiting output
V/AudioManager( 1137): isMusicActive...
V/AudioManager( 1137): isWiredHeadsetOn...
W/ActivityManager( 1137): getTasks: caller 10112 does not hold REAL_GET_TASKS; limiting output
W/ActivityManager( 1137): getTasks: caller 10112 does not hold REAL_GET_TASKS; limiting output
W/ActivityManager( 1137): getTasks: caller 10112 does not hold REAL_GET_TASKS; limiting output
I/MobileQQCloseServiceReceiver(31668): receive broadcast close all service
W/ActivityManager( 1137): getRunningAppProcesses: caller 10112 does not hold REAL_GET_TASKS; limiting output
E/QMI_FW  (  513): xport_send: Sendto failed for port 6144
D/VM_BMS  (  460): wake_lock acquired
D/VM_BMS  (  460): New BMS data - Size=56
D/VM_BMS  (  460): Start process_bms_data
D/VM_BMS  (  460): For batt_temp=203 fcc_mah=2803
D/VM_BMS  (  460): For ocv=3684184 batt_temp=203 soc=9
D/VM_BMS  (  460): fifo_count=2 acc_count=0
D/VM_BMS  (  460): INIT: ocv=3684184 last_ocv=3684184 batt_temp=203 soc=9
D/VM_BMS  (  460): For soc=9 batt_temp=203 slope=3000
D/VM_BMS  (  460): For soc=9 batt_temp=203 rbatt_sf=149
D/VM_BMS  (  460): rbatt_mohm_default=145, rbatt_mohm=216, sf=149 batt_temp=203
D/VM_BMS  (  460): For ocv=3684325 batt_temp=203 soc=9
D/VM_BMS  (  460): FIFO=0 fifo_avg=3.799140 rbatt=0.216000 slope=0.300000 ibatt=-0.531875 ocv=3.684326 soc=9 fcc_ah=2.803000 sample_count=128 sample_interval=70 seq_num=9611
D/VM_BMS  (  460): For soc=9 batt_temp=203 slope=3000
D/VM_BMS  (  460): For soc=9 batt_temp=203 rbatt_sf=149
D/VM_BMS  (  460): rbatt_mohm_default=145, rbatt_mohm=216, sf=149 batt_temp=203
D/VM_BMS  (  460): For ocv=3684471 batt_temp=203 soc=9
D/VM_BMS  (  460): FIFO=1 fifo_avg=3.802965 rbatt=0.216000 slope=0.300000 ibatt=-0.548921 ocv=3.684471 soc=9 fcc_ah=2.803000 sample_count=128 sample_interval=70 seq_num=9611
I/VM_BMS  (  460): power_supply_update: ocv_uv=3684471 ibatt=-548920 soc=9 seq_num=9611
D/VM_BMS  (  460): End process_bms_data
D/VM_BMS  (  460): wake_lock released
W/ActivityManager( 1137): getTasks: caller 10112 does not hold REAL_GET_TASKS; limiting output
V/AudioManager( 1137): isMusicActive...
V/AudioManager( 1137): isWiredHeadsetOn...
D/ActivityManager( 1137): PowerFireWall scroff wakelock runnable
D/batterystats( 1137): PowerFireWall getUidWakeLock uid: 10000 wltime: 0
D/batterystats( 1137): PowerFireWall getUidWakeLock uid: 10001 wltime: 0
D/batterystats( 1137): PowerFireWall getUidWakeLock uid: 10002 wltime: 0
D/batterystats( 1137): PowerFireWall getUidWakeLock uid: 10003 wltime: 0
D/batterystats( 1137): PowerFireWall getUidWakeLock uid: 10005 wltime: 0
D/batterystats( 1137): PowerFireWall getUidWakeLock uid: 10006 wltime: 1
D/batterystats( 1137): PowerFireWall getUidWakeLock uid: 10007 wltime: 0
D/batterystats( 1137): PowerFireWall getUidWakeLock uid: 10009 wltime: 0
D/batterystats( 1137): PowerFireWall getUidWakeLock uid: 10010 wltime: 0
D/batterystats( 1137): PowerFireWall getUidWakeLock uid: 10011 wltime: 0
D/batterystats( 1137): PowerFireWall getUidWakeLock uid: 10012 wltime: 0
