D/DisplayPowerState( 1137): setColorFadeLevel: level=0.80334115
D/DisplayPowerState( 1137): Screen ready
D/DisplayPowerState( 1137): setColorFadeLevel: level=0.7477293
D/DisplayPowerState( 1137): Screen ready
D/DisplayPowerState( 1137): setColorFadeLevel: level=0.6877077
D/DisplayPowerState( 1137): Screen ready
D/DisplayPowerState( 1137): setColorFadeLevel: level=0.6281446
D/DisplayPowerState( 1137): Screen ready
I/System.out( 7563): [CDS]close[60169]
I/System.out( 7563): close [socket][/0.0.0.0:60169]
I/System.out( 7563): close [socket][/0.0.0.0:60169]
D/DisplayPowerState( 1137): setColorFadeLevel: level=0.56266654
D/DisplayPowerState( 1137): Screen ready
D/DisplayPowerState( 1137): setColorFadeLevel: level=0.49607295
D/DisplayPowerState( 1137): Screen ready
D/DisplayPowerState( 1137): setColorFadeLevel: level=0.4334393
W/System.err( 2166): java.lang.SecurityException: No permission to write APN settings
W/System.err( 2166): 	at com.android.providers.telephony.TpProviderHw.checkPermission(TpProviderHw.java:1250)
W/System.err( 2166): 	at com.android.providers.telephony.TpProviderHw.query(TpProviderHw.java:585)
W/System.err( 2166): 	at com.android.providers.telephony.TpProviderHw.query(TpProviderHw.java:374)
W/System.err( 2166): 	at com.android.providers.telephony.TelephonyProvider.query(TelephonyProvider.java:69)
W/System.err( 2166): 	at android.content.ContentProvider.query(ContentProvider.java:966)
W/System.err( 2166): 	at android.content.ContentProvider$Transport.query(ContentProvider.java:211)
W/System.err( 2166): 	at android.content.ContentProviderNative.onTransact(ContentProviderNative.java:112)
W/System.err( 2166): 	at android.os.Binder.execTransact(Binder.java:452)
E/DatabaseUtils( 2166): Writing exception to parcel
E/DatabaseUtils( 2166): java.lang.SecurityException: No permission to write APN settings
E/DatabaseUtils( 2166): 	at com.android.providers.telephony.TpProviderHw.checkPermission(TpProviderHw.java:1250)
E/DatabaseUtils( 2166): 	at com.android.providers.telephony.TpProviderHw.query(TpProviderHw.java:585)
E/DatabaseUtils( 2166): 	at com.android.providers.telephony.TpProviderHw.query(TpProviderHw.java:374)
E/DatabaseUtils( 2166): 	at com.android.providers.telephony.TelephonyProvider.query(TelephonyProvider.java:69)
E/DatabaseUtils( 2166): 	at android.content.ContentProvider.query(ContentProvider.java:966)
E/DatabaseUtils( 2166): 	at android.content.ContentProvider$Transport.query(ContentProvider.java:211)
E/DatabaseUtils( 2166): 	at android.content.ContentProviderNative.onTransact(ContentProviderNative.java:112)
E/DatabaseUtils( 2166): 	at android.os.Binder.execTransact(Binder.java:452)
D/DisplayPowerState( 1137): Screen ready
D/DisplayPowerState( 1137): setColorFadeLevel: level=0.36806345
D/DisplayPowerState( 1137): Screen ready
D/DisplayPowerState( 1137): setColorFadeLevel: level=0.30503607
D/DisplayPowerState( 1137): Screen ready
D/DisplayPowerState( 1137): setColorFadeLevel: level=0.24886721
D/DisplayPowerState( 1137): Screen ready
D/DisplayPowerState( 1137): setColorFadeLevel: level=0.19354641
D/DisplayPowerState( 1137): Screen ready
D/DisplayPowerState( 1137): setColorFadeLevel: level=0.14368069
D/DisplayPowerState( 1137): Screen ready
D/DisplayPowerState( 1137): setColorFadeLevel: level=0.1025278
D/DisplayPowerState( 1137): Screen ready
D/DisplayPowerState( 1137): setColorFadeLevel: level=0.0656842
D/DisplayPowerState( 1137): Screen ready
D/DisplayPowerState( 1137): setColorFadeLevel: level=0.03657168
D/DisplayPowerState( 1137): Screen ready
D/DisplayPowerState( 1137): setColorFadeLevel: level=0.01669991
D/DisplayPowerState( 1137): Screen ready
D/DisplayPowerState( 1137): setColorFadeLevel: level=0.003942609
D/DisplayPowerState( 1137): Screen ready
W/HwScreenOnProximityLock( 1137): releaseLock: return because sensor listener is held = false
E/ServiceManager(  332): add_service('easywakeup',6b) uid=1000 - ALREADY REGISTERED, OVERRIDE
I/ServiceManager(  332): service 'easywakeup' died
W/System.err( 1137): java.io.FileNotFoundException: /sys/devices/platform/huawei_touch/easy_wakeup_gesture: open failed: ENOENT (No such file or directory)
W/System.err( 1137): 	at libcore.io.IoBridge.open(IoBridge.java:494)
W/System.err( 1137): 	at java.io.FileInputStream.<init>(FileInputStream.java:76)
W/System.err( 1137): 	at java.io.FileInputStream.<init>(FileInputStream.java:103)
W/System.err( 1137): 	at com.android.internal.policy.impl.EasyWakeUpManager.isEasyWakeupEnabledByKernel(EasyWakeUpManager.java:923)
W/System.err( 1137): 	at com.android.internal.policy.impl.EasyWakeUpManager.turnOnSensorListener(EasyWakeUpManager.java:955)
W/System.err( 1137): 	at com.android.internal.policy.impl.HwPhoneWindowManager.screenTurnedOff(HwPhoneWindowManager.java:2185)
W/System.err( 1137): 	at com.android.server.display.DisplayPowerController.setScreenState(DisplayPowerController.java:1041)
W/System.err( 1137): 	at com.android.server.display.DisplayPowerController.animateScreenStateChange(DisplayPowerController.java:1199)
W/System.err( 1137): 	at com.android.server.display.DisplayPowerController.updatePowerState(DisplayPowerController.java:758)
W/System.err( 1137): 	at com.android.server.display.DisplayPowerController.access$2000(DisplayPowerController.java:93)
W/System.err( 1137): 	at com.android.server.display.DisplayPowerController$DisplayControllerHandler.handleMessage(DisplayPowerController.java:1611)
W/System.err( 1137): 	at android.os.Handler.dispatchMessage(Handler.java:102)
W/System.err( 1137): 	at android.os.Looper.loop(Looper.java:135)
W/System.err( 1137): 	at android.os.HandlerThread.run(HandlerThread.java:61)
W/System.err( 1137): 	at com.android.server.ServiceThread.run(ServiceThread.java:46)
W/System.err( 1137): Caused by: android.system.ErrnoException: open failed: ENOENT (No such file or directory)
W/System.err( 1137): 	at libcore.io.Posix.open(Native Method)
W/System.err( 1137): 	at libcore.io.BlockGuardOs.open(BlockGuardOs.java:186)
W/System.err( 1137): 	at libcore.io.IoBridge.open(IoBridge.java:480)
W/System.err( 1137): 	... 14 more
E/EasyWakeUpManager( 1137): isEasyWakeupEnabledByKernel false
E/Sensors ( 1137): activate, 153: handle=3, enabled=0
E/Sensors ( 1137): activate, 739: handle=3, enable=0
W/huawei_ProximitySensor_CPP_Test( 1137): ProximitySensor, enable, 226: en=0
W/huawei_ProximitySensor_CPP_Test( 1137): ProximitySensor, enable, 227: flags=0
W/huawei_ProximitySensor_CPP_Test( 1137): ProximitySensor, enable, 228: mEnabled=1
D/DisplayPowerState( 1137): setColorFadeLevel: level=0.0
D/DisplayPowerState( 1137): Screen ready
D/DisplayPowerState( 1137): setScreenState: state=1
E/Sensors ( 1137): activate, 153: handle=4, enabled=0
E/Sensors ( 1137): activate, 739: handle=4, enable=0
W/LightSensor( 1137): LightSensor, enable, 453: en=0
W/LightSensor( 1137): LightSensor, enable, 454: flags=0
W/LightSensor( 1137): LightSensor, enable, 455: mEnabled=1
I/LightSensor( 1137): LightSensor disable, event occur num: 5
D/SurfaceFlinger(  340): Set power mode=0, type=0 flinger=0x559a162520
D/qdhwcomposer(  340): hwc_setPowerMode: Setting mode 0 on display: 0
E/Parcel  (  408): Reading a NULL string not supported here.
E/Parcel  (  408): Reading a NULL string not supported here.
D/DisplayPowerController( 1137): Animating brightness: target=0, rate=0
D/DisplayPowerState( 1137): Requesting new screen state: state=OFF, backlight=0
D/DisplayPowerState( 1137): Updating screen state: state=OFF, backlight=0
I/DisplayManagerService( 1137): Display device changed: DisplayDeviceInfo{"": uniqueId="local:0", 1080 x 1920, 60.0 fps, supportedRefreshRates [60.0], density 480, 403.411 x 403.041 dpi, appVsyncOff 0, presDeadline 17666667, touch INTERNAL, rotation 0, type BUILT_IN, state OFF, FLAG_DEFAULT_DISPLAY, FLAG_ROTATES_WITH_CONTENT, FLAG_SECURE, FLAG_SUPPORTS_PROTECTED_BUFFERS}
D/DisplayManagerService( 1137): Delivering display event: displayId=0, event=2
V/ActivityManager( 1137): Display changed displayId=0
D/DisplayPowerState( 1137): Screen not ready
D/KeyguardViewMediator( 2120): setOccluded false
D/KeyguardUpdateMonitor( 2120): sendKeyguardVisibilityChanged(true)
E/qdutils (  340): int qdutils::getHDMINode(): Failed to open fb node 2
E/qdutils (  340): int qdutils::getHDMINode(): Failed to find HDMI node
D/KeyguardUpdateMonitor( 2120): handleKeyguardVisibilityChanged(1)
V/KeyguardStatusView( 2120): refresh statusview showing:true
W/ResourceType( 2120): No known package when getting value for resource number 0xffffffff
W/ResourceType( 2120): No known package when getting value for resource number 0xffffffff
D/KeyguardViewMediator( 2120): setOccluded false
D/KeyguardUpdateMonitor( 2120): sendKeyguardVisibilityChanged(true)
W/ResourceType( 2120): No known package when getting value for resource number 0xffffffff
W/ResourceType( 2120): No known package when getting value for resource number 0xffffffff
D/KeyguardViewMediator( 2120): handleMessage dt = 0
D/PowerManagerService( 1137): acquireWakeLockInternal: lock=135367113, flags=0x1, packageName=com.android.phone, ws=null, uid=1001, pid=2166
D/PowerManagerService( 1137): updateWakeLockSummaryLocked: mWakefulness=Asleep, mWakeLockSummary=0x1
D/PowerManagerService( 1137): updateUserActivitySummaryLocked: mWakefulness=Asleep, mUserActivitySummary=0x0, nextTimeout=0 (35132361 ms ago)
D/PowerManagerService( 1137): updateDisplayPowerStateLocked: mDisplayReady=false, policy=0, mWakefulness=0, mWakeLockSummary=0x1, mUserActivitySummary=0x0, mBootCompleted=true, mScreenBrightnessBoostInProgress=false, useProximitySensor=false, mRequestWaitForNegativeProximity=false, mBrightnessWaitModeEnabled=false
D/PowerManagerService( 1137): Acquiring suspend blocker "PowerManagerService.WakeLocks".
V/KeyguardStatusView( 2120): refresh statusview showing:true
D/PowerManagerService( 1137): acquireWakeLockInternal: lock=568924366, flags=0x1, packageName=com.android.phone, ws=null, uid=1001, pid=2166
D/PowerManagerService( 1137): updateWakeLockSummaryLocked: mWakefulness=Asleep, mWakeLockSummary=0x1
D/PowerManagerService( 1137): updateUserActivitySummaryLocked: mWakefulness=Asleep, mUserActivitySummary=0x0, nextTimeout=0 (35132363 ms ago)
D/PowerManagerService( 1137): updateDisplayPowerStateLocked: mDisplayReady=false, policy=0, mWakefulness=0, mWakeLockSummary=0x1, mUserActivitySummary=0x0, mBootCompleted=true, mScreenBrightnessBoostInProgress=false, useProximitySensor=false, mRequestWaitForNegativeProximity=false, mBrightnessWaitModeEnabled=false
D/PowerManagerService( 1137): releaseWakeLockInternal: lock=135367113, flags=0x0, packageName=com.android.phone", ws=null, uid=1001, pid=2166
D/PowerManagerService( 1137): updateWakeLockSummaryLocked: mWakefulness=Asleep, mWakeLockSummary=0x1
D/PowerManagerService( 1137): updateUserActivitySummaryLocked: mWakefulness=Asleep, mUserActivitySummary=0x0, nextTimeout=0 (35132366 ms ago)
D/PowerManagerService( 1137): updateDisplayPowerStateLocked: mDisplayReady=false, policy=0, mWakefulness=0, mWakeLockSummary=0x1, mUserActivitySummary=0x0, mBootCompleted=true, mScreenBrightnessBoostInProgress=false, useProximitySensor=false, mRequestWaitForNegativeProximity=false, mBrightnessWaitModeEnabled=false
D/PowerManagerService( 1137): releaseWakeLockInternal: lock=568924366, flags=0x0, packageName=com.android.phone", ws=null, uid=1001, pid=2166
D/PowerManagerService( 1137): updateWakeLockSummaryLocked: mWakefulness=Asleep, mWakeLockSummary=0x0
D/PowerManagerService( 1137): updateUserActivitySummaryLocked: mWakefulness=Asleep, mUserActivitySummary=0x0, nextTimeout=0 (35132367 ms ago)
D/PowerManagerService( 1137): updateDisplayPowerStateLocked: mDisplayReady=false, policy=0, mWakefulness=0, mWakeLockSummary=0x0, mUserActivitySummary=0x0, mBootCompleted=true, mScreenBrightnessBoostInProgress=false, useProximitySensor=false, mRequestWaitForNegativeProximity=false, mBrightnessWaitModeEnabled=false
D/PowerManagerService( 1137): Releasing suspend blocker "PowerManagerService.WakeLocks".
D/KeyguardUpdateMonitor( 2120): handleKeyguardVisibilityChanged(1)
I/HwSystemManager( 1838): PowerManagementModel:setAlarmsPending appList = []###pending = true
D/TmoMonitor(14277): Cache monitor msg as screen_off
D/TmoMonitor(14277): Cache monitor msg as screen_off
I/qdhwcomposer(  340): handle_blank_event: dpy:0 panel power state: 0
E/qdutils (  340): int qdutils::getHDMINode(): Failed to open fb node 2
E/qdutils (  340): int qdutils::getHDMINode(): Failed to find HDMI node
D/qdhwcomposer(  340): hwc_setPowerMode: Done setting mode 0 on display 0
D/SurfaceControl( 1137): Excessive delay in setPowerMode(): 410ms
I/QTI PowerHAL( 1137): Got set_interactive hint
E/QCOM PowerHAL( 1137): Error opening sys/devices/system/cpu/cpu0/cpufreq/scaling_governor: No such file or directory
E/QCOM PowerHAL( 1137): Error opening sys/devices/system/cpu/cpu1/cpufreq/scaling_governor: No such file or directory
E/QCOM PowerHAL( 1137): Error opening sys/devices/system/cpu/cpu2/cpufreq/scaling_governor: No such file or directory
E/QCOM PowerHAL( 1137): Error opening sys/devices/system/cpu/cpu0/cpufreq/scaling_min_freq: No such file or directory
E/QCOM PowerHAL( 1137): Error opening sys/devices/system/cpu/cpu1/cpufreq/scaling_min_freq: No such file or directory
E/QCOM PowerHAL( 1137): Error opening sys/devices/system/cpu/cpu2/cpufreq/scaling_min_freq: No such file or directory
D/PowerManagerService( 1137): Setting HAL interactive mode to false
D/PowerManagerService( 1137): Setting HAL auto-suspend mode to true
D/DisplayPowerState( 1137): Screen ready
D/DisplayPowerController( 1137): Animating brightness: target=0, rate=0
D/DisplayPowerController( 1137): Display ready!
D/DisplayPowerController( 1137): Finished business...
D/PowerManagerService( 1137): updateDisplayPowerStateLocked: mDisplayReady=true, policy=0, mWakefulness=0, mWakeLockSummary=0x0, mUserActivitySummary=0x0, mBootCompleted=true, mScreenBrightnessBoostInProgress=false, useProximitySensor=false, mRequestWaitForNegativeProximity=false, mBrightnessWaitModeEnabled=false
D/PowerManagerNotifier( 1137): onWakefulnessChangeFinished: wakefulness=0
D/PowerManagerService( 1137): Releasing suspend blocker "PowerManagerService.Display".
D/VM_BMS  (  460): wake_lock acquired
D/VM_BMS  (  460): New BMS data - Size=56
D/VM_BMS  (  460): Start process_bms_data
D/VM_BMS  (  460): For batt_temp=199 fcc_mah=2803
D/VM_BMS  (  460): For ocv=3683055 batt_temp=199 soc=9
D/VM_BMS  (  460): fifo_count=2 acc_count=0
D/VM_BMS  (  460): INIT: ocv=3683055 last_ocv=3683055 batt_temp=199 soc=9
D/VM_BMS  (  460): For soc=9 batt_temp=199 slope=3000
D/VM_BMS  (  460): For soc=9 batt_temp=199 rbatt_sf=152
D/VM_BMS  (  460): rbatt_mohm_default=145, rbatt_mohm=220, sf=152 batt_temp=199
D/VM_BMS  (  460): For ocv=3683036 batt_temp=199 soc=9
D/VM_BMS  (  460): FIFO=0 fifo_avg=3.667875 rbatt=0.220000 slope=0.300000 ibatt=0.068958 ocv=3.683037 soc=9 fcc_ah=2.803000 sample_count=128 sample_interval=70 seq_num=9606
D/VM_BMS  (  460): For soc=9 batt_temp=199 slope=3000
D/VM_BMS  (  460): For soc=9 batt_temp=199 rbatt_sf=152
D/VM_BMS  (  460): rbatt_mohm_default=145, rbatt_mohm=220, sf=152 batt_temp=199
D/VM_BMS  (  460): For ocv=3683051 batt_temp=199 soc=9
D/VM_BMS  (  460): FIFO=1 fifo_avg=3.695544 rbatt=0.220000 slope=0.300000 ibatt=-0.056820 ocv=3.683051 soc=9 fcc_ah=2.803000 sample_count=128 sample_interval=70 seq_num=9606
I/VM_BMS  (  460): power_supply_update: ocv_uv=3683051 ibatt=-56819 soc=9 seq_num=9606
D/VM_BMS  (  460): End process_bms_data
D/VM_BMS  (  460): wake_lock released
W/ActivityManager( 1137): getRunningAppProcesses: caller 10113 does not hold REAL_GET_TASKS; limiting output
D/TmoMonitor(14277): Cache monitor msg as screen_off
W/ActivityManager( 1137): getTasks: caller 10112 does not hold REAL_GET_TASKS; limiting output
V/Mms_TXM_SVC(14277): Creating TransactionService
D/HwCust  (14277): Create obj success use class com.android.mms.transaction.HwCustTransactionServiceImpl
D/HwCust  (14277): Create obj success use class com.huawei.mms.util.HwCustUpdateUserBehaviorImpl
D/HwCust  (14277): Create obj success use class com.huawei.mms.util.HwCustHwMessageUtilsImpl
I/Mms_TXM_SVC(14277): onStartCommand send EVENT_NEW_INTENT. service-id 1
W/Mms_TXM_SVC(14277): ConnectivityBroadcastReceiver.onReceive() action: android.net.conn.CONNECTIVITY_CHANGE
V/Mms_TXM_SVC(14277): mConnMgr is null, bail
V/Mms_TXM_SVC(14277): MSG_APP_Handle ConnectivityBroadcastReceiver.onReceive(): null
V/Mms_TXM_SVC(14277): MSG_APP_mms type is null or mobile data is turned off, bail
V/Mms_TXM_SVC(14277): Handling incoming message: { when=-1ms what=5 arg1=1 obj=Intent { cmp=com.android.contacts/com.android.mms.transaction.TransactionService } target=com.android.mms.transaction.TransactionService$ServiceHandler } = EVENT_NEW_INTENT
V/Mms_TXM_SVC(14277):     networkAvailable=true
I/HwSystemManager( 1838): HoldService:callUid: 10001 notificationType: false
I/HwSystemManager( 1838): HoldService:pkgName[0]: com.android.providers.userdictionary identity: 42953967941573
V/Mms_TXM_SVC(14277): onNewIntent: cursor.count=0 action=null
V/Mms_TXM_SVC(14277): onNewIntent: no pending messages. Stopping service.
I/HwSystemManager( 1838): HoldService:callUid: 10001 notificationType: false
I/HwSystemManager( 1838): HoldService:pkgName[0]: com.android.providers.userdictionary identity: 42953967941573
V/Mms_TXM_SVC(14277): stopSelfIfIdle: STOP!
V/Mms_TXM_SVC(14277): Destroying TransactionService
V/Mms_TXM_SVC(14277): Handling incoming message: { when=-3ms what=100 target=com.android.mms.transaction.TransactionService$ServiceHandler } = EVENT_QUIT
V/AudioManager( 1137): isMusicActive...
V/AudioManager( 1137): isWiredHeadsetOn...
W/ActivityManager( 1137): getTasks: caller 10112 does not hold REAL_GET_TASKS; limiting output
W/ActivityManager( 1137): getTasks: caller 10112 does not hold REAL_GET_TASKS; limiting output
W/ActivityManager( 1137): getTasks: caller 10112 does not hold REAL_GET_TASKS; limiting output
W/System.err( 2166): java.lang.SecurityException: No permission to write APN settings
W/System.err( 2166): 	at com.android.providers.telephony.TpProviderHw.checkPermission(TpProviderHw.java:1250)
W/System.err( 2166): 	at com.android.providers.telephony.TpProviderHw.query(TpProviderHw.java:585)
W/System.err( 2166): 	at com.android.providers.telephony.TpProviderHw.query(TpProviderHw.java:374)
W/System.err( 2166): 	at com.android.providers.telephony.TelephonyProvider.query(TelephonyProvider.java:69)
W/System.err( 2166): 	at android.content.ContentProvider.query(ContentProvider.java:966)
W/System.err( 2166): 	at android.content.ContentProvider$Transport.query(ContentProvider.java:211)
W/System.err( 2166): 	at android.content.ContentProviderNative.onTransact(ContentProviderNative.java:112)
W/System.err( 2166): 	at android.os.Binder.execTransact(Binder.java:452)
E/DatabaseUtils( 2166): Writing exception to parcel
E/DatabaseUtils( 2166): java.lang.SecurityException: No permission to write APN settings
E/DatabaseUtils( 2166): 	at com.android.providers.telephony.TpProviderHw.checkPermission(TpProviderHw.java:1250)
E/DatabaseUtils( 2166): 	at com.android.providers.telephony.TpProviderHw.query(TpProviderHw.java:585)
E/DatabaseUtils( 2166): 	at com.android.providers.telephony.TpProviderHw.query(TpProviderHw.java:374)
E/DatabaseUtils( 2166): 	at com.android.providers.telephony.TelephonyProvider.query(TelephonyProvider.java:69)
E/DatabaseUtils( 2166): 	at android.content.ContentProvider.query(ContentProvider.java:966)
E/DatabaseUtils( 2166): 	at android.content.ContentProvider$Transport.query(ContentProvider.java:211)
E/DatabaseUtils( 2166): 	at android.content.ContentProviderNative.onTransact(ContentProviderNative.java:112)
E/DatabaseUtils( 2166): 	at android.os.Binder.execTransact(Binder.java:452)
I/System.out( 9001): [socket][14] connection appmsg.mail.qq.com/219.133.60.191:443;LocalPort=41486(15000)
I/System.out( 9001): [CDS]connect[appmsg.mail.qq.com/219.133.60.191:443] tm:15
I/SocketClient(  362): Vold: send info to framework success !!
I/System.out( 9001): [socket][/10.65.116.95:41486] connected
V/AlarmManager( 1137): set(PendingIntent{86a3d43: PendingIntentRecord{13ea1e29 com.tencent.androidqqmail startService}}) : type=2 triggerAtTime=104608126 win=0 tElapsed=104608126 maxElapsed=104608126 interval=0 standalone=true
W/System.err( 2166): java.lang.SecurityException: No permission to write APN settings
W/System.err( 2166): 	at com.android.providers.telephony.TpProviderHw.checkPermission(TpProviderHw.java:1250)
W/System.err( 2166): 	at com.android.providers.telephony.TpProviderHw.query(TpProviderHw.java:585)
W/System.err( 2166): 	at com.android.providers.telephony.TpProviderHw.query(TpProviderHw.java:374)
W/System.err( 2166): 	at com.android.providers.telephony.TelephonyProvider.query(TelephonyProvider.java:69)
W/System.err( 2166): 	at android.content.ContentProvider.query(ContentProvider.java:966)
W/System.err( 2166): 	at android.content.ContentProvider$Transport.query(ContentProvider.java:211)
W/System.err( 2166): 	at android.content.ContentProviderNative.onTransact(ContentProviderNative.java:112)
W/System.err( 2166): 	at android.os.Binder.execTransact(Binder.java:452)
E/DatabaseUtils( 2166): Writing exception to parcel
E/DatabaseUtils( 2166): java.lang.SecurityException: No permission to write APN settings
E/DatabaseUtils( 2166): 	at com.android.providers.telephony.TpProviderHw.checkPermission(TpProviderHw.java:1250)
E/DatabaseUtils( 2166): 	at com.android.providers.telephony.TpProviderHw.query(TpProviderHw.java:585)
E/DatabaseUtils( 2166): 	at com.android.providers.telephony.TpProviderHw.query(TpProviderHw.java:374)
E/DatabaseUtils( 2166): 	at com.android.providers.telephony.TelephonyProvider.query(TelephonyProvider.java:69)
E/DatabaseUtils( 2166): 	at android.content.ContentProvider.query(ContentProvider.java:966)
E/DatabaseUtils( 2166): 	at android.content.ContentProvider$Transport.query(ContentProvider.java:211)
E/DatabaseUtils( 2166): 	at android.content.ContentProviderNative.onTransact(ContentProviderNative.java:112)
E/DatabaseUtils( 2166): 	at android.os.Binder.execTransact(Binder.java:452)
D/TmoMonitor( 6969): Cache monitor msg as screen_off
D/TmoMonitor(14277): Cache monitor msg as screen_off
D/TmoMonitor(14277): Cache monitor msg as screen_off
D/TmoMonitor(14277): Cache monitor msg as screen_off
D/TmoMonitor(14277): Cache monitor msg as screen_off
D/TmoMonitor( 6969): Cache monitor msg as screen_off
D/TmoMonitor(14277): Cache monitor msg as screen_off
V/AlarmManager( 1137): set(PendingIntent{18b8afc0: PendingIntentRecord{14688c06 com.tencent.androidqqmail startService}}) : type=2 triggerAtTime=104819172 win=0 tElapsed=104819172 maxElapsed=104819172 interval=0 standalone=true
D/TmoMonitor( 6969): Cache monitor msg as screen_off
D/TmoMonitor(14277): Cache monitor msg as screen_off
D/TmoMonitor(14277): Cache monitor msg as screen_off
W/ActivityManager( 1137): getTasks: caller 10112 does not hold REAL_GET_TASKS; limiting output
V/AudioManager( 1137): isMusicActive...
V/AudioManager( 1137): isWiredHeadsetOn...
W/ActivityManager( 1137): getTasks: caller 10112 does not hold REAL_GET_TASKS; limiting output
W/ActivityManager( 1137): getTasks: caller 10112 does not hold REAL_GET_TASKS; limiting output
W/ActivityManager( 1137): getTasks: caller 10112 does not hold REAL_GET_TASKS; limiting output
D/TmoMonitor( 6969): Cache monitor msg as screen_off
D/TmoMonitor( 6969): Cache monitor msg as screen_off
D/TmoMonitor(14277): Cache monitor msg as screen_off
D/TmoMonitor(14277): Cache monitor msg as screen_off
W/SocketListener(  362): sending broadcast to Pid = 1137, Uid = 1000 
I/SocketClient(  362): Vold: send info to framework success !!
D/NetdConnector( 1137): RCV <- {613 IfaceClass idle 0 104583702979464}
D/TmoMonitor( 6969): Cache monitor msg as screen_off
D/TmoMonitor(14277): Cache monitor msg as screen_off
D/PowerManagerService( 1137): acquireWakeLockInternal: lock=135367113, flags=0x1, packageName=com.android.phone, ws=null, uid=1001, pid=2166
D/PowerManagerService( 1137): updateWakeLockSummaryLocked: mWakefulness=Asleep, mWakeLockSummary=0x1
D/PowerManagerService( 1137): updateUserActivitySummaryLocked: mWakefulness=Asleep, mUserActivitySummary=0x0, nextTimeout=0 (35141633 ms ago)
D/PowerManagerService( 1137): updateDisplayPowerStateLocked: mDisplayReady=true, policy=0, mWakefulness=0, mWakeLockSummary=0x1, mUserActivitySummary=0x0, mBootCompleted=true, mScreenBrightnessBoostInProgress=false, useProximitySensor=false, mRequestWaitForNegativeProximity=false, mBrightnessWaitModeEnabled=false
D/PowerManagerService( 1137): Acquiring suspend blocker "PowerManagerService.WakeLocks".
D/PowerManagerService( 1137): releaseWakeLockInternal: lock=135367113, flags=0x0, packageName=com.android.phone", ws=null, uid=1001, pid=2166
D/PowerManagerService( 1137): updateWakeLockSummaryLocked: mWakefulness=Asleep, mWakeLockSummary=0x0
D/PowerManagerService( 1137): updateUserActivitySummaryLocked: mWakefulness=Asleep, mUserActivitySummary=0x0, nextTimeout=0 (35141640 ms ago)
D/PowerManagerService( 1137): updateDisplayPowerStateLocked: mDisplayReady=true, policy=0, mWakefulness=0, mWakeLockSummary=0x0, mUserActivitySummary=0x0, mBootCompleted=true, mScreenBrightnessBoostInProgress=false, useProximitySensor=false, mRequestWaitForNegativeProximity=false, mBrightnessWaitModeEnabled=false
D/PowerManagerService( 1137): Releasing suspend blocker "PowerManagerService.WakeLocks".
D/PowerManagerService( 1137): acquireWakeLockInternal: lock=568924366, flags=0x1, packageName=com.android.phone, ws=null, uid=1001, pid=2166
D/PowerManagerService( 1137): updateWakeLockSummaryLocked: mWakefulness=Asleep, mWakeLockSummary=0x1
D/PowerManagerService( 1137): updateUserActivitySummaryLocked: mWakefulness=Asleep, mUserActivitySummary=0x0, nextTimeout=0 (35141642 ms ago)
D/PowerManagerService( 1137): updateDisplayPowerStateLocked: mDisplayReady=true, policy=0, mWakefulness=0, mWakeLockSummary=0x1, mUserActivitySummary=0x0, mBootCompleted=true, mScreenBrightnessBoostInProgress=false, useProximitySensor=false, mRequestWaitForNegativeProximity=false, mBrightnessWaitModeEnabled=false
D/PowerManagerService( 1137): Acquiring suspend blocker "PowerManagerService.WakeLocks".
D/PowerManagerService( 1137): releaseWakeLockInternal: lock=568924366, flags=0x0, packageName=com.android.phone", ws=null, uid=1001, pid=2166
D/PowerManagerService( 1137): updateWakeLockSummaryLocked: mWakefulness=Asleep, mWakeLockSummary=0x0
D/PowerManagerService( 1137): updateUserActivitySummaryLocked: mWakefulness=Asleep, mUserActivitySummary=0x0, nextTimeout=0 (35141646 ms ago)
D/PowerManagerService( 1137): updateDisplayPowerStateLocked: mDisplayReady=true, policy=0, mWakefulness=0, mWakeLockSummary=0x0, mUserActivitySummary=0x0, mBootCompleted=true, mScreenBrightnessBoostInProgress=false, useProximitySensor=false, mRequestWaitForNegativeProximity=false, mBrightnessWaitModeEnabled=false
D/PowerManagerService( 1137): Releasing suspend blocker "PowerManagerService.WakeLocks".
I/MobileQQCloseServiceReceiver(31668): receive broadcast close all service
W/ActivityManager( 1137): getRunningAppProcesses: caller 10129 does not hold REAL_GET_TASKS; limiting output
I/TMAssistantDownloadManager(31668): enter
I/TMAssistantDownloadManager(31668): returnValue(settingclient): com.tencent.tmdownloader.TMAssistantDownloadSettingClient@1d49357
I/TMAssistantDownloadManager(31668): exit
I/TMAssistantDownloadSettingClient(31668): enter
I/TMAssistantDownloadSDKService(10384): enter
I/TMAssistantDownloadSDKService(10384): returnValue: false
I/TMAssistantDownloadSDKService(10384): exit
I/TMAssistantDownloadSettingClient(31668): isAllDownloadFinished
I/TMAssistantDownloadSettingClient(31668): isAllDownloadFinished ret:false
I/TMAssistantDownloadSettingClient(31668): exit
I/MobileQQCloseServiceReceiver(31668): receive broadcast isAllDownloadFinished = false
D/ActivityManager( 1137): PowerFireWall scroff wakelock runnable
D/batterystats( 1137): PowerFireWall getUidWakeLock uid: 10000 wltime: 0
D/batterystats( 1137): PowerFireWall getUidWakeLock uid: 10001 wltime: 0
D/batterystats( 1137): PowerFireWall getUidWakeLock uid: 10002 wltime: 0
D/batterystats( 1137): PowerFireWall getUidWakeLock uid: 10003 wltime: 0
D/batterystats( 1137): PowerFireWall getUidWakeLock uid: 10005 wltime: 0
D/batterystats( 1137): PowerFireWall getUidWakeLock uid: 10006 wltime: 1
D/batterystats( 1137): PowerFireWall getUidWakeLock uid: 10007 wltime: 0
D/batterystats( 1137): PowerFireWall getUidWakeLock uid: 10009 wltime: 0
D/batterystats( 1137): PowerFireWall getUidWakeLock uid: 10010 wltime: 0
D/batterystats( 1137): PowerFireWall getUidWakeLock uid: 10011 wltime: 0
D/batterystats( 1137): PowerFireWall getUidWakeLock uid: 10012 wltime: 0
D/batterystats( 1137): PowerFireWall getUidWakeLock uid: 10013 wltime: 0
D/batterystats( 1137): PowerFireWall getUidWakeLock uid: 10014 wltime: 0
D/batterystats( 1137): PowerFireWall getUidWakeLock uid: 10015 wltime: 0
D/batterystats( 1137): PowerFireWall getUidWakeLock uid: 10018 wltime: 0
D/batterystats( 1137): PowerFireWall getUidWakeLock uid: 10019 wltime: 0
D/batterystats( 1137): PowerFireWall getUidWakeLock uid: 10022 wltime: 0
D/batterystats( 1137): PowerFireWall getUidWakeLock uid: 10023 wltime: 0
D/batterystats( 1137): PowerFireWall getUidWakeLock uid: 10026 wltime: 0
D/batterystats( 1137): PowerFireWall getUidWakeLock uid: 10032 wltime: 0
D/batterystats( 1137): PowerFireWall getUidWakeLock uid: 10033 wltime: 0
D/batterystats( 1137): PowerFireWall getUidWakeLock uid: 10037 wltime: 0
D/batterystats( 1137): PowerFireWall getUidWakeLock uid: 10038 wltime: 0
D/batterystats( 1137): PowerFireWall getUidWakeLock uid: 10039 wltime: 0
D/batterystats( 1137): PowerFireWall getUidWakeLock uid: 10040 wltime: 0
D/batterystats( 1137): PowerFireWall getUidWakeLock uid: 10041 wltime: 0
D/batterystats( 1137): PowerFireWall getUidWakeLock uid: 10043 wltime: 0
D/batterystats( 1137): PowerFireWall getUidWakeLock uid: 10046 wltime: 0
D/batterystats( 1137): PowerFireWall getUidWakeLock uid: 10047 wltime: 0
D/batterystats( 1137): PowerFireWall getUidWakeLock uid: 10048 wltime: 0
D/batterystats( 1137): PowerFireWall getUidWakeLock uid: 10049 wltime: 0
D/batterystats( 1137): PowerFireWall getUidWakeLock uid: 10052 wltime: 0
D/batterystats( 1137): PowerFireWall getUidWakeLock uid: 10053 wltime: 0
D/batterystats( 1137): PowerFireWall getUidWakeLock uid: 10055 wltime: 0
D/batterystats( 1137): PowerFireWall getUidWakeLock uid: 10060 wltime: 0
D/batterystats( 1137): PowerFireWall getUidWakeLock uid: 10063 wltime: 0
D/batterystats( 1137): PowerFireWall getUidWakeLock uid: 10064 wltime: 0
D/batterystats( 1137): PowerFireWall getUidWakeLock uid: 10065 wltime: 0
D/batterystats( 1137): PowerFireWall getUidWakeLock uid: 10067 wltime: 0
D/batterystats( 1137): PowerFireWall getUidWakeLock uid: 10074 wltime: 0
D/batterystats( 1137): PowerFireWall getUidWakeLock uid: 10075 wltime: 0
D/batterystats( 1137): PowerFireWall getUidWakeLock uid: 10076 wltime: 0
D/batterystats( 1137): PowerFireWall getUidWakeLock uid: 10078 wltime: 0
D/batterystats( 1137): PowerFireWall getUidWakeLock uid: 10080 wltime: 0
D/batterystats( 1137): PowerFireWall getUidWakeLock uid: 10081 wltime: 0
D/batterystats( 1137): PowerFireWall getUidWakeLock uid: 10085 wltime: 0
D/batterystats( 1137): PowerFireWall getUidWakeLock uid: 10086 wltime: 0
D/batterystats( 1137): PowerFireWall getUidWakeLock uid: 10090 wltime: 0
D/batterystats( 1137): PowerFireWall getUidWakeLock uid: 10097 wltime: 0
D/batterystats( 1137): PowerFireWall getUidWakeLock uid: 10102 wltime: 0
D/batterystats( 1137): PowerFireWall getUidWakeLock uid: 10103 wltime: 0
D/batterystats( 1137): PowerFireWall getUidWakeLock uid: 10104 wltime: 0
D/batterystats( 1137): PowerFireWall getUidWakeLock uid: 10105 wltime: 0
D/batterystats( 1137): PowerFireWall getUidWakeLock uid: 10107 wltime: 0
D/batterystats( 1137): PowerFireWall getUidWakeLock uid: 10108 wltime: 0
D/batterystats( 1137): PowerFireWall getUidWakeLock uid: 10110 wltime: 0
D/batterystats( 1137): PowerFireWall getUidWakeLock uid: 10111 wltime: 0
D/batterystats( 1137): PowerFireWall getUidWakeLock uid: 10112 wltime: 0
D/batterystats( 1137): PowerFireWall getUidWakeLock uid: 10113 wltime: 0
D/batterystats( 1137): PowerFireWall getUidWakeLock uid: 10114 wltime: 0
D/batterystats( 1137): PowerFireWall getUidWakeLock uid: 10116 wltime: 11
D/batterystats( 1137): PowerFireWall getUidWakeLock uid: 10116 wltime >= 10 mins
D/batterystats( 1137): PowerFireWall getUidWakeLock uid: 10117 wltime: 0
D/batterystats( 1137): PowerFireWall getUidWakeLock uid: 10125 wltime: 0
D/batterystats( 1137): PowerFireWall getUidWakeLock uid: 10127 wltime: 0
D/batterystats( 1137): PowerFireWall getUidWakeLock uid: 10128 wltime: 0
D/batterystats( 1137): PowerFireWall getUidWakeLock uid: 10129 wltime: 0
D/batterystats( 1137): PowerFireWall getUidWakeLock uid: 10130 wltime: 0
D/batterystats( 1137): PowerFireWall getUidWakeLock uid: 50080 wltime: 0
D/batterystats( 1137): PowerFireWall getUidWakeLock uid: 50081 wltime: 0
D/batterystats( 1137): PowerFireWall getUidWakeLock uid: 50085 wltime: 0
D/batterystats( 1137): PowerFireWall getUidWakeLock uid: 50116 wltime: 0
D/TmoMonitor( 6969): Cache monitor msg as screen_off
D/TmoMonitor( 6969): Cache monitor msg as screen_off
D/TmoMonitor(14277): Cache monitor msg as screen_off
D/TmoMonitor(14277): Cache monitor msg as screen_off
W/ActivityManager( 1137): getTasks: caller 10112 does not hold REAL_GET_TASKS; limiting output
W/ActivityManager( 1137): getRunningAppProcesses: caller 10113 does not hold REAL_GET_TASKS; limiting output
W/ActivityManager( 1137): getRunningAppProcesses: caller 10113 does not hold REAL_GET_TASKS; limiting output
D/TmoMonitor( 6969): Cache monitor msg as screen_off
D/TmoMonitor(14277): Cache monitor msg as screen_off
V/AudioManager( 1137): isMusicActive...
V/AudioManager( 1137): isWiredHeadsetOn...
W/ActivityManager( 1137): getTasks: caller 10112 does not hold REAL_GET_TASKS; limiting output
W/ActivityManager( 1137): getTasks: caller 10112 does not hold REAL_GET_TASKS; limiting output
W/ActivityManager( 1137): getTasks: caller 10112 does not hold REAL_GET_TASKS; limiting output
D/TmoMonitor( 6969): Cache monitor msg as screen_off
D/TmoMonitor( 6969): Cache monitor msg as screen_off
D/TmoMonitor(14277): Cache monitor msg as screen_off
D/TmoMonitor(14277): Cache monitor msg as screen_off
D/TmoMonitor( 6969): Cache monitor msg as screen_off
E/QMI_FW  (  513): xport_send: Sendto failed for port 6144
W/ActivityManager( 1137): getTasks: caller 10112 does not hold REAL_GET_TASKS; limiting output
V/AudioManager( 1137): isMusicActive...
V/AudioManager( 1137): isWiredHeadsetOn...
W/ActivityManager( 1137): getTasks: caller 10112 does not hold REAL_GET_TASKS; limiting output
W/ActivityManager( 1137): getTasks: caller 10112 does not hold REAL_GET_TASKS; limiting output
W/ActivityManager( 1137): getTasks: caller 10112 does not hold REAL_GET_TASKS; limiting output
D/ActivityManager( 1137): PowerFireWall calc process launch counts
D/ActivityManager( 1137): PowerFireWall curDefault IMs = com.baidu.input_huawei
D/ActivityManager( 1137): PowerFireWall calc com.huawei.android.totemweather is System App, skip
D/ActivityManager( 1137): PowerFireWall calc com.huawei.appmarket is System App, skip
D/ActivityManager( 1137): PowerFireWall calc com.android.calendar is System App, skip
D/ActivityManager( 1137): PowerFireWall calc com.android.gallery3d is System App, skip
D/ActivityManager( 1137): PowerFireWall calc com.android.browser is System App, skip
D/ActivityManager( 1137): PowerFireWall calc com.huawei.bluetooth is System App, skip
D/ActivityManager( 1137): PowerFireWall calc com.huawei.android.hwouc is System App, skip
D/ActivityManager( 1137): PowerFireWall calc com.huawei.android.hwouc is System App, skip
D/ActivityManager( 1137): PowerFireWall calc com.huawei.hwid is System App, skip
D/ActivityManager( 1137): PowerFireWall calc com.dianping.v1 is System App, skip
D/ActivityManager( 1137): PowerFireWall calc com.baidu.BaiduMap is System App, skip
D/ActivityManager( 1137): PowerFireWall calc com.example.android.notepad is System App, skip
D/ActivityManager( 1137): PowerFireWall calc com.huawei.hwvplayer is System App, skip
D/ActivityManager( 1137): PowerFireWall calc com.android.inputmethod.latin is System App, skip
D/ActivityManager( 1137): PowerFireWall calc com.android.contacts is System App, skip
D/ActivityManager( 1137): PowerFireWall calc failed to get application info
D/ActivityManager( 1137): PowerFireWall calc com.huawei.android.totemweather is System App, skip
D/ActivityManager( 1137): PowerFireWall calc com.cootek.smartdialer_oem_module is System App, skip
D/ActivityManager( 1137): PowerFireWall calc com.android.email is System App, skip
D/ActivityManager( 1137): PowerFireWall calc com.huawei.vdrive is System App, skip
D/ActivityManager( 1137): PowerFireWall calc com.android.defcontainer is System App, skip
D/ActivityManager( 1137): PowerFireWall calc failed to get application info
D/ActivityManager( 1137): PowerFireWall calc com.huawei.android.wfdft is System App, skip
D/ActivityManager( 1137): PowerFireWall calc com.huawei.phoneservice is System App, skip
D/ActivityManager( 1137): PowerFireWall calc com.iflytek.speechsuite is System App, skip
D/ActivityManager( 1137): PowerFireWall calc com.huawei.android.pushagent is System App, skip
D/ActivityManager( 1137): PowerFireWall calc com.huawei.vassistant is System App, skip
D/ActivityManager( 1137): PowerFireWall calc com.huawei.hwvplayer is System App, skip
D/ActivityManager( 1137): PowerFireWall calc failed to get application info
D/ActivityManager( 1137): PowerFireWall calc com.android.exchange is System App, skip
D/ActivityManager( 1137): PowerFireWall calc failed to get application info
D/ActivityManager( 1137): PowerFireWall calc com.huawei.android.hwouc is System App, skip
D/ActivityManager( 1137): PowerFireWall calc com.svox.pico is System App, skip
D/ActivityManager( 1137): PowerFireWall calc com.huawei.phoneservice is System App, skip
D/ActivityManager( 1137): PowerFireWall calc com.huawei.cloudwifi is System App, skip
D/ActivityManager( 1137): PowerFireWall calc com.huawei.cloudwifi is System App, skip
D/ActivityManager( 1137): PowerFireWall calc failed to get application info
D/ActivityManager( 1137): PowerFireWall calc com.huawei.motionservice is System App, skip
D/ActivityManager( 1137): PowerFireWall calc failed to get application info
D/ActivityManager( 1137): PowerFireWall calc com.huawei.android.thememanager is System App, skip
D/ActivityManager( 1137): PowerFireWall calc com.huawei.appmarket is System App, skip
D/ActivityManager( 1137): PowerFireWall calc com.huawei.camera is System App, skip
D/ActivityManager( 1137): PowerFireWall calc com.android.deskclock is System App, skip
D/ActivityManager( 1137): PowerFireWall calc com.huawei.android.hwouc is System App, skip
D/ActivityManager( 1137): PowerFireWall calc com.huawei.phoneservice is System App, skip
D/ActivityManager( 1137): PowerFireWall calc com.cootek.smartdialer_oem_module is System App, skip
D/VM_BMS  (  460): wake_lock acquired
D/VM_BMS  (  460): New BMS data - Size=56
D/VM_BMS  (  460): Start process_bms_data
D/VM_BMS  (  460): For batt_temp=202 fcc_mah=2803
D/VM_BMS  (  460): For ocv=3683051 batt_temp=202 soc=9
D/VM_BMS  (  460): fifo_count=2 acc_count=0
D/VM_BMS  (  460): INIT: ocv=3683051 last_ocv=3683051 batt_temp=202 soc=9
D/VM_BMS  (  460): For soc=9 batt_temp=202 slope=3000
D/VM_BMS  (  460): For soc=9 batt_temp=202 rbatt_sf=150
D/VM_BMS  (  460): rbatt_mohm_default=145, rbatt_mohm=217, sf=150 batt_temp=202
D/VM_BMS  (  460): For ocv=3683181 batt_temp=202 soc=9
D/VM_BMS  (  460): FIFO=0 fifo_avg=3.789144 rbatt=0.217000 slope=0.300000 ibatt=-0.488608 ocv=3.683181 soc=9 fcc_ah=2.803000 sample_count=128 sample_interval=70 seq_num=9607
D/VM_BMS  (  460): For soc=9 batt_temp=202 slope=3000
D/VM_BMS  (  460): For soc=9 batt_temp=202 rbatt_sf=150
D/VM_BMS  (  460): rbatt_mohm_default=145, rbatt_mohm=217, sf=150 batt_temp=202
D/VM_BMS  (  460): For ocv=3683321 batt_temp=202 soc=9
D/VM_BMS  (  460): FIFO=1 fifo_avg=3.797679 rbatt=0.217000 slope=0.300000 ibatt=-0.527316 ocv=3.683321 soc=9 fcc_ah=2.803000 sample_count=128 sample_interval=70 seq_num=9607
I/VM_BMS  (  460): power_supply_update: ocv_uv=3683321 ibatt=-527316 soc=9 seq_num=9607
D/VM_BMS  (  460): End process_bms_data
D/VM_BMS  (  460): wake_lock released
W/ActivityManager( 1137): getRunningAppProcesses: caller 10129 does not hold REAL_GET_TASKS; limiting output
I/MobileQQCloseServiceReceiver(31668): receive broadcast close all service
I/TMAssistantDownloadManager(31668): enter
I/TMAssistantDownloadManager(31668): returnValue(settingclient): com.tencent.tmdownloader.TMAssistantDownloadSettingClient@1d49357
I/TMAssistantDownloadManager(31668): exit
I/TMAssistantDownloadSettingClient(31668): enter
I/TMAssistantDownloadSDKService(10384): enter
I/TMAssistantDownloadSDKService(10384): returnValue: false
I/TMAssistantDownloadSDKService(10384): exit
I/TMAssistantDownloadSettingClient(31668): isAllDownloadFinished
I/TMAssistantDownloadSettingClient(31668): isAllDownloadFinished ret:false
I/TMAssistantDownloadSettingClient(31668): exit
I/MobileQQCloseServiceReceiver(31668): receive broadcast isAllDownloadFinished = false
W/ActivityManager( 1137): getRunningAppProcesses: caller 10129 does not hold REAL_GET_TASKS; limiting output
W/ActivityManager( 1137): getTasks: caller 10112 does not hold REAL_GET_TASKS; limiting output
I/System.out(31549): [CDS]EAGAIN in Recvfrom
I/System.out(31549): [CDS]read byte is 0
I/System.out(31549): [CDS]rx timeout:10000
I/System.out(31549): [CDS]rx timeout:30000
V/AudioManager( 1137): isMusicActive...
V/AudioManager( 1137): isWiredHeadsetOn...
W/ActivityManager( 1137): getTasks: caller 10112 does not hold REAL_GET_TASKS; limiting output
W/ActivityManager( 1137): getTasks: caller 10112 does not hold REAL_GET_TASKS; limiting output
W/ActivityManager( 1137): getTasks: caller 10112 does not hold REAL_GET_TASKS; limiting output
I/System.out( 9578): [CDS]close[34377]
I/System.out( 9578): close [socket][/0.0.0.0:34377]
I/System.out( 9578): [CDS]close[36201]
I/System.out( 9578): close [socket][/0.0.0.0:36201]
W/SocketListener(  362): sending broadcast to Pid = 1137, Uid = 1000 
I/SocketClient(  362): Vold: send info to framework success !!
D/NetdConnector( 1137): RCV <- {613 IfaceClass active 0 104598706435500}
V/AlarmManager( 1137): set(PendingIntent{3aaf84f9: PendingIntentRecord{18172a05 com.eg.android.AlipayGphone broadcastIntent}}) : type=0 triggerAtTime=1479805548999 win=0 tElapsed=104868811 maxElapsed=104868811 interval=0 standalone=true
V/AlarmManager( 1137): set(PendingIntent{8d5ac3e: PendingIntentRecord{18172a05 com.eg.android.AlipayGphone broadcastIntent}}) : type=0 triggerAtTime=1479805549169 win=0 tElapsed=104868981 maxElapsed=104868981 interval=0 standalone=true
V/UsbDeviceManager( 1137): power_state is false usb_state is false
D/HwLocationPowerTracker( 1137): ACTION_BATTERY_CHANGED pluggedType: 2
D/WifiController( 1137): handleMessage: E msg.what=155652
D/WifiController( 1137): processMsg: ApStaDisabledState
D/WifiController( 1137): processMsg: DefaultState
D/WifiController( 1137): DefaultState{ when=0 what=155652 arg1=2 target=com.android.internal.util.StateMachine$SmHandler }
D/WifiController( 1137): handleMessage: X
D/PowerManagerService( 1137): updateIsPoweredLocked: wasPowered=true, mIsPowered=true, oldPlugType=2, mPlugType=2, mBatteryLevel=7
V/UsbDeviceManager( 1137): mBatteryChangedReceiver plugType is 2
D/WifiService( 1137): onReceive, action:android.intent.action.BATTERY_CHANGED
D/WifiService( 1137): ACTION_BATTERY_CHANGED pluggedType: 2
D/WifiController( 1137): battery changed pluggedType: 2
D/WifiController( 1137): wifiSleepPolicy:1
D/WifiController( 1137): wifiSleepPolicy:1
D/KeyguardUpdateMonitor( 2120): received broadcast android.intent.action.BATTERY_CHANGED
D/KeyguardUpdateMonitor( 2120): handleBatteryUpdate
I/HwSystemManager( 1838): BgPowerManagerService:BgPowerManagerSerivce plugged =2 currentThreshold = 0 mRawLevel = 7mLastRawLevel7
I/HwSystemManager( 1838): BgPowerManagerService: mTimes = 30768 firstTime = 104568809 firstmBatteryCapacity =211
D/HwPowerMonitor.Utils( 2189): ScrOff setChargingState mIsCharging = true
I/HwPowerMonitor.PowerExceptionObservable( 2189): unhandled onEvent actionID: 3002
D/NotificationService( 1137): cancelNotificationWithTag pid 9578,uid = 1001,tag = null,pkg =com.huawei.android.ds
D/NotificationService( 1137): cancelNotificationWithTag pid 1743,uid = 10023,tag = low_battery,pkg =com.android.systemui
V/AlarmManager( 1137): Alarm triggering (type 0 or 2): [Alarm{385907ec type 2 when 104600337 android}]
V/AlarmManager( 1137): sending alarm Alarm{2ada77b5 type 3 when 104579812 android},repeatInterval = 0,action=android.intent.action.TIME_TICK
D/PowerManagerService( 1137): acquireWakeLockInternal: lock=457413441, flags=0x40000001, packageName=android, ws=WorkSource{1000}, uid=1000, pid=1137
D/PowerManagerService( 1137): updateWakeLockSummaryLocked: mWakefulness=Asleep, mWakeLockSummary=0x1
D/PowerManagerService( 1137): updateUserActivitySummaryLocked: mWakefulness=Asleep, mUserActivitySummary=0x0, nextTimeout=0 (35157456 ms ago)
D/PowerManagerService( 1137): updateDisplayPowerStateLocked: mDisplayReady=true, policy=0, mWakefulness=0, mWakeLockSummary=0x1, mUserActivitySummary=0x0, mBootCompleted=true, mScreenBrightnessBoostInProgress=false, useProximitySensor=false, mRequestWaitForNegativeProximity=false, mBrightnessWaitModeEnabled=false
V/AlarmManager( 1137): Received TIME_TICK alarm; rescheduling
D/PowerManagerService( 1137): Acquiring suspend blocker "PowerManagerService.WakeLocks".
V/AlarmManager( 1137): sending alarm Alarm{1a7c4e4a type 3 when 104597438 android},repeatInterval = 0,action=android.content.jobscheduler.JOB_DEADLINE_EXPIRED
V/AlarmManager( 1137): sending alarm Alarm{385907ec type 2 when 104600337 android},repeatInterval = 0,action=android.server.trust.TRUST_EXPIRED_ACTION
I/HwLauncher( 2233): Model  onReceive intent=Intent { act=android.intent.action.TIME_TICK flg=0x50000014 (has extras) }
I/HwLauncher( 2233): Model  onReceive user=UserHandle{0}
I/TimeManager( 1743): receiver action = android.intent.action.TIME_TICK
I/KeyguardHostView( 2120): KeyguardUpdatMonitor onTrustManagedChanged managed=true
I/KeyguardHostView( 2120): KeyguardUpdatMonitor onTrustChanged enabled=false,initiatedByUser=false
D/TimeManager( 1743): screen is off, not send .
I/TimeManager( 1743): hand message 1
I/TimeManager( 1743): notify time change. size = 2
D/TimeLayout( 1743): updateTime(TextView)
D/TimeLayout( 1743): updateTime()
I/TimeLayout( 1743): time = 17:01
D/TimeLayout( 1743): mDateView is null
D/TimeLayout( 1743): mWeekView is null
D/TimeLayout( 1743): updateTime(TextView)
D/TimeLayout( 1743): is24 = true
D/TimeLayout( 1743): updateAmpm()
I/TimeLayout( 1743): updateDate date = 2016/11/22
I/TimeLayout( 1743): weekDay = 
D/KeyguardUpdateMonitor( 2120): mTimeChangeBroadcastReceiver received broadcast android.intent.action.TIME_TICK
D/KeyguardUpdateMonitor( 2120): handleTimeUpdate
W/ResourceType( 2120): No known package when getting value for resource number 0xffffffff
W/ResourceType( 2120): No known package when getting value for resource number 0xffffffff
W/ResourceType( 2120): No known package when getting value for resource number 0xffffffff
W/ResourceType( 2120): No known package when getting value for resource number 0xffffffff
I/ActivityManager( 1137): Start proc 5439:com.dianping.v1:dppushservice/u0a86 for service com.dianping.v1/com.dianping.base.push.pushservice.PushWakeUpJob
D/PowerManagerService( 1137): releaseWakeLockInternal: lock=457413441, flags=0x0, packageName=android", ws=WorkSource{1000}, uid=1000, pid=1137
D/PowerManagerService( 1137): updateWakeLockSummaryLocked: mWakefulness=Asleep, mWakeLockSummary=0x0
D/PowerManagerService( 1137): updateUserActivitySummaryLocked: mWakefulness=Asleep, mUserActivitySummary=0x0, nextTimeout=0 (35157594 ms ago)
D/PowerManagerService( 1137): updateDisplayPowerStateLocked: mDisplayReady=true, policy=0, mWakefulness=0, mWakeLockSummary=0x0, mUserActivitySummary=0x0, mBootCompleted=true, mScreenBrightnessBoostInProgress=false, useProximitySensor=false, mRequestWaitForNegativeProximity=false, mBrightnessWaitModeEnabled=false
D/PowerManagerService( 1137): Releasing suspend blocker "PowerManagerService.WakeLocks".
D/ActivityThread( 5439): ActivityThread,attachApplication
D/ActivityManager( 1137): ActivityManagerService,attachApplication,callingPid = 5439
V/ActivityManager( 1137): New app record ProcessRecord{2487da31 5439:com.dianping.v1:dppushservice/u0a86} thread=android.os.BinderProxy@25390516 pid=5439
D/ActivityManager( 1137): ActivityStackSupervisor,attachApplicationLocked
D/DisplayManager( 5439):  registerCallbackIfNeededLocked mCallback == null 
W/ResourcesManager( 5439): Asset path '/system/framework/com.google.android.maps.jar' does not exist or contains no resources.
I/HwCust  ( 5439): Constructor found for class android.app.HwCustApplicationPackageManagerImpl
D/HwCust  ( 5439): Create obj success use class android.app.HwCustApplicationPackageManagerImpl
V/HwCustBaseWifiFactory( 5439): fwk cust use huawei cust factory
D/WifiManager( 5439): Enter init, sThreadRefCount:0
D/WifiManager( 5439): Create WifiManager handlerthread
D/WifiService( 1137): getWifiServiceMessenger, pid:5439, uid:10086
D/WifiService( 1137): New client listening to asynchronous messages
W/ActivityManager( 1137): getRunningAppProcesses: caller 10086 does not hold REAL_GET_TASKS; limiting output
W/ActivityManager( 1137): getRunningAppProcesses: caller 10086 does not hold REAL_GET_TASKS; limiting output
D/NovaMainApplication( 5439): myProcessName = com.dianping.v1:dppushservice false 
W/ActivityManager( 1137): getRunningAppProcesses: caller 10086 does not hold REAL_GET_TASKS; limiting output
